###############################################################################
#                                                                             #
# IAR ELF Linker V6.10.1.52143/W32 for ARM              15/May/2023  14:34:50 #
# Copyright 2007-2010 IAR Systems AB.                                         #
#                                                                             #
#    Output file  =  F:\gndd\EXP_GND_CTRL_PROJECT_V2_0_12\Project\EWARMv5_IAP #
#                    \STM3210C-EVAL\Exe\STM3210C-EVAL.out                     #
#    Map file     =  F:\gndd\EXP_GND_CTRL_PROJECT_V2_0_12\Project\EWARMv5_IAP #
#                    \STM3210C-EVAL\List\STM3210C-EVAL.map                    #
#    Command line =  F:\gndd\EXP_GND_CTRL_PROJECT_V2_0_12\Project\EWARMv5_IAP #
#                    \STM3210C-EVAL\Obj\TCPclient.o                           #
#                    F:\gndd\EXP_GND_CTRL_PROJECT_V2_0_12\Project\EWARMv5_IAP #
#                    \STM3210C-EVAL\Obj\api_lib.o                             #
#                    F:\gndd\EXP_GND_CTRL_PROJECT_V2_0_12\Project\EWARMv5_IAP #
#                    \STM3210C-EVAL\Obj\api_msg.o                             #
#                    F:\gndd\EXP_GND_CTRL_PROJECT_V2_0_12\Project\EWARMv5_IAP #
#                    \STM3210C-EVAL\Obj\autoip.o                              #
#                    F:\gndd\EXP_GND_CTRL_PROJECT_V2_0_12\Project\EWARMv5_IAP #
#                    \STM3210C-EVAL\Obj\core_cm3.o                            #
#                    F:\gndd\EXP_GND_CTRL_PROJECT_V2_0_12\Project\EWARMv5_IAP #
#                    \STM3210C-EVAL\Obj\delay.o F:\gndd\EXP_GND_CTRL_PROJECT_ #
#                    V2_0_12\Project\EWARMv5_IAP\STM3210C-EVAL\Obj\dhcp.o     #
#                    F:\gndd\EXP_GND_CTRL_PROJECT_V2_0_12\Project\EWARMv5_IAP #
#                    \STM3210C-EVAL\Obj\err.o F:\gndd\EXP_GND_CTRL_PROJECT_V2 #
#                    _0_12\Project\EWARMv5_IAP\STM3210C-EVAL\Obj\etharp.o     #
#                    F:\gndd\EXP_GND_CTRL_PROJECT_V2_0_12\Project\EWARMv5_IAP #
#                    \STM3210C-EVAL\Obj\ethernetif.o                          #
#                    F:\gndd\EXP_GND_CTRL_PROJECT_V2_0_12\Project\EWARMv5_IAP #
#                    \STM3210C-EVAL\Obj\fun.o F:\gndd\EXP_GND_CTRL_PROJECT_V2 #
#                    _0_12\Project\EWARMv5_IAP\STM3210C-EVAL\Obj\icmp.o       #
#                    F:\gndd\EXP_GND_CTRL_PROJECT_V2_0_12\Project\EWARMv5_IAP #
#                    \STM3210C-EVAL\Obj\igmp.o F:\gndd\EXP_GND_CTRL_PROJECT_V #
#                    2_0_12\Project\EWARMv5_IAP\STM3210C-EVAL\Obj\inet.o      #
#                    F:\gndd\EXP_GND_CTRL_PROJECT_V2_0_12\Project\EWARMv5_IAP #
#                    \STM3210C-EVAL\Obj\inet_chksum.o                         #
#                    F:\gndd\EXP_GND_CTRL_PROJECT_V2_0_12\Project\EWARMv5_IAP #
#                    \STM3210C-EVAL\Obj\init.o F:\gndd\EXP_GND_CTRL_PROJECT_V #
#                    2_0_12\Project\EWARMv5_IAP\STM3210C-EVAL\Obj\ip.o        #
#                    F:\gndd\EXP_GND_CTRL_PROJECT_V2_0_12\Project\EWARMv5_IAP #
#                    \STM3210C-EVAL\Obj\ip_addr.o                             #
#                    F:\gndd\EXP_GND_CTRL_PROJECT_V2_0_12\Project\EWARMv5_IAP #
#                    \STM3210C-EVAL\Obj\ip_frag.o                             #
#                    F:\gndd\EXP_GND_CTRL_PROJECT_V2_0_12\Project\EWARMv5_IAP #
#                    \STM3210C-EVAL\Obj\main.o F:\gndd\EXP_GND_CTRL_PROJECT_V #
#                    2_0_12\Project\EWARMv5_IAP\STM3210C-EVAL\Obj\mem.o       #
#                    F:\gndd\EXP_GND_CTRL_PROJECT_V2_0_12\Project\EWARMv5_IAP #
#                    \STM3210C-EVAL\Obj\memp.o F:\gndd\EXP_GND_CTRL_PROJECT_V #
#                    2_0_12\Project\EWARMv5_IAP\STM3210C-EVAL\Obj\misc.o      #
#                    F:\gndd\EXP_GND_CTRL_PROJECT_V2_0_12\Project\EWARMv5_IAP #
#                    \STM3210C-EVAL\Obj\netbuf.o                              #
#                    F:\gndd\EXP_GND_CTRL_PROJECT_V2_0_12\Project\EWARMv5_IAP #
#                    \STM3210C-EVAL\Obj\netconf.o                             #
#                    F:\gndd\EXP_GND_CTRL_PROJECT_V2_0_12\Project\EWARMv5_IAP #
#                    \STM3210C-EVAL\Obj\netdb.o F:\gndd\EXP_GND_CTRL_PROJECT_ #
#                    V2_0_12\Project\EWARMv5_IAP\STM3210C-EVAL\Obj\netif.o    #
#                    F:\gndd\EXP_GND_CTRL_PROJECT_V2_0_12\Project\EWARMv5_IAP #
#                    \STM3210C-EVAL\Obj\netifapi.o                            #
#                    F:\gndd\EXP_GND_CTRL_PROJECT_V2_0_12\Project\EWARMv5_IAP #
#                    \STM3210C-EVAL\Obj\pbuf.o F:\gndd\EXP_GND_CTRL_PROJECT_V #
#                    2_0_12\Project\EWARMv5_IAP\STM3210C-EVAL\Obj\raw.o       #
#                    F:\gndd\EXP_GND_CTRL_PROJECT_V2_0_12\Project\EWARMv5_IAP #
#                    \STM3210C-EVAL\Obj\speed_ctrl.o                          #
#                    F:\gndd\EXP_GND_CTRL_PROJECT_V2_0_12\Project\EWARMv5_IAP #
#                    \STM3210C-EVAL\Obj\startup_stm32f10x_cl.o                #
#                    F:\gndd\EXP_GND_CTRL_PROJECT_V2_0_12\Project\EWARMv5_IAP #
#                    \STM3210C-EVAL\Obj\stats.o F:\gndd\EXP_GND_CTRL_PROJECT_ #
#                    V2_0_12\Project\EWARMv5_IAP\STM3210C-EVAL\Obj\stm32_eth. #
#                    o F:\gndd\EXP_GND_CTRL_PROJECT_V2_0_12\Project\EWARMv5_I #
#                    AP\STM3210C-EVAL\Obj\stm32f107.o                         #
#                    F:\gndd\EXP_GND_CTRL_PROJECT_V2_0_12\Project\EWARMv5_IAP #
#                    \STM3210C-EVAL\Obj\stm32f10x_adc.o                       #
#                    F:\gndd\EXP_GND_CTRL_PROJECT_V2_0_12\Project\EWARMv5_IAP #
#                    \STM3210C-EVAL\Obj\stm32f10x_bkp.o                       #
#                    F:\gndd\EXP_GND_CTRL_PROJECT_V2_0_12\Project\EWARMv5_IAP #
#                    \STM3210C-EVAL\Obj\stm32f10x_dma.o                       #
#                    F:\gndd\EXP_GND_CTRL_PROJECT_V2_0_12\Project\EWARMv5_IAP #
#                    \STM3210C-EVAL\Obj\stm32f10x_exti.o                      #
#                    F:\gndd\EXP_GND_CTRL_PROJECT_V2_0_12\Project\EWARMv5_IAP #
#                    \STM3210C-EVAL\Obj\stm32f10x_flash.o                     #
#                    F:\gndd\EXP_GND_CTRL_PROJECT_V2_0_12\Project\EWARMv5_IAP #
#                    \STM3210C-EVAL\Obj\stm32f10x_gpio.o                      #
#                    F:\gndd\EXP_GND_CTRL_PROJECT_V2_0_12\Project\EWARMv5_IAP #
#                    \STM3210C-EVAL\Obj\stm32f10x_i2c.o                       #
#                    F:\gndd\EXP_GND_CTRL_PROJECT_V2_0_12\Project\EWARMv5_IAP #
#                    \STM3210C-EVAL\Obj\stm32f10x_it.o                        #
#                    F:\gndd\EXP_GND_CTRL_PROJECT_V2_0_12\Project\EWARMv5_IAP #
#                    \STM3210C-EVAL\Obj\stm32f10x_pwr.o                       #
#                    F:\gndd\EXP_GND_CTRL_PROJECT_V2_0_12\Project\EWARMv5_IAP #
#                    \STM3210C-EVAL\Obj\stm32f10x_rcc.o                       #
#                    F:\gndd\EXP_GND_CTRL_PROJECT_V2_0_12\Project\EWARMv5_IAP #
#                    \STM3210C-EVAL\Obj\stm32f10x_rtc.o                       #
#                    F:\gndd\EXP_GND_CTRL_PROJECT_V2_0_12\Project\EWARMv5_IAP #
#                    \STM3210C-EVAL\Obj\stm32f10x_spi.o                       #
#                    F:\gndd\EXP_GND_CTRL_PROJECT_V2_0_12\Project\EWARMv5_IAP #
#                    \STM3210C-EVAL\Obj\stm32f10x_tim.o                       #
#                    F:\gndd\EXP_GND_CTRL_PROJECT_V2_0_12\Project\EWARMv5_IAP #
#                    \STM3210C-EVAL\Obj\stm32f10x_usart.o                     #
#                    F:\gndd\EXP_GND_CTRL_PROJECT_V2_0_12\Project\EWARMv5_IAP #
#                    \STM3210C-EVAL\Obj\sys.o F:\gndd\EXP_GND_CTRL_PROJECT_V2 #
#                    _0_12\Project\EWARMv5_IAP\STM3210C-EVAL\Obj\system_stm32 #
#                    f10x.o F:\gndd\EXP_GND_CTRL_PROJECT_V2_0_12\Project\EWAR #
#                    Mv5_IAP\STM3210C-EVAL\Obj\tcp.o                          #
#                    F:\gndd\EXP_GND_CTRL_PROJECT_V2_0_12\Project\EWARMv5_IAP #
#                    \STM3210C-EVAL\Obj\tcp_in.o                              #
#                    F:\gndd\EXP_GND_CTRL_PROJECT_V2_0_12\Project\EWARMv5_IAP #
#                    \STM3210C-EVAL\Obj\tcp_out.o                             #
#                    F:\gndd\EXP_GND_CTRL_PROJECT_V2_0_12\Project\EWARMv5_IAP #
#                    \STM3210C-EVAL\Obj\tcpip.o F:\gndd\EXP_GND_CTRL_PROJECT_ #
#                    V2_0_12\Project\EWARMv5_IAP\STM3210C-EVAL\Obj\timExti.o  #
#                    F:\gndd\EXP_GND_CTRL_PROJECT_V2_0_12\Project\EWARMv5_IAP #
#                    \STM3210C-EVAL\Obj\udp.o F:\gndd\EXP_GND_CTRL_PROJECT_V2 #
#                    _0_12\Project\EWARMv5_IAP\STM3210C-EVAL\Obj\usart.o -o   #
#                    F:\gndd\EXP_GND_CTRL_PROJECT_V2_0_12\Project\EWARMv5_IAP #
#                    \STM3210C-EVAL\Exe\STM3210C-EVAL.out --map               #
#                    F:\gndd\EXP_GND_CTRL_PROJECT_V2_0_12\Project\EWARMv5_IAP #
#                    \STM3210C-EVAL\List\STM3210C-EVAL.map --config           #
#                    F:\gndd\EXP_GND_CTRL_PROJECT_V2_0_12\Project\EWARMv5_IAP #
#                    \STM32F10x_FLASH.icf --semihosting --entry               #
#                    __iar_program_start                                      #
#                                                                             #
#                                                                             #
###############################################################################

*******************************************************************************
*** RUNTIME MODEL ATTRIBUTES
***

CppFlavor       = *
__SystemLibrary = DLib


*******************************************************************************
*** PLACEMENT SUMMARY
***

"A1":  place at 0x08010000 { ro section .intvec };
"P1":  place in [from 0x08008000 to 0x0803ffff] { ro };
"P2":  place in [from 0x20000000 to 0x2000ffff] { rw, block CSTACK, block HEAP };

  Section            Kind        Address    Size  Object
  -------            ----        -------    ----  ------
"A1":                                      0x150
  .intvec            ro code  0x08010000   0x150  startup_stm32f10x_cl.o [1]
                            - 0x08010150   0x150

"P1":                                     0x9a10
  .text              ro code  0x08010150  0x135c  tcp_in.o [1]
  .text              ro code  0x080114ac    0x36  inet.o [1]
  .text              ro code  0x080114e2   0x576  pbuf.o [1]
  .text              ro code  0x08011a58    0x54  ip_addr.o [1]
  .text              ro code  0x08011aac   0x83c  tcp.o [1]
  .text              ro code  0x080122e8    0xe4  memp.o [1]
  .text              ro code  0x080123cc   0xa46  tcp_out.o [1]
  .text              ro code  0x08012e12    0x2e  copy_init3.o [5]
  .text              ro code  0x08012e40   0x364  mem.o [1]
  .text              ro code  0x080131a4     0xe  tcp_out.o [1]
  .text              ro code  0x080131b2    0x14  udp.o [1]
  .text              ro code  0x080131c6    0x22  zero_init3.o [5]
  .text              ro code  0x080131e8   0x368  ip.o [1]
  .text              ro code  0x08013550    0x70  ABImemcpy.o [5]
  .text              ro code  0x080135c0    0x66  ABImemset.o [5]
  .text              ro code  0x08013628   0x140  netif.o [1]
  .text              ro code  0x08013768   0x5d8  ip_frag.o [1]
  .text              ro code  0x08013d40    0x88  raw.o [1]
  .text              ro code  0x08013dc8   0x3ec  udp.o [1]
  .text              ro code  0x080141b4   0x1f8  icmp.o [1]
  .text              ro code  0x080143ac   0xa1c  etharp.o [1]
  .text              ro code  0x08014dc8    0xac  inet_chksum.o [1]
  .text              ro code  0x08014e74   0x9d4  speed_ctrl.o [1]
  .text              ro code  0x08015848   0x654  usart.o [1]
  .text              ro code  0x08015e9c    0x30  I32ToFlt.o [4]
  .text              ro code  0x08015ecc    0xd8  FltMul.o [4]
  .text              ro code  0x08015fa4    0x44  FltToS32.o [4]
  .text              ro code  0x08015fe8    0xfc  FltDiv.o [4]
  .text              ro code  0x080160e4    0xe2  FltSub.o [4]
  .text              ro code  0x080161c8    0x4e  FltToDbl.o [4]
  .text              ro code  0x08016218    0x2e  DblCmpGe.o [4]
  .text              ro code  0x08016248    0x1c  FltCmpEq.o [4]
  .text              ro code  0x08016264    0x2e  DblCmpLe.o [4]
  .text              ro code  0x08016294    0x24  FltCmpGe.o [4]
  .text              ro code  0x080162b8    0x82  FltAdd.o [4]
  .text              ro code  0x0801633c    0x24  FltCmpLe.o [4]
  .text              ro code  0x08016360    0x2e  I32ToDbl.o [4]
  .text              ro code  0x08016390   0x1a2  DblMul.o [4]
  .text              ro code  0x08016534    0xe6  DblAdd.o [4]
  .text              ro code  0x0801661c    0x56  DblToI32.o [4]
  .text              ro code  0x08016674   0x1d8  stm32f10x_gpio.o [1]
  .text              ro code  0x0801684c    0xcc  stm32f10x_usart.o [1]
  .text              ro code  0x08016918   0x1b8  stm32f10x_dma.o [1]
  .text              ro code  0x08016ad0   0x77a  fun.o [1]
  .text              ro code  0x0801724c   0x246  DblDiv.o [4]
  .text              ro code  0x08017494   0x17e  DblSub.o [4]
  .text              ro code  0x08017614   0x1c4  stm32f10x_rcc.o [1]
  .text              ro code  0x080177d8    0x20  stm32f10x_bkp.o [1]
  .text              ro code  0x080177f8   0x2cc  timExti.o [1]
  .text              ro code  0x08017ac4    0xca  stm32f10x_tim.o [1]
  .text              ro code  0x08017b90   0x89a  stm32f107.o [1]
  .text              ro code  0x0801842c    0xc8  stm32f10x_exti.o [1]
  .text              ro code  0x080184f4   0x198  system_stm32f10x.o [1]
  .text              ro code  0x0801868c   0x194  main.o [1]
  .text              ro code  0x08018820   0x70a  stm32_eth.o [1]
  .text              ro code  0x08018f2c    0x98  misc.o [1]
  .text              ro code  0x08018fc4    0xd4  netconf.o [1]
  .text              ro code  0x08019098   0x3e8  TCPclient.o [1]
  .text              ro code  0x08019480   0x2d0  ethernetif.o [1]
  .text              ro code  0x08019750   0x1f0  stm32f10x_it.o [1]
  .text              ro code  0x08019940    0x30  iarttio.o [6]
  .text              ro code  0x08019970     0x8  XShttio.o [3]
  .text              ro code  0x08019978    0x2c  data_init3.o [5]
  .iar.init_table    const    0x080199a4    0x24  - Linker created -
  .text              ro code  0x080199c8    0x16  cmain.o [5]
  .text              ro code  0x080199de     0x4  low_level_init.o [3]
  .text              ro code  0x080199e2     0x8  exit.o [3]
  .text              ro code  0x080199ec     0xa  cexit.o [5]
  .text              ro code  0x080199f8    0x14  exit.o [6]
  .text              ro code  0x08019a0c     0xc  cstartup_M.o [5]
  .text              ro code  0x08019a18     0x4  startup_stm32f10x_cl.o [1]
  .text              ro code  0x08019a1c     0x4  startup_stm32f10x_cl.o [1]
  .text              ro code  0x08019a20     0x4  startup_stm32f10x_cl.o [1]
  .text              ro code  0x08019a24     0x4  startup_stm32f10x_cl.o [1]
  .text              ro code  0x08019a28     0x4  startup_stm32f10x_cl.o [1]
  .text              ro code  0x08019a2c     0x4  startup_stm32f10x_cl.o [1]
  .text              ro code  0x08019a30     0x4  startup_stm32f10x_cl.o [1]
  .text              ro code  0x08019a34     0x4  startup_stm32f10x_cl.o [1]
  .text              ro code  0x08019a38     0x4  startup_stm32f10x_cl.o [1]
  .text              ro code  0x08019a3c     0x4  startup_stm32f10x_cl.o [1]
  .text              ro code  0x08019a40     0x4  startup_stm32f10x_cl.o [1]
  .text              ro code  0x08019a44     0x4  startup_stm32f10x_cl.o [1]
  .text              ro code  0x08019a48     0x4  startup_stm32f10x_cl.o [1]
  .text              ro code  0x08019a4c     0x4  startup_stm32f10x_cl.o [1]
  .text              ro code  0x08019a50     0x4  startup_stm32f10x_cl.o [1]
  .text              ro code  0x08019a54     0x4  startup_stm32f10x_cl.o [1]
  .text              ro code  0x08019a58     0x4  startup_stm32f10x_cl.o [1]
  .text              ro code  0x08019a5c     0x4  startup_stm32f10x_cl.o [1]
  .text              ro code  0x08019a60     0x4  startup_stm32f10x_cl.o [1]
  .text              ro code  0x08019a64     0x4  startup_stm32f10x_cl.o [1]
  .text              ro code  0x08019a68     0x4  startup_stm32f10x_cl.o [1]
  .text              ro code  0x08019a6c     0x4  startup_stm32f10x_cl.o [1]
  .text              ro code  0x08019a70     0x4  startup_stm32f10x_cl.o [1]
  .text              ro code  0x08019a74     0x4  startup_stm32f10x_cl.o [1]
  .text              ro code  0x08019a78     0x4  startup_stm32f10x_cl.o [1]
  .text              ro code  0x08019a7c     0x4  startup_stm32f10x_cl.o [1]
  .text              ro code  0x08019a80     0x4  startup_stm32f10x_cl.o [1]
  .text              ro code  0x08019a84     0x4  startup_stm32f10x_cl.o [1]
  .text              ro code  0x08019a88     0x4  startup_stm32f10x_cl.o [1]
  .text              ro code  0x08019a8c     0x4  startup_stm32f10x_cl.o [1]
  .text              ro code  0x08019a90     0x4  startup_stm32f10x_cl.o [1]
  .text              ro code  0x08019a94     0x4  startup_stm32f10x_cl.o [1]
  .text              ro code  0x08019a98     0x4  startup_stm32f10x_cl.o [1]
  .text              ro code  0x08019a9c     0x4  startup_stm32f10x_cl.o [1]
  .text              ro code  0x08019aa0     0x4  startup_stm32f10x_cl.o [1]
  .text              ro code  0x08019aa4     0x4  startup_stm32f10x_cl.o [1]
  .text              ro code  0x08019aa8     0x4  startup_stm32f10x_cl.o [1]
  .text              ro code  0x08019aac     0x4  startup_stm32f10x_cl.o [1]
  .text              ro code  0x08019ab0     0x4  startup_stm32f10x_cl.o [1]
  .text              ro code  0x08019ab4     0x4  startup_stm32f10x_cl.o [1]
  .text              ro code  0x08019ab8     0x4  startup_stm32f10x_cl.o [1]
  .text              ro code  0x08019abc     0x4  startup_stm32f10x_cl.o [1]
  .text              ro code  0x08019ac0     0x4  startup_stm32f10x_cl.o [1]
  .text              ro code  0x08019ac4     0x4  startup_stm32f10x_cl.o [1]
  .text              ro code  0x08019ac8     0x4  startup_stm32f10x_cl.o [1]
  .text              ro code  0x08019acc     0x4  startup_stm32f10x_cl.o [1]
  .text              ro code  0x08019ad0     0x4  startup_stm32f10x_cl.o [1]
  .text              ro code  0x08019ad4     0x4  startup_stm32f10x_cl.o [1]
  .text              ro code  0x08019ad8     0x4  startup_stm32f10x_cl.o [1]
  .text              ro code  0x08019adc     0x4  startup_stm32f10x_cl.o [1]
  .text              ro code  0x08019ae0     0x4  startup_stm32f10x_cl.o [1]
  .text              ro code  0x08019ae4     0x4  startup_stm32f10x_cl.o [1]
  .text              ro code  0x08019ae8     0x4  startup_stm32f10x_cl.o [1]
  .text              ro code  0x08019aec     0x4  startup_stm32f10x_cl.o [1]
  .text              ro code  0x08019af0     0x4  startup_stm32f10x_cl.o [1]
  .text              ro code  0x08019af4     0x4  startup_stm32f10x_cl.o [1]
  .text              ro code  0x08019af8     0x4  startup_stm32f10x_cl.o [1]
  .text              ro code  0x08019afc     0x4  startup_stm32f10x_cl.o [1]
  .text              ro code  0x08019b00     0x4  startup_stm32f10x_cl.o [1]
  .text              ro code  0x08019b04     0x4  startup_stm32f10x_cl.o [1]
  .text              ro code  0x08019b08     0x4  startup_stm32f10x_cl.o [1]
  .text              ro code  0x08019b0c     0x4  startup_stm32f10x_cl.o [1]
  .text              ro code  0x08019b10     0x4  startup_stm32f10x_cl.o [1]
  .text              ro code  0x08019b14     0x4  startup_stm32f10x_cl.o [1]
  .text              ro code  0x08019b18     0x4  startup_stm32f10x_cl.o [1]
  .text              ro code  0x08019b1c     0x4  startup_stm32f10x_cl.o [1]
  .text              ro code  0x08019b20     0x4  startup_stm32f10x_cl.o [1]
  .text              ro code  0x08019b24     0x4  startup_stm32f10x_cl.o [1]
  .text              ro code  0x08019b28     0x4  startup_stm32f10x_cl.o [1]
  .text              ro code  0x08019b2c     0x4  startup_stm32f10x_cl.o [1]
  Initializer bytes  ro data  0x08019b30    0x30  <for P2 s0>
                            - 0x08019b60  0x9a10

"P2", part 1 of 3:                          0x30
  P2 s0                       0x20000000    0x30  <Init block>
    .data            inited   0x20000000    0x10  stm32f10x_rcc.o [1]
    .data            inited   0x20000010     0x8  XShttio.o [3]
    .data            inited   0x20000018     0x4  speed_ctrl.o [1]
    .data            inited   0x2000001c     0x4  speed_ctrl.o [1]
    .data            inited   0x20000020     0x4  speed_ctrl.o [1]
    .data            inited   0x20000024     0x4  stm32f10x_rcc.o [1]
    .data            inited   0x20000028     0x4  tcp.o [1]
    .data            inited   0x2000002c     0x2  main.o [1]
    .data            inited   0x2000002e     0x1  main.o [1]
                            - 0x20000030    0x30

"P2", part 2 of 3:                        0xd6d8
  .bss               zero     0x20000030  0x5014  mem.o [1]
  .bss               zero     0x20005044  0x468c  memp.o [1]
  .bss               zero     0x200096d0  0x17c0  ethernetif.o [1]
  .bss               zero     0x2000ae90  0x1018  TCPclient.o [1]
  .bss               zero     0x2000bea8   0xbe0  ethernetif.o [1]
  .bss               zero     0x2000ca88   0x5e0  ip_frag.o [1]
  .bss               zero     0x2000d068   0x154  fun.o [1]
  .bss               zero     0x2000d1bc    0xc8  etharp.o [1]
  .bss               zero     0x2000d284    0xc8  fun.o [1]
  .bss               zero     0x2000d34c    0xa0  fun.o [1]
  .bss               zero     0x2000d3ec    0x64  usart.o [1]
  .bss               zero     0x2000d450    0x64  usart.o [1]
  .bss               zero     0x2000d4b4    0x40  ethernetif.o [1]
  .bss               zero     0x2000d4f4    0x30  fun.o [1]
  .bss               zero     0x2000d524    0x30  netconf.o [1]
  .bss               zero     0x2000d554    0x24  memp.o [1]
  .bss               zero     0x2000d578    0x20  ethernetif.o [1]
  .bss               zero     0x2000d598    0x18  fun.o [1]
  .bss               zero     0x2000d5b0    0x18  fun.o [1]
  .bss               zero     0x2000d5c8    0x14  tcp_in.o [1]
  .bss               zero     0x2000d5dc    0x14  usart.o [1]
  .bss               zero     0x2000d5f0    0x14  usart.o [1]
  .bss               zero     0x2000d604     0xc  fun.o [1]
  .bss               zero     0x2000d610     0xc  fun.o [1]
  .bss               zero     0x2000d61c     0xc  fun.o [1]
  .bss               zero     0x2000d628     0x8  ethernetif.o [1]
  .bss               zero     0x2000d630     0x8  speed_ctrl.o [1]
  .bss               zero     0x2000d638     0x4  ip.o [1]
  .bss               zero     0x2000d63c     0x4  ip.o [1]
  .bss               zero     0x2000d640     0x4  ip_frag.o [1]
  .bss               zero     0x2000d644     0x4  main.o [1]
  .bss               zero     0x2000d648     0x4  main.o [1]
  .bss               zero     0x2000d64c     0x4  mem.o [1]
  .bss               zero     0x2000d650     0x4  mem.o [1]
  .bss               zero     0x2000d654     0x4  mem.o [1]
  .bss               zero     0x2000d658     0x4  netconf.o [1]
  .bss               zero     0x2000d65c     0x4  netconf.o [1]
  .bss               zero     0x2000d660     0x4  netif.o [1]
  .bss               zero     0x2000d664     0x4  netif.o [1]
  .bss               zero     0x2000d668     0x4  raw.o [1]
  .bss               zero     0x2000d66c     0x4  speed_ctrl.o [1]
  .bss               zero     0x2000d670     0x4  speed_ctrl.o [1]
  .bss               zero     0x2000d674     0x4  speed_ctrl.o [1]
  .bss               zero     0x2000d678     0x4  speed_ctrl.o [1]
  .bss               zero     0x2000d67c     0x4  speed_ctrl.o [1]
  .bss               zero     0x2000d680     0x4  speed_ctrl.o [1]
  .bss               zero     0x2000d684     0x4  speed_ctrl.o [1]
  .bss               zero     0x2000d688     0x4  speed_ctrl.o [1]
  .bss               zero     0x2000d68c     0x4  speed_ctrl.o [1]
  .bss               zero     0x2000d690     0x4  speed_ctrl.o [1]
  .bss               zero     0x2000d694     0x4  stm32_eth.o [1]
  .bss               zero     0x2000d698     0x4  stm32_eth.o [1]
  .bss               zero     0x2000d69c     0x4  stm32f107.o [1]
  .bss               zero     0x2000d6a0     0x4  tcp.o [1]
  .bss               zero     0x2000d6a4     0x4  tcp.o [1]
  .bss               zero     0x2000d6a8     0x4  tcp.o [1]
  .bss               zero     0x2000d6ac     0x4  tcp.o [1]
  .bss               zero     0x2000d6b0     0x4  tcp.o [1]
  .bss               zero     0x2000d6b4     0x4  tcp.o [1]
  .bss               zero     0x2000d6b8     0x4  tcp_in.o [1]
  .bss               zero     0x2000d6bc     0x4  tcp_in.o [1]
  .bss               zero     0x2000d6c0     0x4  tcp_in.o [1]
  .bss               zero     0x2000d6c4     0x4  tcp_in.o [1]
  .bss               zero     0x2000d6c8     0x4  tcp_in.o [1]
  .bss               zero     0x2000d6cc     0x4  tcp_in.o [1]
  .bss               zero     0x2000d6d0     0x4  timExti.o [1]
  .bss               zero     0x2000d6d4     0x4  timExti.o [1]
  .bss               zero     0x2000d6d8     0x4  udp.o [1]
  .bss               zero     0x2000d6dc     0x2  ip.o [1]
  .bss               zero     0x2000d6de     0x2  ip_frag.o [1]
  .bss               zero     0x2000d6e0     0x2  main.o [1]
  .bss               zero     0x2000d6e2     0x2  main.o [1]
  .bss               zero     0x2000d6e4     0x2  main.o [1]
  .bss               zero     0x2000d6e6     0x2  main.o [1]
  .bss               zero     0x2000d6e8     0x2  main.o [1]
  .bss               zero     0x2000d6ea     0x2  tcp_in.o [1]
  .bss               zero     0x2000d6ec     0x2  timExti.o [1]
  .bss               zero     0x2000d6ee     0x2  timExti.o [1]
  .bss               zero     0x2000d6f0     0x2  timExti.o [1]
  .bss               zero     0x2000d6f2     0x2  timExti.o [1]
  .bss               zero     0x2000d6f4     0x2  usart.o [1]
  .bss               zero     0x2000d6f6     0x2  usart.o [1]
  .bss               zero     0x2000d6f8     0x1  etharp.o [1]
  .bss               zero     0x2000d6f9     0x1  main.o [1]
  .bss               zero     0x2000d6fa     0x1  main.o [1]
  .bss               zero     0x2000d6fb     0x1  main.o [1]
  .bss               zero     0x2000d6fc     0x1  main.o [1]
  .bss               zero     0x2000d6fd     0x1  main.o [1]
  .bss               zero     0x2000d6fe     0x1  mem.o [1]
  .bss               zero     0x2000d6ff     0x1  netif.o [1]
  .bss               zero     0x2000d700     0x1  tcp.o [1]
  .bss               zero     0x2000d701     0x1  tcp_in.o [1]
  .bss               zero     0x2000d702     0x1  tcp_in.o [1]
  .bss               zero     0x2000d703     0x1  timExti.o [1]
  .bss               zero     0x2000d704     0x1  usart.o [1]
  .bss               zero     0x2000d705     0x1  usart.o [1]
                            - 0x2000d706  0xd6d6

"P2", part 3 of 3:                        0x1000
  CSTACK                      0x2000d708  0x1000  <Block>
    CSTACK           uninit   0x2000d708  0x1000  <Block tail>
                            - 0x2000e708  0x1000


*******************************************************************************
*** INIT TABLE
***

          Address     Size
          -------     ----
Zero (__iar_zero_init3)
    1 destination range, total size 0xd6d6:
          0x20000030  0xd6d6

Copy (__iar_copy_init3)
    1 source range, total size 0x30 (102% of destination):
          0x08019b30    0x30
    1 destination range, total size 0x2f:
          0x20000000    0x2f


*******************************************************************************
*** MODULE SUMMARY
***

    Module                  ro code  ro data  rw data
    ------                  -------  -------  -------
F:\gndd\EXP_GND_CTRL_PROJECT_V2_0_12\Project\EWARMv5_IAP\STM3210C-EVAL\Obj: [1]
    TCPclient.o               1 000             4 120
    etharp.o                  2 588               201
    ethernetif.o                720             9 224
    fun.o                     1 914               832
    icmp.o                      504
    inet.o                       54
    inet_chksum.o               172
    ip.o                        872                10
    ip_addr.o                    84
    ip_frag.o                 1 496             1 510
    main.o                      404        3       26
    mem.o                       868            20 513
    memp.o                      228            18 096
    misc.o                      152
    netconf.o                   212                56
    netif.o                     320                 9
    pbuf.o                    1 398
    raw.o                       136                 4
    speed_ctrl.o              2 516       12       60
    startup_stm32f10x_cl.o      616
    stm32_eth.o               1 802                 8
    stm32f107.o               2 202                 4
    stm32f10x_bkp.o              32
    stm32f10x_dma.o             440
    stm32f10x_exti.o            200
    stm32f10x_gpio.o            472
    stm32f10x_it.o              496
    stm32f10x_rcc.o             452       20       20
    stm32f10x_tim.o             202
    stm32f10x_usart.o           204
    system_stm32f10x.o          408
    tcp.o                     2 108        4       29
    tcp_in.o                  4 956                48
    tcp_out.o                 2 644
    timExti.o                   716                17
    udp.o                     1 024                 4
    usart.o                   1 620               246
    -------------------------------------------------
    Total:                   36 232       39   55 037

command line: [2]
    -------------------------------------------------
    Total:

dl7M_tlf.a: [3]
    XShttio.o                     8        8        8
    exit.o                        8
    low_level_init.o              4
    -------------------------------------------------
    Total:                       20        8        8

m7M_tl.a: [4]
    DblAdd.o                    230
    DblCmpGe.o                   46
    DblCmpLe.o                   46
    DblDiv.o                    582
    DblMul.o                    418
    DblSub.o                    382
    DblToI32.o                   86
    FltAdd.o                    130
    FltCmpEq.o                   28
    FltCmpGe.o                   36
    FltCmpLe.o                   36
    FltDiv.o                    252
    FltMul.o                    216
    FltSub.o                    226
    FltToDbl.o                   78
    FltToS32.o                   68
    I32ToDbl.o                   46
    I32ToFlt.o                   48
    -------------------------------------------------
    Total:                    2 954

rt7M_tl.a: [5]
    ABImemcpy.o                 112
    ABImemset.o                 102
    cexit.o                      10
    cmain.o                      22
    copy_init3.o                 46
    cstartup_M.o                 12
    data_init3.o                 44
    zero_init3.o                 34
    -------------------------------------------------
    Total:                      382

shb_l.a: [6]
    exit.o                       20
    iarttio.o                    48
    -------------------------------------------------
    Total:                       68

    Gaps                         36                 1
    Linker created                        37    4 096
-----------------------------------------------------
    Grand Total:             39 692       84   59 142


*******************************************************************************
*** ENTRY LIST
***

Entry                      Address    Size  Type      Object
-----                      -------    ----  ----      ------
?main                   0x080199c9          Code  Gb  cmain.o [5]
ADC1_2_IRQHandler       0x08019a85          Code  Wk  startup_stm32f10x_cl.o [1]
ADCPrescTable           0x20000024     0x4  Data  Lc  stm32f10x_rcc.o [1]
APBAHBPrescTable        0x20000000    0x10  Data  Lc  stm32f10x_rcc.o [1]
ARPTimer                0x2000d65c     0x4  Data  Gb  netconf.o [1]
AddSendMsgToQueue       0x08016b63    0x10  Code  Gb  fun.o [1]
AddToGnd2WcsIntervalQueue
                        0x08016b95    0x42  Code  Gb  fun.o [1]
AddToGnd2WcsStateQueue  0x08016c19    0x40  Code  Gb  fun.o [1]
BKP_WriteBackupRegister
                        0x080177d9    0x1c  Code  Gb  stm32f10x_bkp.o [1]
BusFault_Handler        0x08019757     0x2  Code  Gb  stm32f10x_it.o [1]
CAN1_RX0_IRQHandler     0x08019a8d          Code  Wk  startup_stm32f10x_cl.o [1]
CAN1_RX1_IRQHandler     0x08019a91          Code  Wk  startup_stm32f10x_cl.o [1]
CAN1_SCE_IRQHandler     0x08019a95          Code  Wk  startup_stm32f10x_cl.o [1]
CAN1_TX_IRQHandler      0x08019a89          Code  Wk  startup_stm32f10x_cl.o [1]
CAN2_RX0_IRQHandler     0x08019b21          Code  Wk  startup_stm32f10x_cl.o [1]
CAN2_RX1_IRQHandler     0x08019b25          Code  Wk  startup_stm32f10x_cl.o [1]
CAN2_SCE_IRQHandler     0x08019b29          Code  Wk  startup_stm32f10x_cl.o [1]
CAN2_TX_IRQHandler      0x08019b1d          Code  Wk  startup_stm32f10x_cl.o [1]
CRCHi                   0x08015c9c   0x100  Data  Gb  usart.o [1]
CRCLo                   0x08015d9c   0x100  Data  Gb  usart.o [1]
CRC_sub                 0x08015971    0x4a  Code  Gb  usart.o [1]
CSTACK$$Base            0x2000d708           --   Gb  - Linker created -
CSTACK$$Limit           0x2000e708           --   Gb  - Linker created -
DMA1_Channel1_IRQHandler
                        0x08019a69          Code  Wk  startup_stm32f10x_cl.o [1]
DMA1_Channel2_IRQHandler
                        0x08019a6d          Code  Wk  startup_stm32f10x_cl.o [1]
DMA1_Channel3_IRQHandler
                        0x08019a71          Code  Wk  startup_stm32f10x_cl.o [1]
DMA1_Channel4_IRQHandler
                        0x08019a75          Code  Wk  startup_stm32f10x_cl.o [1]
DMA1_Channel5_IRQHandler
                        0x08019a79          Code  Wk  startup_stm32f10x_cl.o [1]
DMA1_Channel6_IRQHandler
                        0x08019a7d          Code  Wk  startup_stm32f10x_cl.o [1]
DMA1_Channel7_IRQHandler
                        0x08019a81          Code  Wk  startup_stm32f10x_cl.o [1]
DMA2_Channel1_IRQHandler
                        0x08019b01          Code  Wk  startup_stm32f10x_cl.o [1]
DMA2_Channel2_IRQHandler
                        0x08019b05          Code  Wk  startup_stm32f10x_cl.o [1]
DMA2_Channel3_IRQHandler
                        0x08019b09          Code  Wk  startup_stm32f10x_cl.o [1]
DMA2_Channel4_IRQHandler
                        0x08019b0d          Code  Wk  startup_stm32f10x_cl.o [1]
DMA2_Channel5_IRQHandler
                        0x08019b11          Code  Wk  startup_stm32f10x_cl.o [1]
DMARxDescToGet          0x2000d698     0x4  Data  Gb  stm32_eth.o [1]
DMARxDscrTab            0x2000d4b4    0x40  Data  Gb  ethernetif.o [1]
DMATxDescToSet          0x2000d694     0x4  Data  Gb  stm32_eth.o [1]
DMATxDscrTab            0x2000d578    0x20  Data  Gb  ethernetif.o [1]
DMA_ClearFlag           0x08016a83    0x10  Code  Gb  stm32f10x_dma.o [1]
DMA_Cmd                 0x08016a61    0x1c  Code  Gb  stm32f10x_dma.o [1]
DMA_Configuration       0x08017edf    0xb4  Code  Gb  stm32f107.o [1]
DMA_DeInit              0x08016919   0x10a  Code  Gb  stm32f10x_dma.o [1]
DMA_Init                0x08016a23    0x3e  Code  Gb  stm32f10x_dma.o [1]
DMA_SetCurrDataCounter  0x08016a7d     0x6  Code  Gb  stm32f10x_dma.o [1]
DebugMon_Handler        0x0801975d     0x2  Code  Gb  stm32f10x_it.o [1]
ETH_DMAITConfig         0x08018e75    0x28  Code  Gb  stm32_eth.o [1]
ETH_DMAReceptionCmd     0x08018e53    0x22  Code  Gb  stm32_eth.o [1]
ETH_DMARxDescChainInit  0x08018d8d    0x4c  Code  Gb  stm32_eth.o [1]
ETH_DMARxDescReceiveITConfig
                        0x08018de1    0x1a  Code  Gb  stm32_eth.o [1]
ETH_DMATransmissionCmd  0x08018e31    0x22  Code  Gb  stm32_eth.o [1]
ETH_DMATxDescChainInit  0x08018d3f    0x46  Code  Gb  stm32_eth.o [1]
ETH_DMATxDescChecksumInsertionConfig
                        0x08018d85     0x8  Code  Gb  stm32_eth.o [1]
ETH_DeInit              0x08018821    0x18  Code  Gb  stm32_eth.o [1]
ETH_Delay               0x08018f0d    0x1e  Code  Lc  stm32_eth.o [1]
ETH_FlushTransmitFIFO   0x08018e23     0xe  Code  Gb  stm32_eth.o [1]
ETH_GetCurrentTxBuffer  0x08019717     0x8  Code  Gb  ethernetif.o [1]
ETH_GetDMARxDescFrameLength
                        0x08018dd9     0x8  Code  Gb  stm32_eth.o [1]
ETH_GetRxPktSize        0x08018bc5    0x26  Code  Gb  stm32_eth.o [1]
ETH_GetSoftwareResetStatus
                        0x08018e0d    0x16  Code  Gb  stm32_eth.o [1]
ETH_IRQHandler          0x08019b15          Code  Wk  startup_stm32f10x_cl.o [1]
ETH_Init                0x08018839   0x282  Code  Gb  stm32_eth.o [1]
ETH_MACAddressConfig    0x08018d15    0x2a  Code  Gb  stm32_eth.o [1]
ETH_MACReceptionCmd     0x08018ceb    0x2a  Code  Gb  stm32_eth.o [1]
ETH_MACTransmissionCmd  0x08018cc1    0x2a  Code  Gb  stm32_eth.o [1]
ETH_ReadPHYRegister     0x08018beb    0x6a  Code  Gb  stm32_eth.o [1]
ETH_RxPkt_ChainMode     0x08019633    0x88  Code  Gb  ethernetif.o [1]
ETH_SoftwareReset       0x08018dfb    0x12  Code  Gb  stm32_eth.o [1]
ETH_Start               0x08018ba5    0x20  Code  Gb  stm32_eth.o [1]
ETH_StructInit          0x08018abb    0xea  Code  Gb  stm32_eth.o [1]
ETH_TxPkt_ChainMode     0x080196bb    0x5c  Code  Gb  ethernetif.o [1]
ETH_WKUP_IRQHandler     0x08019b19          Code  Wk  startup_stm32f10x_cl.o [1]
ETH_WritePHYRegister    0x08018c55    0x6c  Code  Gb  stm32_eth.o [1]
EXTI0_IRQHandler        0x08019a55          Code  Wk  startup_stm32f10x_cl.o [1]
EXTI15_10_IRQHandler    0x08019add          Code  Wk  startup_stm32f10x_cl.o [1]
EXTI1_IRQHandler        0x08019a59          Code  Wk  startup_stm32f10x_cl.o [1]
EXTI2_IRQHandler        0x08019a5d          Code  Wk  startup_stm32f10x_cl.o [1]
EXTI3_IRQHandler        0x08019a61          Code  Wk  startup_stm32f10x_cl.o [1]
EXTI4_IRQHandler        0x080197dd    0xc6  Code  Gb  stm32f10x_it.o [1]
EXTI9_5_IRQHandler      0x080198a3    0x74  Code  Gb  stm32f10x_it.o [1]
EXTI_ClearITPendingBit  0x080184d9     0x6  Code  Gb  stm32f10x_exti.o [1]
EXTI_Configuration      0x08017c8f    0x84  Code  Gb  stm32f107.o [1]
EXTI_GetITStatus        0x080184b5    0x24  Code  Gb  stm32f10x_exti.o [1]
EXTI_Init               0x0801842d    0x88  Code  Gb  stm32f10x_exti.o [1]
EthInitStatus           0x2000d69c     0x4  Data  Gb  stm32f107.o [1]
Ethernet_Configuration  0x08017ff5    0x9e  Code  Gb  stm32f107.o [1]
FLASH_IRQHandler        0x08019a4d          Code  Wk  startup_stm32f10x_cl.o [1]
GPIO_Configuration      0x08018093   0x26e  Code  Gb  stm32f107.o [1]
GPIO_ETH_MediaInterfaceConfig
                        0x08016839     0x6  Code  Gb  stm32f10x_gpio.o [1]
GPIO_EXTILineConfig     0x080167e9    0x50  Code  Gb  stm32f10x_gpio.o [1]
GPIO_Init               0x08016675    0xcc  Code  Gb  stm32f10x_gpio.o [1]
GPIO_PinRemapConfig     0x08016779    0x70  Code  Gb  stm32f10x_gpio.o [1]
GPIO_ReadInputDataBit   0x08016741    0x16  Code  Gb  stm32f10x_gpio.o [1]
GPIO_ReadOutputDataBit  0x08016757    0x16  Code  Gb  stm32f10x_gpio.o [1]
GPIO_ResetBits          0x08016773     0x6  Code  Gb  stm32f10x_gpio.o [1]
GPIO_SetBits            0x0801676d     0x6  Code  Gb  stm32f10x_gpio.o [1]
GetSendMsgFromQueue     0x08016b73     0xc  Code  Gb  fun.o [1]
HardFault_Handler       0x08019753     0x2  Code  Gb  stm32f10x_it.o [1]
I2C1_ER_IRQHandler      0x08019abd          Code  Wk  startup_stm32f10x_cl.o [1]
I2C1_EV_IRQHandler      0x08019ab9          Code  Wk  startup_stm32f10x_cl.o [1]
I2C2_ER_IRQHandler      0x08019ac5          Code  Wk  startup_stm32f10x_cl.o [1]
I2C2_EV_IRQHandler      0x08019ac1          Code  Wk  startup_stm32f10x_cl.o [1]
InitGnd2WcsIntervalQueue
                        0x08016b7f    0x16  Code  Gb  fun.o [1]
InitGnd2WcsStateQueue   0x08016bff    0x1a  Code  Gb  fun.o [1]
InitSendMsgQueue        0x08016b55     0xe  Code  Gb  fun.o [1]
IsGnd2WcsStateQueueFree
                        0x08016c7f    0x18  Code  Gb  fun.o [1]
LocalTime               0x2000d644     0x4  Data  Gb  main.o [1]
LwIP_Init               0x08018fc5    0x78  Code  Gb  netconf.o [1]
LwIP_Periodic_Handle    0x08019047    0x34  Code  Gb  netconf.o [1]
LwIP_Pkt_Handle         0x0801903d     0xa  Code  Gb  netconf.o [1]
MACaddr                 0x2000d628     0x8  Data  Gb  ethernetif.o [1]
MemManage_Handler       0x08019755     0x2  Code  Gb  stm32f10x_it.o [1]
NMI_Handler             0x08019751     0x2  Code  Gb  stm32f10x_it.o [1]
NVIC_Configuration      0x0801836d    0xbe  Code  Gb  stm32f107.o [1]
NVIC_Init               0x08018f37    0x66  Code  Gb  misc.o [1]
NVIC_PriorityGroupConfig
                        0x08018f2d     0xa  Code  Gb  misc.o [1]
NVIC_SetPriority        0x08017b91    0x26  Code  Lc  stm32f107.o [1]
NVIC_SetVectorTable     0x08018f9d     0xc  Code  Gb  misc.o [1]
NVIC_SystemReset        0x08016ad1    0x1c  Code  Lc  fun.o [1]
OTG_FS_IRQHandler       0x08019b2d          Code  Wk  startup_stm32f10x_cl.o [1]
OTG_FS_WKUP_IRQHandler  0x08019ae5          Code  Wk  startup_stm32f10x_cl.o [1]
PVD_IRQHandler          0x08019a41          Code  Wk  startup_stm32f10x_cl.o [1]
PendSV_Handler          0x0801975f     0x2  Code  Gb  stm32f10x_it.o [1]
RCC_AHBPeriphClockCmd   0x08017721    0x20  Code  Gb  stm32f10x_rcc.o [1]
RCC_AHBPeriphResetCmd   0x08017781    0x20  Code  Gb  stm32f10x_rcc.o [1]
RCC_APB1PeriphClockCmd  0x08017761    0x20  Code  Gb  stm32f10x_rcc.o [1]
RCC_APB2PeriphClockCmd  0x08017741    0x20  Code  Gb  stm32f10x_rcc.o [1]
RCC_GetClocksFreq       0x08017615   0x10c  Code  Gb  stm32f10x_rcc.o [1]
RCC_IRQHandler          0x08019a51          Code  Wk  startup_stm32f10x_cl.o [1]
RCC_MCOConfig           0x080177a1     0x6  Code  Gb  stm32f10x_rcc.o [1]
RS485_OUT               0x08014e75    0x12  Code  Gb  speed_ctrl.o [1]
RTCAlarm_IRQHandler     0x08019ae1          Code  Wk  startup_stm32f10x_cl.o [1]
RTC_IRQHandler          0x08019a49          Code  Wk  startup_stm32f10x_cl.o [1]
Region$$Table$$Base     0x080199a4           --   Gb  - Linker created -
Region$$Table$$Limit    0x080199c8           --   Gb  - Linker created -
Rx_Buff                 0x200096d0  0x17c0  Data  Gb  ethernetif.o [1]
SPI1_IRQHandler         0x08019ac9          Code  Wk  startup_stm32f10x_cl.o [1]
SPI2_IRQHandler         0x08019acd          Code  Wk  startup_stm32f10x_cl.o [1]
SPI3_IRQHandler         0x08019aed          Code  Wk  startup_stm32f10x_cl.o [1]
SVC_Handler             0x0801975b     0x2  Code  Gb  stm32f10x_it.o [1]
ServoFreqSet            0x080159cd   0x290  Code  Gb  usart.o [1]
SetSysClock             0x08018553     0x8  Code  Lc  system_stm32f10x.o [1]
SetSysClockTo72         0x0801855b   0x10e  Code  Lc  system_stm32f10x.o [1]
Set_MAC_Address         0x08019481    0x30  Code  Gb  ethernetif.o [1]
SysTick_Config          0x08017bb7    0x36  Code  Lc  stm32f107.o [1]
SysTick_Handler         0x08019761     0x8  Code  Gb  stm32f10x_it.o [1]
SystemInit              0x080184f5    0x5e  Code  Gb  system_stm32f10x.o [1]
System_Setup            0x08017f93    0x62  Code  Gb  stm32f107.o [1]
TAMPER_IRQHandler       0x08019a45          Code  Wk  startup_stm32f10x_cl.o [1]
TCPTimer                0x2000d658     0x4  Data  Gb  netconf.o [1]
TIM1_BRK_IRQHandler     0x08019a9d          Code  Wk  startup_stm32f10x_cl.o [1]
TIM1_CC_IRQHandler      0x08019aa9          Code  Wk  startup_stm32f10x_cl.o [1]
TIM1_TRG_COM_IRQHandler
                        0x08019aa5          Code  Wk  startup_stm32f10x_cl.o [1]
TIM1_UP_IRQHandler      0x08019aa1          Code  Wk  startup_stm32f10x_cl.o [1]
TIM2_IRQHandler         0x08019769    0x44  Code  Gb  stm32f10x_it.o [1]
TIM3_IRQHandler         0x080197ad    0x30  Code  Gb  stm32f10x_it.o [1]
TIM4_IRQHandler         0x08019ab5          Code  Wk  startup_stm32f10x_cl.o [1]
TIM5_IRQHandler         0x08019ae9          Code  Wk  startup_stm32f10x_cl.o [1]
TIM6_IRQHandler         0x08019af9          Code  Wk  startup_stm32f10x_cl.o [1]
TIM7_IRQHandler         0x08019afd          Code  Wk  startup_stm32f10x_cl.o [1]
TIM_ARRPreloadConfig    0x08017b39    0x1c  Code  Gb  stm32f10x_tim.o [1]
TIM_ClearITPendingBit   0x08017b87     0x8  Code  Gb  stm32f10x_tim.o [1]
TIM_Cmd                 0x08017b05    0x1c  Code  Gb  stm32f10x_tim.o [1]
TIM_Configuration       0x08017bed    0xa2  Code  Gb  stm32f107.o [1]
TIM_EXTI_Process        0x0801793f   0x14c  Code  Gb  timExti.o [1]
TIM_GetCounter          0x08017b55     0x4  Code  Gb  stm32f10x_tim.o [1]
TIM_GetITStatus         0x08017b59    0x2e  Code  Gb  stm32f10x_tim.o [1]
TIM_ITConfig            0x08017b21    0x18  Code  Gb  stm32f10x_tim.o [1]
TIM_TimeBaseInit        0x08017ac5    0x36  Code  Gb  stm32f10x_tim.o [1]
Time_Update             0x080187bb    0x32  Code  Gb  main.o [1]
Tx_Buff                 0x2000bea8   0xbe0  Data  Gb  ethernetif.o [1]
UART4_IRQHandler        0x08019af1          Code  Wk  startup_stm32f10x_cl.o [1]
UART5_IRQHandler        0x08019af5          Code  Wk  startup_stm32f10x_cl.o [1]
USART1_IRQHandler       0x08019ad1          Code  Wk  startup_stm32f10x_cl.o [1]
USART2_IRQHandler       0x08019ad5          Code  Wk  startup_stm32f10x_cl.o [1]
USART3_IRQHandler       0x08019ad9          Code  Wk  startup_stm32f10x_cl.o [1]
USART_Cmd               0x080168e5    0x1c  Code  Gb  stm32f10x_usart.o [1]
USART_Configuration     0x08017d13   0x1cc  Code  Gb  stm32f107.o [1]
USART_DMACmd            0x08016901    0x18  Code  Gb  stm32f10x_usart.o [1]
USART_Init              0x0801684d    0x90  Code  Gb  stm32f10x_usart.o [1]
UsageFault_Handler      0x08019759     0x2  Code  Gb  stm32f10x_it.o [1]
WWDG_IRQHandler         0x08019a3d          Code  Wk  startup_stm32f10x_cl.o [1]
__aeabi_cdcmple         0x08016265          Code  Gb  DblCmpLe.o [4]
__aeabi_cdrcmple        0x08016219          Code  Gb  DblCmpGe.o [4]
__aeabi_cfcmpeq         0x08016249          Code  Gb  FltCmpEq.o [4]
__aeabi_cfcmple         0x0801633d          Code  Gb  FltCmpLe.o [4]
__aeabi_cfrcmple        0x08016295          Code  Gb  FltCmpGe.o [4]
__aeabi_d2iz            0x0801661d          Code  Gb  DblToI32.o [4]
__aeabi_d2uiz           0x08016649          Code  Gb  DblToI32.o [4]
__aeabi_dadd            0x08016535          Code  Gb  DblAdd.o [4]
__aeabi_ddiv            0x0801724d          Code  Gb  DblDiv.o [4]
__aeabi_dmul            0x08016391          Code  Gb  DblMul.o [4]
__aeabi_dsub            0x08017495          Code  Gb  DblSub.o [4]
__aeabi_f2d             0x080161c9          Code  Gb  FltToDbl.o [4]
__aeabi_f2iz            0x08015fa5          Code  Gb  FltToS32.o [4]
__aeabi_fadd            0x080162b9          Code  Gb  FltAdd.o [4]
__aeabi_fdiv            0x08015fe9          Code  Gb  FltDiv.o [4]
__aeabi_fmul            0x08015ecd          Code  Gb  FltMul.o [4]
__aeabi_fsub            0x080160e5          Code  Gb  FltSub.o [4]
__aeabi_i2d             0x08016361          Code  Gb  I32ToDbl.o [4]
__aeabi_i2f             0x08015e9d          Code  Gb  I32ToFlt.o [4]
__aeabi_memcpy          0x08013551          Code  Gb  ABImemcpy.o [5]
__aeabi_memcpy4         0x0801356b          Code  Gb  ABImemcpy.o [5]
__aeabi_memcpy8         0x0801356b          Code  Gb  ABImemcpy.o [5]
__aeabi_memset          0x080135c1          Code  Gb  ABImemset.o [5]
__aeabi_ui2d            0x08016375          Code  Gb  I32ToDbl.o [4]
__aeabi_ui2f            0x08015eb1          Code  Gb  I32ToFlt.o [4]
__cmain                 0x080199c9          Code  Gb  cmain.o [5]
__exit                  0x080199f9    0x14  Code  Gb  exit.o [6]
__iar_Memset            0x080135c1          Code  Gb  ABImemset.o [5]
__iar_Memset_word       0x080135c9          Code  Gb  ABImemset.o [5]
__iar_close_ttio        0x08019941    0x2e  Code  Gb  iarttio.o [6]
__iar_copy_init3        0x08012e13    0x2e  Code  Gb  copy_init3.o [5]
__iar_d2uiz             0x08016653          Code  Gb  DblToI32.o [4]
__iar_dadd              0x08016547          Code  Gb  DblAdd.o [4]
__iar_data_init3        0x08019979    0x2c  Code  Gb  data_init3.o [5]
__iar_dsub              0x080174a7          Code  Gb  DblSub.o [4]
__iar_dsubStart         0x080174b9          Code  Gb  DblSub.o [4]
__iar_fadd              0x080162c7          Code  Gb  FltAdd.o [4]
__iar_fsub              0x080160f3          Code  Gb  FltSub.o [4]
__iar_fsubStart         0x08016101          Code  Gb  FltSub.o [4]
__iar_lookup_ttioh      0x08019971     0x8  Code  Gb  XShttio.o [3]
__iar_program_start     0x08019a0d          Code  Gb  cstartup_M.o [5]
__iar_ttio_handles      0x20000010     0x8  Data  Lc  XShttio.o [3]
__iar_ui2d              0x08016377          Code  Gb  I32ToDbl.o [4]
__iar_ui2f              0x08015eb3          Code  Gb  I32ToFlt.o [4]
__iar_zero_init3        0x080131c7    0x22  Code  Gb  zero_init3.o [5]
__low_level_init        0x080199df     0x4  Code  Gb  low_level_init.o [3]
__vector_table          0x08010000          Data  Gb  startup_stm32f10x_cl.o [1]
_call_main              0x080199d5          Code  Gb  cmain.o [5]
_exit                   0x080199ed          Code  Gb  cexit.o [5]
_main                   0x080199db          Code  Gb  cmain.o [5]
ackno                   0x2000d6c4     0x4  Data  Lc  tcp_in.o [1]
adjust_stage_flag       0x2000d703     0x1  Data  Gb  timExti.o [1]
arp_table               0x2000d1bc    0xc8  Data  Lc  etharp.o [1]
buf                     0x2000ca88   0x5e0  Data  Lc  ip_frag.o [1]
cal_distance_to_real_locate
                        0x0801783b    0x1e  Code  Gb  timExti.o [1]
cal_move_distance       0x08017815    0x26  Code  Gb  timExti.o [1]
creat_udp_connect_process
                        0x08019099    0x9e  Code  Gb  TCPclient.o [1]
current_header          0x2000d63c     0x4  Data  Lc  ip.o [1]
current_netif           0x2000d638     0x4  Data  Lc  ip.o [1]
enQueue                 0x08016afd    0x32  Code  Gb  fun.o [1]
etharp_arp_input        0x08014873   0x156  Code  Gb  etharp.o [1]
etharp_cached_entry     0x2000d6f8     0x1  Data  Lc  etharp.o [1]
etharp_ip_input         0x0801484d    0x26  Code  Gb  etharp.o [1]
etharp_output           0x080149c9    0xc0  Code  Gb  etharp.o [1]
etharp_query            0x08014a89   0x1ac  Code  Gb  etharp.o [1]
etharp_raw              0x08014c3d    0xf0  Code  Lc  etharp.o [1]
etharp_request          0x08014d2d    0x28  Code  Gb  etharp.o [1]
etharp_send_ip          0x08014709    0x40  Code  Lc  etharp.o [1]
etharp_tmr              0x080143d5    0xba  Code  Gb  etharp.o [1]
ethbroadcast            0x08014db8     0x8  Data  Gb  etharp.o [1]
ethernet_input          0x08014d55    0x62  Code  Gb  etharp.o [1]
ethernetif_init         0x080195f7    0x3c  Code  Gb  ethernetif.o [1]
ethernetif_input        0x080195c3    0x34  Code  Gb  ethernetif.o [1]
ethzero                 0x08014dc0     0x8  Data  Gb  etharp.o [1]
exit                    0x080199e3     0x8  Code  Gb  exit.o [3]
find_entry              0x0801448f   0x27a  Code  Lc  etharp.o [1]
first_stage_cnt         0x2000d6ec     0x2  Data  Gb  timExti.o [1]
first_stage_hz          0x2000d6ee     0x2  Data  Gb  timExti.o [1]
flags                   0x2000d701     0x1  Data  Lc  tcp_in.o [1]
free_etharp_q           0x080143ad    0x28  Code  Lc  etharp.o [1]
fun_gnd2wcs_state_msg   0x08017231    0x1a  Code  Gb  fun.o [1]
fwErr                   0x2000d630     0x8  Data  Gb  speed_ctrl.o [1]
fwErrCalculate          0x08014fcf   0x178  Code  Gb  speed_ctrl.o [1]
fwErrD                  0x2000d680     0x4  Data  Gb  speed_ctrl.o [1]
fwErrI                  0x2000d684     0x4  Data  Gb  speed_ctrl.o [1]
fwHz                    0x2000d690     0x4  Data  Gb  speed_ctrl.o [1]
fwInitHz                0x2000d6e4     0x2  Data  Gb  main.o [1]
fwInitServo             0x08014e87   0x148  Code  Gb  speed_ctrl.o [1]
fwKd                    0x20000020     0x4  Data  Gb  speed_ctrl.o [1]
fwKi                    0x2000001c     0x4  Data  Gb  speed_ctrl.o [1]
fwKp                    0x20000018     0x4  Data  Gb  speed_ctrl.o [1]
fwPIDctrl               0x08015147   0x644  Code  Gb  speed_ctrl.o [1]
fwbV                    0x2000d688     0x4  Data  Gb  speed_ctrl.o [1]
fwbVLast                0x2000d68c     0x4  Data  Gb  speed_ctrl.o [1]
get_CRC                 0x080159bb    0x12  Code  Gb  usart.o [1]
get_ip_para_process     0x080193f3    0x6e  Code  Gb  TCPclient.o [1]
gnd2WcsCmdData          0x2000d598    0x18  Data  Gb  fun.o [1]
gnd2WcsIntervalData     0x2000d068   0x154  Data  Gb  fun.o [1]
gnd2WcsIntervalQueue    0x2000d604     0xc  Data  Gb  fun.o [1]
gnd2wcsstatenode        0x2000d34c    0xa0  Data  Gb  fun.o [1]
gndstatequeue           0x2000d610     0xc  Data  Gb  fun.o [1]
heart_dely              0x2000d6fa     0x1  Data  Gb  main.o [1]
htonl                   0x080114c3    0x18  Code  Gb  inet.o [1]
htons                   0x080114ad     0xc  Code  Gb  inet.o [1]
icmp_dest_unreach       0x08014323     0xe  Code  Gb  icmp.o [1]
icmp_input              0x080141b5   0x16e  Code  Gb  icmp.o [1]
icmp_send_response      0x0801433f    0x6e  Code  Lc  icmp.o [1]
icmp_time_exceeded      0x08014331     0xe  Code  Gb  icmp.o [1]
inet_chksum             0x08014e13     0xe  Code  Gb  inet_chksum.o [1]
inet_chksum_pbuf        0x08014e21    0x54  Code  Gb  inet_chksum.o [1]
initQueue               0x08016aed    0x10  Code  Gb  fun.o [1]
inseg                   0x2000d5c8    0x14  Data  Lc  tcp_in.o [1]
interval_ms_flag        0x2000d6e2     0x2  Data  Gb  main.o [1]
inverter_type           0x2000d6fd     0x1  Data  Gb  main.o [1]
ip_addr_any             0x08011aa8     0x4  Data  Gb  ip_addr.o [1]
ip_addr_isbroadcast     0x08011a59    0x50  Code  Gb  ip_addr.o [1]
ip_frag                 0x08013bc7   0x16a  Code  Gb  ip_frag.o [1]
ip_input                0x08013235   0x19e  Code  Gb  ip.o [1]
ip_output               0x08013515    0x3c  Code  Gb  ip.o [1]
ip_output_if            0x080133d3   0x12c  Code  Gb  ip.o [1]
ip_reass                0x08013a21   0x1a6  Code  Gb  ip_frag.o [1]
ip_reass_chain_frag_into_datagram_and_validate
                        0x080138e7   0x13a  Code  Lc  ip_frag.o [1]
ip_reass_dequeue_datagram
                        0x080138c1    0x26  Code  Lc  ip_frag.o [1]
ip_reass_enqueue_new_datagram
                        0x08013867    0x5a  Code  Lc  ip_frag.o [1]
ip_reass_free_complete_datagram
                        0x08013769    0x86  Code  Lc  ip_frag.o [1]
ip_reass_pbufcount      0x2000d6de     0x2  Data  Lc  ip_frag.o [1]
ip_reass_remove_oldest_datagram
                        0x080137ef    0x78  Code  Lc  ip_frag.o [1]
ip_route                0x080131e9    0x4c  Code  Gb  ip.o [1]
iphdr                   0x2000d6bc     0x4  Data  Lc  tcp_in.o [1]
lfree                   0x2000d654     0x4  Data  Lc  mem.o [1]
low_level_init          0x080194b1    0x8c  Code  Lc  ethernetif.o [1]
low_level_input         0x0801956b    0x58  Code  Lc  ethernetif.o [1]
low_level_output        0x0801953d    0x2e  Code  Lc  ethernetif.o [1]
lwip_standard_chksum    0x08014dc9    0x4a  Code  Lc  inet_chksum.o [1]
main                    0x0801875d    0x5e  Code  Gb  main.o [1]
max_speed               0x2000d66c     0x4  Data  Gb  speed_ctrl.o [1]
mem_free                0x08012f25    0x4a  Code  Gb  mem.o [1]
mem_init                0x08012ed1    0x54  Code  Gb  mem.o [1]
mem_malloc              0x08013071   0x11e  Code  Gb  mem.o [1]
mem_realloc             0x08012f6f   0x102  Code  Gb  mem.o [1]
mem_sem                 0x2000d6fe     0x1  Data  Lc  mem.o [1]
memcpy                  0x080131a5     0xe  Code  Gb  tcp_out.o [1]
memp_free               0x08012377    0x24  Code  Gb  memp.o [1]
memp_init               0x080122e9    0x5e  Code  Gb  memp.o [1]
memp_malloc             0x08012347    0x30  Code  Gb  memp.o [1]
memp_memory             0x20005044  0x468c  Data  Lc  memp.o [1]
memp_num                0x080123b8    0x14  Data  Lc  memp.o [1]
memp_sizes              0x080123a4    0x14  Data  Lc  memp.o [1]
memp_tab                0x2000d554    0x24  Data  Lc  memp.o [1]
memset                  0x080131b3    0x14  Code  Gb  udp.o [1]
min_speed               0x2000d670     0x4  Data  Gb  speed_ctrl.o [1]
msgQueueBuff            0x2000d284    0xc8  Data  Gb  fun.o [1]
msgSendQueue            0x2000d61c     0xc  Data  Gb  fun.o [1]
msg_send_delay          0x2000002e     0x1  Data  Gb  main.o [1]
netif                   0x2000d524    0x30  Data  Gb  netconf.o [1]
netif_add               0x08013629    0x52  Code  Gb  netif.o [1]
netif_default           0x2000d664     0x4  Data  Gb  netif.o [1]
netif_is_up             0x0801375f     0xa  Code  Gb  netif.o [1]
netif_list              0x2000d660     0x4  Data  Gb  netif.o [1]
netif_set_addr          0x0801367b    0x20  Code  Gb  netif.o [1]
netif_set_default       0x0801371d     0x6  Code  Gb  netif.o [1]
netif_set_gw            0x08013701     0xe  Code  Gb  netif.o [1]
netif_set_ipaddr        0x0801369b    0x66  Code  Gb  netif.o [1]
netif_set_netmask       0x0801370f     0xe  Code  Gb  netif.o [1]
netif_set_up            0x08013739    0x26  Code  Gb  netif.o [1]
ntohl                   0x080114db     0x8  Code  Gb  inet.o [1]
ntohs                   0x080114b9     0xa  Code  Gb  inet.o [1]
outQueue                0x08016b2f    0x26  Code  Gb  fun.o [1]
pbuf_alloc              0x080114e3   0x1ac  Code  Gb  pbuf.o [1]
pbuf_cat                0x08011839    0x32  Code  Gb  pbuf.o [1]
pbuf_chain              0x0801186b    0x12  Code  Gb  pbuf.o [1]
pbuf_clen               0x0801181b    0x12  Code  Gb  pbuf.o [1]
pbuf_copy               0x0801187d    0xbe  Code  Gb  pbuf.o [1]
pbuf_copy_partial       0x0801193b    0x98  Code  Gb  pbuf.o [1]
pbuf_free               0x080117a5    0x76  Code  Gb  pbuf.o [1]
pbuf_header             0x08011711    0x94  Code  Gb  pbuf.o [1]
pbuf_realloc            0x0801168f    0x82  Code  Gb  pbuf.o [1]
pbuf_ref                0x0801182d     0xc  Code  Gb  pbuf.o [1]
pbuf_take               0x080119d3    0x86  Code  Gb  pbuf.o [1]
pe_distance             0x2000d67c     0x4  Data  Gb  speed_ctrl.o [1]
plug_holes              0x08012e41    0x90  Code  Lc  mem.o [1]
pxGetMsgFromIntervalQueue
                        0x08016bd7    0x28  Code  Gb  fun.o [1]
pxGetMsgFromStateQueue  0x08016c59    0x26  Code  Gb  fun.o [1]
ram                     0x2000d64c     0x4  Data  Lc  mem.o [1]
ram_end                 0x2000d650     0x4  Data  Lc  mem.o [1]
ram_heap                0x20000030  0x5014  Data  Lc  mem.o [1]
raw_input               0x08013d41    0x82  Code  Gb  raw.o [1]
raw_pcbs                0x2000d668     0x4  Data  Lc  raw.o [1]
reassdatagrams          0x2000d640     0x4  Data  Lc  ip_frag.o [1]
record_uart2_buff       0x2000d5dc    0x14  Data  Gb  usart.o [1]
record_uart2_len        0x2000d704     0x1  Data  Gb  usart.o [1]
record_uart4_buff       0x2000d5f0    0x14  Data  Gb  usart.o [1]
record_uart4_len        0x2000d705     0x1  Data  Gb  usart.o [1]
recv_data               0x2000d6c8     0x4  Data  Lc  tcp_in.o [1]
recv_flags              0x2000d702     0x1  Data  Lc  tcp_in.o [1]
recv_message_from_sever
                        0x08016d73    0x24  Code  Gb  fun.o [1]
recv_msg_check          0x08016c97    0x56  Code  Gb  fun.o [1]
recv_msg_process        0x08016ced    0x86  Code  Gb  fun.o [1]
repairCarCmdData        0x2000d5b0    0x18  Data  Gb  fun.o [1]
repairLocationCtrl      0x080178dd    0x62  Code  Gb  timExti.o [1]
repair_car_para_init    0x08017859    0x84  Code  Gb  timExti.o [1]
repair_flag             0x2000d6fc     0x1  Data  Gb  main.o [1]
repair_locate_real      0x2000d6e8     0x2  Data  Gb  main.o [1]
reply_recv_msg          0x08016d97    0x3a  Code  Gb  fun.o [1]
reset_flag              0x2000d6fb     0x1  Data  Gb  main.o [1]
scan_dip_state          0x0801868d    0x70  Code  Gb  main.o [1]
sec_flag                0x2000d6e0     0x2  Data  Gb  main.o [1]
sec_process             0x080186fd    0x60  Code  Gb  main.o [1]
sec_reg                 0x2000002c     0x2  Data  Gb  main.o [1]
second_stage_cnt        0x2000d6f0     0x2  Data  Gb  timExti.o [1]
second_stage_hz         0x2000d6f2     0x2  Data  Gb  timExti.o [1]
send_heart_msg          0x08017097    0x3a  Code  Gb  fun.o [1]
send_message_to_sever   0x080170d1   0x104  Code  Gb  fun.o [1]
send_msg_gnd_version_type
                        0x0801702f    0x68  Code  Gb  fun.o [1]
send_msg_gndctrl2wcs_cmd
                        0x08016dd1    0xc2  Code  Gb  fun.o [1]
send_msg_gndctrl2wcs_cmd_interval_data
                        0x08016e93    0x9c  Code  Gb  fun.o [1]
send_msg_uart_four_data
                        0x08016faf    0x80  Code  Gb  fun.o [1]
send_msg_uart_two_data  0x08016f2f    0x80  Code  Gb  fun.o [1]
seqno                   0x2000d6c0     0x4  Data  Lc  tcp_in.o [1]
servo_hz                0x2000d6e6     0x2  Data  Gb  main.o [1]
servo_start             0x2000d6f9     0x1  Data  Gb  main.o [1]
speed_factor            0x2000d678     0x4  Data  Gb  speed_ctrl.o [1]
speed_target            0x2000d674     0x4  Data  Gb  speed_ctrl.o [1]
tcp_abandon             0x08011beb    0xb0  Code  Gb  tcp.o [1]
tcp_active_pcbs         0x2000d6ac     0x4  Data  Gb  tcp.o [1]
tcp_alloc               0x080120e7    0xb6  Code  Gb  tcp.o [1]
tcp_backoff             0x080122d0    0x10  Data  Gb  tcp.o [1]
tcp_bound_pcbs          0x2000d6a4     0x4  Data  Gb  tcp.o [1]
tcp_client_list         0x2000ae90  0x1018  Data  Gb  TCPclient.o [1]
tcp_close               0x08011acb   0x120  Code  Gb  tcp.o [1]
tcp_eff_send_mss        0x080122a9    0x28  Code  Gb  tcp.o [1]
tcp_enqueue             0x0801245d   0x48e  Code  Gb  tcp_out.o [1]
tcp_fasttmr             0x08011f9d    0x6e  Code  Gb  tcp.o [1]
tcp_input               0x08010151   0x4bc  Code  Gb  tcp_in.o [1]
tcp_input_pcb           0x2000d6cc     0x4  Data  Gb  tcp_in.o [1]
tcp_keepalive           0x08012d6f    0x4a  Code  Gb  tcp_out.o [1]
tcp_kill_prio           0x08012069    0x4a  Code  Lc  tcp.o [1]
tcp_kill_timewait       0x080120b3    0x34  Code  Lc  tcp.o [1]
tcp_listen_input        0x0801060d   0x146  Code  Lc  tcp_in.o [1]
tcp_listen_pcbs         0x2000d6a8     0x4  Data  Gb  tcp.o [1]
tcp_next_iss            0x08012263    0x14  Code  Gb  tcp.o [1]
tcp_output              0x080128eb   0x26c  Code  Gb  tcp_out.o [1]
tcp_output_segment      0x08012b57    0xbe  Code  Lc  tcp_out.o [1]
tcp_output_set_header   0x080123cd    0x76  Code  Lc  tcp_out.o [1]
tcp_parseopt            0x080113d9    0xae  Code  Lc  tcp_in.o [1]
tcp_pcb_purge           0x0801219d    0x3a  Code  Gb  tcp.o [1]
tcp_pcb_remove          0x080121d7    0x8c  Code  Gb  tcp.o [1]
tcp_persist_backoff     0x080122e0     0x8  Data  Gb  tcp.o [1]
tcp_process             0x080107a1   0x550  Code  Lc  tcp_in.o [1]
tcp_receive             0x08010d25   0x6ae  Code  Lc  tcp_in.o [1]
tcp_recv_null           0x0801204b    0x1e  Code  Lc  tcp.o [1]
tcp_rexmit              0x08012d1b    0x54  Code  Gb  tcp_out.o [1]
tcp_rexmit_rto          0x08012ce7    0x34  Code  Gb  tcp_out.o [1]
tcp_rst                 0x08012c21    0xc6  Code  Gb  tcp_out.o [1]
tcp_seg_free            0x08012025    0x26  Code  Gb  tcp.o [1]
tcp_segs_free           0x0801200b    0x1a  Code  Gb  tcp.o [1]
tcp_send_ctrl           0x08012443    0x1a  Code  Gb  tcp_out.o [1]
tcp_slowtmr             0x08011cd3   0x2ca  Code  Gb  tcp.o [1]
tcp_ticks               0x2000d6a0     0x4  Data  Gb  tcp.o [1]
tcp_timer               0x2000d700     0x1  Data  Lc  tcp.o [1]
tcp_timewait_input      0x08010753    0x4e  Code  Lc  tcp_in.o [1]
tcp_tmp_pcb             0x2000d6b4     0x4  Data  Gb  tcp.o [1]
tcp_tmr                 0x08011aad    0x1e  Code  Gb  tcp.o [1]
tcp_tw_pcbs             0x2000d6b0     0x4  Data  Gb  tcp.o [1]
tcp_update_rcv_ann_wnd  0x08011c9b    0x38  Code  Gb  tcp.o [1]
tcp_zero_window_probe   0x08012db9    0x5a  Code  Gb  tcp_out.o [1]
tcphdr                  0x2000d6b8     0x4  Data  Lc  tcp_in.o [1]
tcplen                  0x2000d6ea     0x2  Data  Lc  tcp_in.o [1]
timExtiHandler          0x2000d6d0     0x4  Data  Gb  timExti.o [1]
timExtiRst              0x080177f9    0x1c  Code  Gb  timExti.o [1]
timUpdates              0x2000d6d4     0x4  Data  Gb  timExti.o [1]
uart2_send              0x080158dd    0x94  Code  Gb  usart.o [1]
uart2_send_buff         0x2000d450    0x64  Data  Gb  usart.o [1]
uart2_send_count        0x2000d6f6     0x2  Data  Gb  usart.o [1]
uart4_send              0x08015849    0x94  Code  Gb  usart.o [1]
uart4_send_buff         0x2000d3ec    0x64  Data  Gb  usart.o [1]
uart4_send_count        0x2000d6f4     0x2  Data  Gb  usart.o [1]
udp_bind                0x080140b9    0x78  Code  Gb  udp.o [1]
udp_client_process      0x08019397    0x5c  Code  Gb  TCPclient.o [1]
udp_connect             0x08014131    0x5a  Code  Gb  udp.o [1]
udp_echoclient_connect  0x08019137    0xf6  Code  Gb  TCPclient.o [1]
udp_input               0x08013dc9   0x1c6  Code  Gb  udp.o [1]
udp_new                 0x08014195    0x20  Code  Gb  udp.o [1]
udp_pcbs                0x2000d6d8     0x4  Data  Gb  udp.o [1]
udp_receive_callback    0x0801922d    0xfe  Code  Gb  TCPclient.o [1]
udp_recv                0x0801418b     0x6  Code  Gb  udp.o [1]
udp_send                0x08013f8f     0xc  Code  Gb  udp.o [1]
udp_send_process        0x0801932b    0x6c  Code  Gb  TCPclient.o [1]
udp_sendto              0x08013f9b    0x2c  Code  Gb  udp.o [1]
udp_sendto_if           0x08013fc7    0xf2  Code  Gb  udp.o [1]
update_arp_entry        0x08014749   0x104  Code  Lc  etharp.o [1]
version                 0x2000d648     0x4  Data  Gb  main.o [1]
wcs2GndParaData         0x2000d4f4    0x30  Data  Gb  fun.o [1]


[1] = F:\gndd\EXP_GND_CTRL_PROJECT_V2_0_12\Project\EWARMv5_IAP\STM3210C-EVAL\Obj
[2] = command line
[3] = dl7M_tlf.a
[4] = m7M_tl.a
[5] = rt7M_tl.a
[6] = shb_l.a

  39 692 bytes of readonly  code memory
      84 bytes of readonly  data memory
  59 142 bytes of readwrite data memory

Errors: none
Warnings: none
