###############################################################################
#                                                                             #
# IAR ELF Linker V6.10.1.52143/W32 for ARM              07/Jan/2021  15:52:39 #
# Copyright 2007-2010 IAR Systems AB.                                         #
#                                                                             #
#    Output file  =  H:\gndd\EXP_GND_CTRL_PROJECT_V2_0_5\source_code\Project\ #
#                    EWARMv5_IAP\STM3210C-EVAL\Exe\STM3210C-EVAL.out          #
#    Map file     =  H:\gndd\EXP_GND_CTRL_PROJECT_V2_0_5\source_code\Project\ #
#                    EWARMv5_IAP\STM3210C-EVAL\List\STM3210C-EVAL.map         #
#    Command line =  H:\gndd\EXP_GND_CTRL_PROJECT_V2_0_5\source_code\Project\ #
#                    EWARMv5_IAP\STM3210C-EVAL\Obj\TCPclient.o                #
#                    H:\gndd\EXP_GND_CTRL_PROJECT_V2_0_5\source_code\Project\ #
#                    EWARMv5_IAP\STM3210C-EVAL\Obj\api_lib.o                  #
#                    H:\gndd\EXP_GND_CTRL_PROJECT_V2_0_5\source_code\Project\ #
#                    EWARMv5_IAP\STM3210C-EVAL\Obj\api_msg.o                  #
#                    H:\gndd\EXP_GND_CTRL_PROJECT_V2_0_5\source_code\Project\ #
#                    EWARMv5_IAP\STM3210C-EVAL\Obj\autoip.o                   #
#                    H:\gndd\EXP_GND_CTRL_PROJECT_V2_0_5\source_code\Project\ #
#                    EWARMv5_IAP\STM3210C-EVAL\Obj\core_cm3.o                 #
#                    H:\gndd\EXP_GND_CTRL_PROJECT_V2_0_5\source_code\Project\ #
#                    EWARMv5_IAP\STM3210C-EVAL\Obj\delay.o                    #
#                    H:\gndd\EXP_GND_CTRL_PROJECT_V2_0_5\source_code\Project\ #
#                    EWARMv5_IAP\STM3210C-EVAL\Obj\dhcp.o                     #
#                    H:\gndd\EXP_GND_CTRL_PROJECT_V2_0_5\source_code\Project\ #
#                    EWARMv5_IAP\STM3210C-EVAL\Obj\err.o                      #
#                    H:\gndd\EXP_GND_CTRL_PROJECT_V2_0_5\source_code\Project\ #
#                    EWARMv5_IAP\STM3210C-EVAL\Obj\etharp.o                   #
#                    H:\gndd\EXP_GND_CTRL_PROJECT_V2_0_5\source_code\Project\ #
#                    EWARMv5_IAP\STM3210C-EVAL\Obj\ethernetif.o               #
#                    H:\gndd\EXP_GND_CTRL_PROJECT_V2_0_5\source_code\Project\ #
#                    EWARMv5_IAP\STM3210C-EVAL\Obj\fun.o                      #
#                    H:\gndd\EXP_GND_CTRL_PROJECT_V2_0_5\source_code\Project\ #
#                    EWARMv5_IAP\STM3210C-EVAL\Obj\icmp.o                     #
#                    H:\gndd\EXP_GND_CTRL_PROJECT_V2_0_5\source_code\Project\ #
#                    EWARMv5_IAP\STM3210C-EVAL\Obj\igmp.o                     #
#                    H:\gndd\EXP_GND_CTRL_PROJECT_V2_0_5\source_code\Project\ #
#                    EWARMv5_IAP\STM3210C-EVAL\Obj\inet.o                     #
#                    H:\gndd\EXP_GND_CTRL_PROJECT_V2_0_5\source_code\Project\ #
#                    EWARMv5_IAP\STM3210C-EVAL\Obj\inet_chksum.o              #
#                    H:\gndd\EXP_GND_CTRL_PROJECT_V2_0_5\source_code\Project\ #
#                    EWARMv5_IAP\STM3210C-EVAL\Obj\init.o                     #
#                    H:\gndd\EXP_GND_CTRL_PROJECT_V2_0_5\source_code\Project\ #
#                    EWARMv5_IAP\STM3210C-EVAL\Obj\input.o                    #
#                    H:\gndd\EXP_GND_CTRL_PROJECT_V2_0_5\source_code\Project\ #
#                    EWARMv5_IAP\STM3210C-EVAL\Obj\ip.o                       #
#                    H:\gndd\EXP_GND_CTRL_PROJECT_V2_0_5\source_code\Project\ #
#                    EWARMv5_IAP\STM3210C-EVAL\Obj\ip_addr.o                  #
#                    H:\gndd\EXP_GND_CTRL_PROJECT_V2_0_5\source_code\Project\ #
#                    EWARMv5_IAP\STM3210C-EVAL\Obj\ip_frag.o                  #
#                    H:\gndd\EXP_GND_CTRL_PROJECT_V2_0_5\source_code\Project\ #
#                    EWARMv5_IAP\STM3210C-EVAL\Obj\main.o                     #
#                    H:\gndd\EXP_GND_CTRL_PROJECT_V2_0_5\source_code\Project\ #
#                    EWARMv5_IAP\STM3210C-EVAL\Obj\mem.o                      #
#                    H:\gndd\EXP_GND_CTRL_PROJECT_V2_0_5\source_code\Project\ #
#                    EWARMv5_IAP\STM3210C-EVAL\Obj\memp.o                     #
#                    H:\gndd\EXP_GND_CTRL_PROJECT_V2_0_5\source_code\Project\ #
#                    EWARMv5_IAP\STM3210C-EVAL\Obj\misc.o                     #
#                    H:\gndd\EXP_GND_CTRL_PROJECT_V2_0_5\source_code\Project\ #
#                    EWARMv5_IAP\STM3210C-EVAL\Obj\netbuf.o                   #
#                    H:\gndd\EXP_GND_CTRL_PROJECT_V2_0_5\source_code\Project\ #
#                    EWARMv5_IAP\STM3210C-EVAL\Obj\netconf.o                  #
#                    H:\gndd\EXP_GND_CTRL_PROJECT_V2_0_5\source_code\Project\ #
#                    EWARMv5_IAP\STM3210C-EVAL\Obj\netdb.o                    #
#                    H:\gndd\EXP_GND_CTRL_PROJECT_V2_0_5\source_code\Project\ #
#                    EWARMv5_IAP\STM3210C-EVAL\Obj\netif.o                    #
#                    H:\gndd\EXP_GND_CTRL_PROJECT_V2_0_5\source_code\Project\ #
#                    EWARMv5_IAP\STM3210C-EVAL\Obj\netifapi.o                 #
#                    H:\gndd\EXP_GND_CTRL_PROJECT_V2_0_5\source_code\Project\ #
#                    EWARMv5_IAP\STM3210C-EVAL\Obj\pbuf.o                     #
#                    H:\gndd\EXP_GND_CTRL_PROJECT_V2_0_5\source_code\Project\ #
#                    EWARMv5_IAP\STM3210C-EVAL\Obj\raw.o                      #
#                    H:\gndd\EXP_GND_CTRL_PROJECT_V2_0_5\source_code\Project\ #
#                    EWARMv5_IAP\STM3210C-EVAL\Obj\speed_ctrl.o               #
#                    H:\gndd\EXP_GND_CTRL_PROJECT_V2_0_5\source_code\Project\ #
#                    EWARMv5_IAP\STM3210C-EVAL\Obj\startup_stm32f10x_cl.o     #
#                    H:\gndd\EXP_GND_CTRL_PROJECT_V2_0_5\source_code\Project\ #
#                    EWARMv5_IAP\STM3210C-EVAL\Obj\stats.o                    #
#                    H:\gndd\EXP_GND_CTRL_PROJECT_V2_0_5\source_code\Project\ #
#                    EWARMv5_IAP\STM3210C-EVAL\Obj\stm32_eth.o                #
#                    H:\gndd\EXP_GND_CTRL_PROJECT_V2_0_5\source_code\Project\ #
#                    EWARMv5_IAP\STM3210C-EVAL\Obj\stm32f107.o                #
#                    H:\gndd\EXP_GND_CTRL_PROJECT_V2_0_5\source_code\Project\ #
#                    EWARMv5_IAP\STM3210C-EVAL\Obj\stm32f10x_adc.o            #
#                    H:\gndd\EXP_GND_CTRL_PROJECT_V2_0_5\source_code\Project\ #
#                    EWARMv5_IAP\STM3210C-EVAL\Obj\stm32f10x_bkp.o            #
#                    H:\gndd\EXP_GND_CTRL_PROJECT_V2_0_5\source_code\Project\ #
#                    EWARMv5_IAP\STM3210C-EVAL\Obj\stm32f10x_dma.o            #
#                    H:\gndd\EXP_GND_CTRL_PROJECT_V2_0_5\source_code\Project\ #
#                    EWARMv5_IAP\STM3210C-EVAL\Obj\stm32f10x_exti.o           #
#                    H:\gndd\EXP_GND_CTRL_PROJECT_V2_0_5\source_code\Project\ #
#                    EWARMv5_IAP\STM3210C-EVAL\Obj\stm32f10x_flash.o          #
#                    H:\gndd\EXP_GND_CTRL_PROJECT_V2_0_5\source_code\Project\ #
#                    EWARMv5_IAP\STM3210C-EVAL\Obj\stm32f10x_gpio.o           #
#                    H:\gndd\EXP_GND_CTRL_PROJECT_V2_0_5\source_code\Project\ #
#                    EWARMv5_IAP\STM3210C-EVAL\Obj\stm32f10x_i2c.o            #
#                    H:\gndd\EXP_GND_CTRL_PROJECT_V2_0_5\source_code\Project\ #
#                    EWARMv5_IAP\STM3210C-EVAL\Obj\stm32f10x_it.o             #
#                    H:\gndd\EXP_GND_CTRL_PROJECT_V2_0_5\source_code\Project\ #
#                    EWARMv5_IAP\STM3210C-EVAL\Obj\stm32f10x_pwr.o            #
#                    H:\gndd\EXP_GND_CTRL_PROJECT_V2_0_5\source_code\Project\ #
#                    EWARMv5_IAP\STM3210C-EVAL\Obj\stm32f10x_rcc.o            #
#                    H:\gndd\EXP_GND_CTRL_PROJECT_V2_0_5\source_code\Project\ #
#                    EWARMv5_IAP\STM3210C-EVAL\Obj\stm32f10x_rtc.o            #
#                    H:\gndd\EXP_GND_CTRL_PROJECT_V2_0_5\source_code\Project\ #
#                    EWARMv5_IAP\STM3210C-EVAL\Obj\stm32f10x_spi.o            #
#                    H:\gndd\EXP_GND_CTRL_PROJECT_V2_0_5\source_code\Project\ #
#                    EWARMv5_IAP\STM3210C-EVAL\Obj\stm32f10x_tim.o            #
#                    H:\gndd\EXP_GND_CTRL_PROJECT_V2_0_5\source_code\Project\ #
#                    EWARMv5_IAP\STM3210C-EVAL\Obj\stm32f10x_usart.o          #
#                    H:\gndd\EXP_GND_CTRL_PROJECT_V2_0_5\source_code\Project\ #
#                    EWARMv5_IAP\STM3210C-EVAL\Obj\sys.o                      #
#                    H:\gndd\EXP_GND_CTRL_PROJECT_V2_0_5\source_code\Project\ #
#                    EWARMv5_IAP\STM3210C-EVAL\Obj\system_stm32f10x.o         #
#                    H:\gndd\EXP_GND_CTRL_PROJECT_V2_0_5\source_code\Project\ #
#                    EWARMv5_IAP\STM3210C-EVAL\Obj\tcp.o                      #
#                    H:\gndd\EXP_GND_CTRL_PROJECT_V2_0_5\source_code\Project\ #
#                    EWARMv5_IAP\STM3210C-EVAL\Obj\tcp_in.o                   #
#                    H:\gndd\EXP_GND_CTRL_PROJECT_V2_0_5\source_code\Project\ #
#                    EWARMv5_IAP\STM3210C-EVAL\Obj\tcp_out.o                  #
#                    H:\gndd\EXP_GND_CTRL_PROJECT_V2_0_5\source_code\Project\ #
#                    EWARMv5_IAP\STM3210C-EVAL\Obj\tcpip.o                    #
#                    H:\gndd\EXP_GND_CTRL_PROJECT_V2_0_5\source_code\Project\ #
#                    EWARMv5_IAP\STM3210C-EVAL\Obj\timExti.o                  #
#                    H:\gndd\EXP_GND_CTRL_PROJECT_V2_0_5\source_code\Project\ #
#                    EWARMv5_IAP\STM3210C-EVAL\Obj\udp.o                      #
#                    H:\gndd\EXP_GND_CTRL_PROJECT_V2_0_5\source_code\Project\ #
#                    EWARMv5_IAP\STM3210C-EVAL\Obj\usart.o -o                 #
#                    H:\gndd\EXP_GND_CTRL_PROJECT_V2_0_5\source_code\Project\ #
#                    EWARMv5_IAP\STM3210C-EVAL\Exe\STM3210C-EVAL.out --map    #
#                    H:\gndd\EXP_GND_CTRL_PROJECT_V2_0_5\source_code\Project\ #
#                    EWARMv5_IAP\STM3210C-EVAL\List\STM3210C-EVAL.map         #
#                    --config H:\gndd\EXP_GND_CTRL_PROJECT_V2_0_5\source_code #
#                    \Project\EWARMv5_IAP\STM32F10x_FLASH.icf --semihosting   #
#                    --entry __iar_program_start                              #
#                                                                             #
#                                                                             #
###############################################################################

*******************************************************************************
*** RUNTIME MODEL ATTRIBUTES
***

CppFlavor       = *
__SystemLibrary = DLib


*******************************************************************************
*** PLACEMENT SUMMARY
***

"A1":  place at 0x08010000 { ro section .intvec };
"P1":  place in [from 0x08008000 to 0x0803ffff] { ro };
"P2":  place in [from 0x20000000 to 0x2000ffff] { rw, block CSTACK, block HEAP };

  Section            Kind        Address    Size  Object
  -------            ----        -------    ----  ------
"A1":                                      0x150
  .intvec            ro code  0x08010000   0x150  startup_stm32f10x_cl.o [1]
                            - 0x08010150   0x150

"P1":                                     0x68b8
  .text              ro code  0x08010150   0xad0  tcp_in.o [1]
  .text              ro code  0x08010c20    0x26  inet.o [1]
  .text              ro code  0x08010c46   0x38a  pbuf.o [1]
  .text              ro code  0x08010fd0    0x40  ip_addr.o [1]
  .text              ro code  0x08011010   0x7ca  tcp_out.o [1]
  .text              ro code  0x080117da    0x2e  copy_init3.o [5]
  .text              ro code  0x08011808   0x5d0  tcp.o [1]
  .text              ro code  0x08011dd8    0x9c  memp.o [1]
  .text              ro code  0x08011e74   0x1d8  mem.o [1]
  .text              ro code  0x0801204c    0x70  ABImemcpy.o [5]
  .text              ro code  0x080120bc   0x294  ip.o [1]
  .text              ro code  0x08012350     0x6  ABImemclr4.o [5]
  .text              ro code  0x08012356    0x22  zero_init3.o [5]
  .text              ro code  0x08012378   0x10a  netif.o [1]
  .text              ro code  0x08012484   0x48c  ip_frag.o [1]
  .text              ro code  0x08012910    0x60  raw.o [1]
  .text              ro code  0x08012970   0x2f2  udp.o [1]
  .text              ro code  0x08012c62   0x18c  icmp.o [1]
  .text              ro code  0x08012df0    0x38  ABImemset48.o [5]
  .text              ro code  0x08012e28   0x64c  etharp.o [1]
  .text              ro code  0x08013474    0x9a  inet_chksum.o [1]
  .text              ro code  0x08013510   0x5d2  stm32f107.o [1]
  .text              ro code  0x08013ae4    0x94  stm32f10x_tim.o [1]
  .text              ro code  0x08013b78   0x164  stm32f10x_gpio.o [1]
  .text              ro code  0x08013cdc    0x90  stm32f10x_exti.o [1]
  .text              ro code  0x08013d6c    0xa0  stm32f10x_usart.o [1]
  .text              ro code  0x08013e0c   0x158  stm32f10x_dma.o [1]
  .text              ro code  0x08013f64   0x114  system_stm32f10x.o [1]
  .text              ro code  0x08014078   0x11c  stm32f10x_rcc.o [1]
  .text              ro code  0x08014194   0x134  main.o [1]
  .text              ro code  0x080142c8   0x568  stm32_eth.o [1]
  .text              ro code  0x08014830    0x8c  misc.o [1]
  .text              ro code  0x080148bc   0x488  speed_ctrl.o [1]
  .text              ro code  0x08014d44    0xb0  input.o [1]
  .text              ro code  0x08014df4   0x290  fun.o [1]
  .text              ro code  0x08015084    0xb4  netconf.o [1]
  .text              ro code  0x08015138   0x1d0  TCPclient.o [1]
  .text              ro code  0x08015308   0x3ac  usart.o [1]
  .text              ro code  0x080156b4    0x30  I32ToFlt.o [4]
  .text              ro code  0x080156e4    0xd8  FltMul.o [4]
  .text              ro code  0x080157bc    0x44  FltToS32.o [4]
  .text              ro code  0x08015800    0xfc  FltDiv.o [4]
  .text              ro code  0x080158fc    0xe2  FltSub.o [4]
  .text              ro code  0x080159e0    0x4e  FltToDbl.o [4]
  .text              ro code  0x08015a30    0x2e  DblCmpGe.o [4]
  .text              ro code  0x08015a60    0x1c  FltCmpEq.o [4]
  .text              ro code  0x08015a7c    0x2e  DblCmpLe.o [4]
  .text              ro code  0x08015aac    0x24  FltCmpGe.o [4]
  .text              ro code  0x08015ad0    0x82  FltAdd.o [4]
  .text              ro code  0x08015b54    0x24  FltCmpLe.o [4]
  .text              ro code  0x08015b78    0x2e  I32ToDbl.o [4]
  .text              ro code  0x08015ba8   0x1a2  DblMul.o [4]
  .text              ro code  0x08015d4c    0xe6  DblAdd.o [4]
  .text              ro code  0x08015e34    0x56  DblToI32.o [4]
  .text              ro code  0x08015e8c    0x1c  stm32f10x_bkp.o [1]
  .text              ro code  0x08015ea8   0x1bc  timExti.o [1]
  .text              ro code  0x08016064   0x224  ethernetif.o [1]
  .text              ro code  0x08016288   0x246  DblDiv.o [4]
  .text              ro code  0x080164d0   0x17e  DblSub.o [4]
  .text              ro code  0x08016650   0x138  stm32f10x_it.o [1]
  .text              ro code  0x08016788    0x30  iarttio.o [6]
  .text              ro code  0x080167b8     0x8  XShttio.o [3]
  .text              ro code  0x080167c0    0x2c  data_init3.o [5]
  .iar.init_table    const    0x080167ec    0x24  - Linker created -
  .text              ro code  0x08016810    0x16  cmain.o [5]
  .text              ro code  0x08016826     0x4  low_level_init.o [3]
  .text              ro code  0x0801682a     0x8  exit.o [3]
  .text              ro code  0x08016834     0xa  cexit.o [5]
  .text              ro code  0x08016840    0x14  exit.o [6]
  .text              ro code  0x08016854     0xc  cstartup_M.o [5]
  .text              ro code  0x08016860     0x4  startup_stm32f10x_cl.o [1]
  .text              ro code  0x08016864     0x4  startup_stm32f10x_cl.o [1]
  .text              ro code  0x08016868     0x4  startup_stm32f10x_cl.o [1]
  .text              ro code  0x0801686c     0x4  startup_stm32f10x_cl.o [1]
  .text              ro code  0x08016870     0x4  startup_stm32f10x_cl.o [1]
  .text              ro code  0x08016874     0x4  startup_stm32f10x_cl.o [1]
  .text              ro code  0x08016878     0x4  startup_stm32f10x_cl.o [1]
  .text              ro code  0x0801687c     0x4  startup_stm32f10x_cl.o [1]
  .text              ro code  0x08016880     0x4  startup_stm32f10x_cl.o [1]
  .text              ro code  0x08016884     0x4  startup_stm32f10x_cl.o [1]
  .text              ro code  0x08016888     0x4  startup_stm32f10x_cl.o [1]
  .text              ro code  0x0801688c     0x4  startup_stm32f10x_cl.o [1]
  .text              ro code  0x08016890     0x4  startup_stm32f10x_cl.o [1]
  .text              ro code  0x08016894     0x4  startup_stm32f10x_cl.o [1]
  .text              ro code  0x08016898     0x4  startup_stm32f10x_cl.o [1]
  .text              ro code  0x0801689c     0x4  startup_stm32f10x_cl.o [1]
  .text              ro code  0x080168a0     0x4  startup_stm32f10x_cl.o [1]
  .text              ro code  0x080168a4     0x4  startup_stm32f10x_cl.o [1]
  .text              ro code  0x080168a8     0x4  startup_stm32f10x_cl.o [1]
  .text              ro code  0x080168ac     0x4  startup_stm32f10x_cl.o [1]
  .text              ro code  0x080168b0     0x4  startup_stm32f10x_cl.o [1]
  .text              ro code  0x080168b4     0x4  startup_stm32f10x_cl.o [1]
  .text              ro code  0x080168b8     0x4  startup_stm32f10x_cl.o [1]
  .text              ro code  0x080168bc     0x4  startup_stm32f10x_cl.o [1]
  .text              ro code  0x080168c0     0x4  startup_stm32f10x_cl.o [1]
  .text              ro code  0x080168c4     0x4  startup_stm32f10x_cl.o [1]
  .text              ro code  0x080168c8     0x4  startup_stm32f10x_cl.o [1]
  .text              ro code  0x080168cc     0x4  startup_stm32f10x_cl.o [1]
  .text              ro code  0x080168d0     0x4  startup_stm32f10x_cl.o [1]
  .text              ro code  0x080168d4     0x4  startup_stm32f10x_cl.o [1]
  .text              ro code  0x080168d8     0x4  startup_stm32f10x_cl.o [1]
  .text              ro code  0x080168dc     0x4  startup_stm32f10x_cl.o [1]
  .text              ro code  0x080168e0     0x4  startup_stm32f10x_cl.o [1]
  .text              ro code  0x080168e4     0x4  startup_stm32f10x_cl.o [1]
  .text              ro code  0x080168e8     0x4  startup_stm32f10x_cl.o [1]
  .text              ro code  0x080168ec     0x4  startup_stm32f10x_cl.o [1]
  .text              ro code  0x080168f0     0x4  startup_stm32f10x_cl.o [1]
  .text              ro code  0x080168f4     0x4  startup_stm32f10x_cl.o [1]
  .text              ro code  0x080168f8     0x4  startup_stm32f10x_cl.o [1]
  .text              ro code  0x080168fc     0x4  startup_stm32f10x_cl.o [1]
  .text              ro code  0x08016900     0x4  startup_stm32f10x_cl.o [1]
  .text              ro code  0x08016904     0x4  startup_stm32f10x_cl.o [1]
  .text              ro code  0x08016908     0x4  startup_stm32f10x_cl.o [1]
  .text              ro code  0x0801690c     0x4  startup_stm32f10x_cl.o [1]
  .text              ro code  0x08016910     0x4  startup_stm32f10x_cl.o [1]
  .text              ro code  0x08016914     0x4  startup_stm32f10x_cl.o [1]
  .text              ro code  0x08016918     0x4  startup_stm32f10x_cl.o [1]
  .text              ro code  0x0801691c     0x4  startup_stm32f10x_cl.o [1]
  .text              ro code  0x08016920     0x4  startup_stm32f10x_cl.o [1]
  .text              ro code  0x08016924     0x4  startup_stm32f10x_cl.o [1]
  .text              ro code  0x08016928     0x4  startup_stm32f10x_cl.o [1]
  .text              ro code  0x0801692c     0x4  startup_stm32f10x_cl.o [1]
  .text              ro code  0x08016930     0x4  startup_stm32f10x_cl.o [1]
  .text              ro code  0x08016934     0x4  startup_stm32f10x_cl.o [1]
  .text              ro code  0x08016938     0x4  startup_stm32f10x_cl.o [1]
  .text              ro code  0x0801693c     0x4  startup_stm32f10x_cl.o [1]
  .text              ro code  0x08016940     0x4  startup_stm32f10x_cl.o [1]
  .text              ro code  0x08016944     0x4  startup_stm32f10x_cl.o [1]
  .text              ro code  0x08016948     0x4  startup_stm32f10x_cl.o [1]
  .text              ro code  0x0801694c     0x4  startup_stm32f10x_cl.o [1]
  .text              ro code  0x08016950     0x4  startup_stm32f10x_cl.o [1]
  .text              ro code  0x08016954     0x4  startup_stm32f10x_cl.o [1]
  .text              ro code  0x08016958     0x4  startup_stm32f10x_cl.o [1]
  .text              ro code  0x0801695c     0x4  startup_stm32f10x_cl.o [1]
  .text              ro code  0x08016960     0x4  startup_stm32f10x_cl.o [1]
  .text              ro code  0x08016964     0x4  startup_stm32f10x_cl.o [1]
  .text              ro code  0x08016968     0x4  startup_stm32f10x_cl.o [1]
  .text              ro code  0x0801696c     0x4  startup_stm32f10x_cl.o [1]
  .text              ro code  0x08016970     0x4  startup_stm32f10x_cl.o [1]
  .text              ro code  0x08016974     0x4  startup_stm32f10x_cl.o [1]
  Initializer bytes  ro data  0x08016978    0x90  <for P2 s0>
                            - 0x08016a08  0x68b8

"P2", part 1 of 3:                          0x90
  P2 s0                       0x20000000    0x90  <Init block>
    .data            inited   0x20000000    0x3c  speed_ctrl.o [1]
    .data            inited   0x2000003c    0x20  tcp.o [1]
    .data            inited   0x2000005c    0x14  main.o [1]
    .data            inited   0x20000070    0x14  stm32f10x_rcc.o [1]
    .data            inited   0x20000084     0x8  XShttio.o [3]
    .data            inited   0x2000008c     0x1  main.o [1]
                            - 0x20000090    0x90

"P2", part 2 of 3:                        0xd498
  .bss               zero     0x20000090  0x5020  mem.o [1]
  .bss               zero     0x200050b0  0x46b0  memp.o [1]
  .bss               zero     0x20009760  0x2408  ethernetif.o [1]
  .bss               zero     0x2000bb68  0x1018  TCPclient.o [1]
  .bss               zero     0x2000cb80   0x5e0  ip_frag.o [1]
  .bss               zero     0x2000d160    0xc8  etharp.o [1]
  .bss               zero     0x2000d228    0xc8  fun.o [1]
  .bss               zero     0x2000d2f0    0x64  usart.o [1]
  .bss               zero     0x2000d354    0x64  usart.o [1]
  .bss               zero     0x2000d3b8    0x44  fun.o [1]
  .bss               zero     0x2000d3fc    0x34  tcp_in.o [1]
  .bss               zero     0x2000d430    0x30  netconf.o [1]
  .bss               zero     0x2000d460    0x2e  input.o [1]
  .bss               zero     0x2000d48e     0x2  ip.o [1]
  .bss               zero     0x2000d490    0x18  fun.o [1]
  .bss               zero     0x2000d4a8    0x14  timExti.o [1]
  .bss               zero     0x2000d4bc    0x14  usart.o [1]
  .bss               zero     0x2000d4d0     0xc  fun.o [1]
  .bss               zero     0x2000d4dc     0xc  netif.o [1]
  .bss               zero     0x2000d4e8     0x8  ip.o [1]
  .bss               zero     0x2000d4f0     0x8  ip_frag.o [1]
  .bss               zero     0x2000d4f8     0x8  netconf.o [1]
  .bss               zero     0x2000d500     0x8  stm32_eth.o [1]
  .bss               zero     0x2000d508     0x8  stm32_eth.o [1]
  .bss               zero     0x2000d510     0x4  raw.o [1]
  .bss               zero     0x2000d514     0x4  stm32f107.o [1]
  .bss               zero     0x2000d518     0x4  udp.o [1]
  .bss               zero     0x2000d51c     0x2  main.o [1]
  .bss               zero     0x2000d51e     0x2  main.o [1]
  .bss               zero     0x2000d520     0x1  etharp.o [1]
  .bss               zero     0x2000d521     0x1  main.o [1]
  .bss               zero     0x2000d522     0x1  main.o [1]
  .bss               zero     0x2000d523     0x1  tcp.o [1]
                            - 0x2000d524  0xd494

"P2", part 3 of 3:                        0x1000
  CSTACK                      0x2000d528  0x1000  <Block>
    CSTACK           uninit   0x2000d528  0x1000  <Block tail>
                            - 0x2000e528  0x1000


*******************************************************************************
*** INIT TABLE
***

          Address     Size
          -------     ----
Zero (__iar_zero_init3)
    1 destination range, total size 0xd494:
          0x20000090  0xd494

Copy (__iar_copy_init3)
    1 source range, total size 0x90 (102% of destination):
          0x08016978    0x90
    1 destination range, total size 0x8d:
          0x20000000    0x8d


*******************************************************************************
*** MODULE SUMMARY
***

    Module                  ro code  ro data  rw data
    ------                  -------  -------  -------
H:\gndd\EXP_GND_CTRL_PROJECT_V2_0_5\source_code\Project\EWARMv5_IAP\STM3210C-EVAL\Obj: [1]
    TCPclient.o                 464             4 120
    etharp.o                  1 612               201
    ethernetif.o                548             9 224
    fun.o                       656               304
    icmp.o                      396
    inet.o                       38
    inet_chksum.o               154
    input.o                     176                46
    ip.o                        660                10
    ip_addr.o                    64
    ip_frag.o                 1 164             1 512
    main.o                      308       21       27
    mem.o                       472            20 512
    memp.o                      156            18 096
    misc.o                      140
    netconf.o                   180                56
    netif.o                     266                12
    pbuf.o                      906
    raw.o                        96                 4
    speed_ctrl.o              1 160       60       60
    startup_stm32f10x_cl.o      616
    stm32_eth.o               1 384                16
    stm32f107.o               1 490                 4
    stm32f10x_bkp.o              28
    stm32f10x_dma.o             344
    stm32f10x_exti.o            144
    stm32f10x_gpio.o            356
    stm32f10x_it.o              312
    stm32f10x_rcc.o             284       20       20
    stm32f10x_tim.o             148
    stm32f10x_usart.o           160
    system_stm32f10x.o          276
    tcp.o                     1 488       32       33
    tcp_in.o                  2 768                52
    tcp_out.o                 1 994
    timExti.o                   444                20
    udp.o                       754                 4
    usart.o                     940               220
    -------------------------------------------------
    Total:                   23 546      133   54 553

command line: [2]
    -------------------------------------------------
    Total:

dl7M_tlf.a: [3]
    XShttio.o                     8        8        8
    exit.o                        8
    low_level_init.o              4
    -------------------------------------------------
    Total:                       20        8        8

m7M_tl.a: [4]
    DblAdd.o                    230
    DblCmpGe.o                   46
    DblCmpLe.o                   46
    DblDiv.o                    582
    DblMul.o                    418
    DblSub.o                    382
    DblToI32.o                   86
    FltAdd.o                    130
    FltCmpEq.o                   28
    FltCmpGe.o                   36
    FltCmpLe.o                   36
    FltDiv.o                    252
    FltMul.o                    216
    FltSub.o                    226
    FltToDbl.o                   78
    FltToS32.o                   68
    I32ToDbl.o                   46
    I32ToFlt.o                   48
    -------------------------------------------------
    Total:                    2 954

rt7M_tl.a: [5]
    ABImemclr4.o                  6
    ABImemcpy.o                 112
    ABImemset48.o                56
    cexit.o                      10
    cmain.o                      22
    copy_init3.o                 46
    cstartup_M.o                 12
    data_init3.o                 44
    zero_init3.o                 34
    -------------------------------------------------
    Total:                      342

shb_l.a: [6]
    exit.o                       20
    iarttio.o                    48
    -------------------------------------------------
    Total:                       68

    Gaps                         34                 3
    Linker created                        39    4 096
-----------------------------------------------------
    Grand Total:             26 964      180   58 660


*******************************************************************************
*** ENTRY LIST
***

Entry                      Address    Size  Type      Object
-----                      -------    ----  ----      ------
?main                   0x08016811          Code  Gb  cmain.o [5]
ADC1_2_IRQHandler       0x080168cd          Code  Wk  startup_stm32f10x_cl.o [1]
ADCPrescTable           0x20000080     0x4  Data  Lc  stm32f10x_rcc.o [1]
APBAHBPrescTable        0x20000070    0x10  Data  Lc  stm32f10x_rcc.o [1]
ARPTimer                0x2000d4fc     0x4  Data  Gb  netconf.o [1]
AddSendMsgToQueue       0x08014e4f     0x6  Code  Gb  fun.o [1]
BKP_WriteBackupRegister
                        0x08015e8d    0x18  Code  Gb  stm32f10x_bkp.o [1]
BusFault_Handler        0x08016657     0x2  Code  Gb  stm32f10x_it.o [1]
CAN1_RX0_IRQHandler     0x080168d5          Code  Wk  startup_stm32f10x_cl.o [1]
CAN1_RX1_IRQHandler     0x080168d9          Code  Wk  startup_stm32f10x_cl.o [1]
CAN1_SCE_IRQHandler     0x080168dd          Code  Wk  startup_stm32f10x_cl.o [1]
CAN1_TX_IRQHandler      0x080168d1          Code  Wk  startup_stm32f10x_cl.o [1]
CAN2_RX0_IRQHandler     0x08016969          Code  Wk  startup_stm32f10x_cl.o [1]
CAN2_RX1_IRQHandler     0x0801696d          Code  Wk  startup_stm32f10x_cl.o [1]
CAN2_SCE_IRQHandler     0x08016971          Code  Wk  startup_stm32f10x_cl.o [1]
CAN2_TX_IRQHandler      0x08016965          Code  Wk  startup_stm32f10x_cl.o [1]
CRCHi                   0x080154b4   0x100  Data  Gb  usart.o [1]
CRCLo                   0x080155b4   0x100  Data  Gb  usart.o [1]
CRC_sub                 0x0801536b    0x30  Code  Gb  usart.o [1]
CSTACK$$Base            0x2000d528           --   Gb  - Linker created -
CSTACK$$Limit           0x2000e528           --   Gb  - Linker created -
DMA1_Channel1_IRQHandler
                        0x080168b1          Code  Wk  startup_stm32f10x_cl.o [1]
DMA1_Channel2_IRQHandler
                        0x080168b5          Code  Wk  startup_stm32f10x_cl.o [1]
DMA1_Channel3_IRQHandler
                        0x080168b9          Code  Wk  startup_stm32f10x_cl.o [1]
DMA1_Channel4_IRQHandler
                        0x080168bd          Code  Wk  startup_stm32f10x_cl.o [1]
DMA1_Channel5_IRQHandler
                        0x080168c1          Code  Wk  startup_stm32f10x_cl.o [1]
DMA1_Channel6_IRQHandler
                        0x080168c5          Code  Wk  startup_stm32f10x_cl.o [1]
DMA1_Channel7_IRQHandler
                        0x080168c9          Code  Wk  startup_stm32f10x_cl.o [1]
DMA2_Channel1_IRQHandler
                        0x08016949          Code  Wk  startup_stm32f10x_cl.o [1]
DMA2_Channel2_IRQHandler
                        0x0801694d          Code  Wk  startup_stm32f10x_cl.o [1]
DMA2_Channel3_IRQHandler
                        0x08016951          Code  Wk  startup_stm32f10x_cl.o [1]
DMA2_Channel4_IRQHandler
                        0x08016955          Code  Wk  startup_stm32f10x_cl.o [1]
DMA2_Channel5_IRQHandler
                        0x08016959          Code  Wk  startup_stm32f10x_cl.o [1]
DMAPTPRxDescToGet       0x2000d50c     0x4  Data  Gb  stm32_eth.o [1]
DMAPTPTxDescToSet       0x2000d504     0x4  Data  Gb  stm32_eth.o [1]
DMARxDescToGet          0x2000d508     0x4  Data  Gb  stm32_eth.o [1]
DMARxDscrTab            0x20009768    0x40  Data  Gb  ethernetif.o [1]
DMATxDescToSet          0x2000d500     0x4  Data  Gb  stm32_eth.o [1]
DMATxDscrTab            0x200097a8    0x20  Data  Gb  ethernetif.o [1]
DMA_ClearFlag           0x08013f1d     0xc  Code  Gb  stm32f10x_dma.o [1]
DMA_Cmd                 0x08013f05    0x14  Code  Gb  stm32f10x_dma.o [1]
DMA_Configuration       0x080136b3    0x56  Code  Gb  stm32f107.o [1]
DMA_DeInit              0x08013e0d    0xc2  Code  Gb  stm32f10x_dma.o [1]
DMA_Init                0x08013ecf    0x36  Code  Gb  stm32f10x_dma.o [1]
DMA_SetCurrDataCounter  0x08013f19     0x4  Code  Gb  stm32f10x_dma.o [1]
DebugMon_Handler        0x0801665d     0x2  Code  Gb  stm32f10x_it.o [1]
ETH_DMAClearITPendingBit
                        0x08014777          Code  Gb  stm32_eth.o [1]
ETH_DMAITConfig         0x080147ab    0x14  Code  Gb  stm32_eth.o [1]
ETH_DMAReceptionCmd     0x08014795    0x16  Code  Gb  stm32_eth.o [1]
ETH_DMARxDescChainInit  0x08014705    0x46  Code  Gb  stm32_eth.o [1]
ETH_DMARxDescReceiveITConfig
                        0x0801474b    0x12  Code  Gb  stm32_eth.o [1]
ETH_DMATransmissionCmd  0x0801477f    0x16  Code  Gb  stm32_eth.o [1]
ETH_DMATxDescChainInit  0x080146bb    0x40  Code  Gb  stm32_eth.o [1]
ETH_DMATxDescChecksumInsertionConfig
                        0x08014703     0x2  Code  Gb  stm32_eth.o [1]
ETH_DMATxDescFrameSegmentConfig
                        0x080146fb          Code  Gb  stm32_eth.o [1]
ETH_DeInit              0x080142c9    0x1a  Code  Gb  stm32_eth.o [1]
ETH_Delay               0x08014815    0x1c  Code  Lc  stm32_eth.o [1]
ETH_GetRxPktSize        0x080145af    0x1e  Code  Gb  stm32_eth.o [1]
ETH_GetSoftwareResetStatus
                        0x0801476b     0x4  Code  Gb  stm32_eth.o [1]
ETH_IRQHandler          0x08016699    0x22  Code  Gb  stm32f10x_it.o [1]
ETH_Init                0x080142e3   0x1f4  Code  Gb  stm32_eth.o [1]
ETH_MACAddressConfig    0x08014691    0x2a  Code  Gb  stm32_eth.o [1]
ETH_MACReceptionCmd     0x0801467b    0x16  Code  Gb  stm32_eth.o [1]
ETH_MACTransmissionCmd  0x08014665    0x16  Code  Gb  stm32_eth.o [1]
ETH_ReadPHYRegister     0x080145cd    0x4c  Code  Gb  stm32_eth.o [1]
ETH_RxPkt_ChainMode     0x080161e5    0x54  Code  Gb  ethernetif.o [1]
ETH_SoftwareReset       0x0801475d     0x4  Code  Gb  stm32_eth.o [1]
ETH_Start               0x08014587    0x28  Code  Gb  stm32_eth.o [1]
ETH_StructInit          0x080144e3    0xa4  Code  Gb  stm32_eth.o [1]
ETH_TxPkt_ChainMode     0x08016239    0x34  Code  Gb  ethernetif.o [1]
ETH_WKUP_IRQHandler     0x08016961          Code  Wk  startup_stm32f10x_cl.o [1]
ETH_WritePHYRegister    0x08014619    0x4c  Code  Gb  stm32_eth.o [1]
EXTI0_IRQHandler        0x0801689d          Code  Wk  startup_stm32f10x_cl.o [1]
EXTI15_10_IRQHandler    0x08016925          Code  Wk  startup_stm32f10x_cl.o [1]
EXTI1_IRQHandler        0x080168a1          Code  Wk  startup_stm32f10x_cl.o [1]
EXTI2_IRQHandler        0x080168a5          Code  Wk  startup_stm32f10x_cl.o [1]
EXTI3_IRQHandler        0x080168a9          Code  Wk  startup_stm32f10x_cl.o [1]
EXTI4_IRQHandler        0x080166bb    0x4e  Code  Gb  stm32f10x_it.o [1]
EXTI9_5_IRQHandler      0x08016709    0x66  Code  Gb  stm32f10x_it.o [1]
EXTI_ClearITPendingBit  0x08013d5d          Code  Gb  stm32f10x_exti.o [1]
EXTI_Configuration      0x08013563    0x42  Code  Gb  stm32f107.o [1]
EXTI_GetITStatus        0x08013d41    0x1a  Code  Gb  stm32f10x_exti.o [1]
EXTI_Init               0x08013cdd    0x64  Code  Gb  stm32f10x_exti.o [1]
EthInitStatus           0x2000d514     0x4  Data  Gb  stm32f107.o [1]
Ethernet_Configuration  0x080137a3    0x90  Code  Gb  stm32f107.o [1]
FLASH_IRQHandler        0x08016895          Code  Wk  startup_stm32f10x_cl.o [1]
GPIO_Configuration      0x08013833   0x152  Code  Gb  stm32f107.o [1]
GPIO_ETH_MediaInterfaceConfig
                        0x08013cc9     0x6  Code  Gb  stm32f10x_gpio.o [1]
GPIO_EXTILineConfig     0x08013ca1    0x28  Code  Gb  stm32f10x_gpio.o [1]
GPIO_Init               0x08013b79    0xbe  Code  Gb  stm32f10x_gpio.o [1]
GPIO_PinRemapConfig     0x08013c5b    0x46  Code  Gb  stm32f10x_gpio.o [1]
GPIO_ReadInputDataBit   0x08013c37     0xe  Code  Gb  stm32f10x_gpio.o [1]
GPIO_ReadOutputDataBit  0x08013c45     0xe  Code  Gb  stm32f10x_gpio.o [1]
GPIO_ResetBits          0x08013c57     0x4  Code  Gb  stm32f10x_gpio.o [1]
GPIO_SetBits            0x08013c53     0x4  Code  Gb  stm32f10x_gpio.o [1]
HardFault_Handler       0x08016653     0x2  Code  Gb  stm32f10x_it.o [1]
I2C1_ER_IRQHandler      0x08016905          Code  Wk  startup_stm32f10x_cl.o [1]
I2C1_EV_IRQHandler      0x08016901          Code  Wk  startup_stm32f10x_cl.o [1]
I2C2_ER_IRQHandler      0x0801690d          Code  Wk  startup_stm32f10x_cl.o [1]
I2C2_EV_IRQHandler      0x08016909          Code  Wk  startup_stm32f10x_cl.o [1]
InitSendMsgQueue        0x08014e49     0x6  Code  Gb  fun.o [1]
InputScanProc           0x08014d45    0x5a  Code  Gb  input.o [1]
Input_keep_in_repaire_process
                        0x08014d9f    0x4e  Code  Gb  input.o [1]
LocalTime               0x20000068     0x4  Data  Gb  main.o [1]
LwIP_Init               0x08015085    0x64  Code  Gb  netconf.o [1]
LwIP_Periodic_Handle    0x080150ef    0x30  Code  Gb  netconf.o [1]
LwIP_Pkt_Handle         0x080150e9     0x6  Code  Gb  netconf.o [1]
MACaddr                 0x20009760     0x8  Data  Gb  ethernetif.o [1]
MemManage_Handler       0x08016655     0x2  Code  Gb  stm32f10x_it.o [1]
NMI_Handler             0x08016651     0x2  Code  Gb  stm32f10x_it.o [1]
NVIC_Configuration      0x08013a69    0x50  Code  Gb  stm32f107.o [1]
NVIC_Init               0x0801483b    0x58  Code  Gb  misc.o [1]
NVIC_PriorityGroupConfig
                        0x08014831     0xa  Code  Gb  misc.o [1]
NVIC_SetVectorTable     0x08014893     0xc  Code  Gb  misc.o [1]
OTG_FS_IRQHandler       0x08016975          Code  Wk  startup_stm32f10x_cl.o [1]
OTG_FS_WKUP_IRQHandler  0x0801692d          Code  Wk  startup_stm32f10x_cl.o [1]
PVD_IRQHandler          0x08016889          Code  Wk  startup_stm32f10x_cl.o [1]
PendSV_Handler          0x0801665f     0x2  Code  Gb  stm32f10x_it.o [1]
RCC_AHBPeriphClockCmd   0x0801411f    0x12  Code  Gb  stm32f10x_rcc.o [1]
RCC_AHBPeriphResetCmd   0x08014155    0x12  Code  Gb  stm32f10x_rcc.o [1]
RCC_APB1PeriphClockCmd  0x08014143    0x12  Code  Gb  stm32f10x_rcc.o [1]
RCC_APB2PeriphClockCmd  0x08014131    0x12  Code  Gb  stm32f10x_rcc.o [1]
RCC_GetClocksFreq       0x08014079    0xa6  Code  Gb  stm32f10x_rcc.o [1]
RCC_IRQHandler          0x08016899          Code  Wk  startup_stm32f10x_cl.o [1]
RCC_MCOConfig           0x08014167     0x6  Code  Gb  stm32f10x_rcc.o [1]
RS485_OUT               0x080148bd    0x12  Code  Gb  speed_ctrl.o [1]
RTCAlarm_IRQHandler     0x08016929          Code  Wk  startup_stm32f10x_cl.o [1]
RTC_IRQHandler          0x08016891          Code  Wk  startup_stm32f10x_cl.o [1]
Region$$Table$$Base     0x080167ec           --   Gb  - Linker created -
Region$$Table$$Limit    0x08016810           --   Gb  - Linker created -
Rx_Buff                 0x200097c8  0x17c0  Data  Gb  ethernetif.o [1]
SPI1_IRQHandler         0x08016911          Code  Wk  startup_stm32f10x_cl.o [1]
SPI2_IRQHandler         0x08016915          Code  Wk  startup_stm32f10x_cl.o [1]
SPI3_IRQHandler         0x08016935          Code  Wk  startup_stm32f10x_cl.o [1]
SVC_Handler             0x0801665b     0x2  Code  Gb  stm32f10x_it.o [1]
ServoFreqSet            0x080153a5    0xbe  Code  Gb  usart.o [1]
Set_MAC_Address         0x08016065    0x22  Code  Gb  ethernetif.o [1]
SysTick_Handler         0x08016661     0x4  Code  Gb  stm32f10x_it.o [1]
SystemInit              0x08013f65    0xfa  Code  Gb  system_stm32f10x.o [1]
System_Setup            0x08013731    0x72  Code  Gb  stm32f107.o [1]
TAMPER_IRQHandler       0x0801688d          Code  Wk  startup_stm32f10x_cl.o [1]
TCPTimer                0x2000d4f8     0x4  Data  Gb  netconf.o [1]
TIM1_BRK_IRQHandler     0x080168e5          Code  Wk  startup_stm32f10x_cl.o [1]
TIM1_CC_IRQHandler      0x080168f1          Code  Wk  startup_stm32f10x_cl.o [1]
TIM1_TRG_COM_IRQHandler
                        0x080168ed          Code  Wk  startup_stm32f10x_cl.o [1]
TIM1_UP_IRQHandler      0x080168e9          Code  Wk  startup_stm32f10x_cl.o [1]
TIM2_IRQHandler         0x08016665    0x34  Code  Gb  stm32f10x_it.o [1]
TIM3_IRQHandler         0x080168f9          Code  Wk  startup_stm32f10x_cl.o [1]
TIM4_IRQHandler         0x080168fd          Code  Wk  startup_stm32f10x_cl.o [1]
TIM5_IRQHandler         0x08016931          Code  Wk  startup_stm32f10x_cl.o [1]
TIM6_IRQHandler         0x08016941          Code  Wk  startup_stm32f10x_cl.o [1]
TIM7_IRQHandler         0x08016945          Code  Wk  startup_stm32f10x_cl.o [1]
TIM_ARRPreloadConfig    0x08013b45    0x14  Code  Gb  stm32f10x_tim.o [1]
TIM_ClearITPendingBit   0x08013b73          Code  Gb  stm32f10x_tim.o [1]
TIM_Cmd                 0x08013b21    0x14  Code  Gb  stm32f10x_tim.o [1]
TIM_Configuration       0x08013511    0x4a  Code  Gb  stm32f107.o [1]
TIM_EXTI_Process        0x08015f91    0xa6  Code  Gb  timExti.o [1]
TIM_GetCounter          0x08013b59     0x4  Code  Gb  stm32f10x_tim.o [1]
TIM_GetITStatus         0x08013b5d    0x16  Code  Gb  stm32f10x_tim.o [1]
TIM_ITConfig            0x08013b35    0x10  Code  Gb  stm32f10x_tim.o [1]
TIM_TimeBaseInit        0x08013ae5    0x34  Code  Gb  stm32f10x_tim.o [1]
Time_Update             0x08014289    0x1e  Code  Gb  main.o [1]
Tx_Buff                 0x2000af88   0xbe0  Data  Gb  ethernetif.o [1]
UART4_IRQHandler        0x08016939          Code  Wk  startup_stm32f10x_cl.o [1]
UART5_IRQHandler        0x0801693d          Code  Wk  startup_stm32f10x_cl.o [1]
USART1_IRQHandler       0x08016919          Code  Wk  startup_stm32f10x_cl.o [1]
USART2_IRQHandler       0x0801691d          Code  Wk  startup_stm32f10x_cl.o [1]
USART3_IRQHandler       0x08016921          Code  Wk  startup_stm32f10x_cl.o [1]
USART_Cmd               0x08013de9    0x14  Code  Gb  stm32f10x_usart.o [1]
USART_Configuration     0x080135bf    0xbc  Code  Gb  stm32f107.o [1]
USART_DMACmd            0x08013dfd    0x10  Code  Gb  stm32f10x_usart.o [1]
USART_Init              0x08013d6d    0x78  Code  Gb  stm32f10x_usart.o [1]
UsageFault_Handler      0x08016659     0x2  Code  Gb  stm32f10x_it.o [1]
WWDG_IRQHandler         0x08016885          Code  Wk  startup_stm32f10x_cl.o [1]
__aeabi_cdcmple         0x08015a7d          Code  Gb  DblCmpLe.o [4]
__aeabi_cdrcmple        0x08015a31          Code  Gb  DblCmpGe.o [4]
__aeabi_cfcmpeq         0x08015a61          Code  Gb  FltCmpEq.o [4]
__aeabi_cfcmple         0x08015b55          Code  Gb  FltCmpLe.o [4]
__aeabi_cfrcmple        0x08015aad          Code  Gb  FltCmpGe.o [4]
__aeabi_d2iz            0x08015e35          Code  Gb  DblToI32.o [4]
__aeabi_d2uiz           0x08015e61          Code  Gb  DblToI32.o [4]
__aeabi_dadd            0x08015d4d          Code  Gb  DblAdd.o [4]
__aeabi_ddiv            0x08016289          Code  Gb  DblDiv.o [4]
__aeabi_dmul            0x08015ba9          Code  Gb  DblMul.o [4]
__aeabi_dsub            0x080164d1          Code  Gb  DblSub.o [4]
__aeabi_f2d             0x080159e1          Code  Gb  FltToDbl.o [4]
__aeabi_f2iz            0x080157bd          Code  Gb  FltToS32.o [4]
__aeabi_fadd            0x08015ad1          Code  Gb  FltAdd.o [4]
__aeabi_fdiv            0x08015801          Code  Gb  FltDiv.o [4]
__aeabi_fmul            0x080156e5          Code  Gb  FltMul.o [4]
__aeabi_fsub            0x080158fd          Code  Gb  FltSub.o [4]
__aeabi_i2d             0x08015b79          Code  Gb  I32ToDbl.o [4]
__aeabi_i2f             0x080156b5          Code  Gb  I32ToFlt.o [4]
__aeabi_memclr4         0x08012351          Code  Gb  ABImemclr4.o [5]
__aeabi_memcpy          0x0801204d          Code  Gb  ABImemcpy.o [5]
__aeabi_memcpy4         0x08012067          Code  Gb  ABImemcpy.o [5]
__aeabi_memcpy8         0x08012067          Code  Gb  ABImemcpy.o [5]
__aeabi_memset4         0x08012df1          Code  Gb  ABImemset48.o [5]
__aeabi_memset8         0x08012df1          Code  Gb  ABImemset48.o [5]
__aeabi_ui2d            0x08015b8d          Code  Gb  I32ToDbl.o [4]
__aeabi_ui2f            0x080156c9          Code  Gb  I32ToFlt.o [4]
__cmain                 0x08016811          Code  Gb  cmain.o [5]
__exit                  0x08016841    0x14  Code  Gb  exit.o [6]
__iar_Memset4_word      0x08012df9          Code  Gb  ABImemset48.o [5]
__iar_Memset8_word      0x08012df9          Code  Gb  ABImemset48.o [5]
__iar_close_ttio        0x08016789    0x2e  Code  Gb  iarttio.o [6]
__iar_copy_init3        0x080117db    0x2e  Code  Gb  copy_init3.o [5]
__iar_d2uiz             0x08015e6b          Code  Gb  DblToI32.o [4]
__iar_dadd              0x08015d5f          Code  Gb  DblAdd.o [4]
__iar_data_init3        0x080167c1    0x2c  Code  Gb  data_init3.o [5]
__iar_dsub              0x080164e3          Code  Gb  DblSub.o [4]
__iar_dsubStart         0x080164f5          Code  Gb  DblSub.o [4]
__iar_fadd              0x08015adf          Code  Gb  FltAdd.o [4]
__iar_fsub              0x0801590b          Code  Gb  FltSub.o [4]
__iar_fsubStart         0x08015919          Code  Gb  FltSub.o [4]
__iar_lookup_ttioh      0x080167b9     0x8  Code  Gb  XShttio.o [3]
__iar_program_start     0x08016855          Code  Gb  cstartup_M.o [5]
__iar_ttio_handles      0x20000084     0x8  Data  Lc  XShttio.o [3]
__iar_ui2d              0x08015b8f          Code  Gb  I32ToDbl.o [4]
__iar_ui2f              0x080156cb          Code  Gb  I32ToFlt.o [4]
__iar_zero_init3        0x08012357    0x22  Code  Gb  zero_init3.o [5]
__low_level_init        0x08016827     0x4  Code  Gb  low_level_init.o [3]
__vector_table          0x08010000          Data  Gb  startup_stm32f10x_cl.o [1]
_call_main              0x0801681d          Code  Gb  cmain.o [5]
_exit                   0x08016835          Code  Gb  cexit.o [5]
_main                   0x08016823          Code  Gb  cmain.o [5]
ackno                   0x2000d424     0x4  Data  Lc  tcp_in.o [1]
adjust_stage_flag       0x2000d4a8     0x1  Data  Gb  timExti.o [1]
arp_table               0x2000d160    0xc8  Data  Lc  etharp.o [1]
buf                     0x2000cb80   0x5e0  Data  Lc  ip_frag.o [1]
cal_distance_to_real_locate
                        0x08015edd    0x16  Code  Gb  timExti.o [1]
cal_move_distance       0x08015ebd    0x20  Code  Gb  timExti.o [1]
creat_udp_connect_process
                        0x08015139    0x32  Code  Gb  TCPclient.o [1]
current_header          0x2000d4ec     0x4  Data  Lc  ip.o [1]
current_netif           0x2000d4e8     0x4  Data  Lc  ip.o [1]
enQueue                 0x08014e03    0x22  Code  Gb  fun.o [1]
etharp_arp_input        0x080130a5    0xe0  Code  Gb  etharp.o [1]
etharp_cached_entry     0x2000d520     0x1  Data  Lc  etharp.o [1]
etharp_ip_input         0x08013081    0x24  Code  Gb  etharp.o [1]
etharp_output           0x0801318d    0xa4  Code  Gb  etharp.o [1]
etharp_query            0x08013243    0xf2  Code  Gb  etharp.o [1]
etharp_raw              0x08013341    0xa8  Code  Lc  etharp.o [1]
etharp_request          0x080133e9    0x28  Code  Gb  etharp.o [1]
etharp_send_ip          0x08012fbf    0x2c  Code  Lc  etharp.o [1]
etharp_tmr              0x08012e47    0x44  Code  Gb  etharp.o [1]
ethbroadcast            0x08013464     0x8  Data  Gb  etharp.o [1]
ethernet_input          0x08013411    0x52  Code  Gb  etharp.o [1]
ethernetif_init         0x08016127    0xbe  Code  Gb  ethernetif.o [1]
ethernetif_input        0x08016101    0x26  Code  Gb  ethernetif.o [1]
ethzero                 0x0801346c     0x8  Data  Gb  etharp.o [1]
exit                    0x0801682b     0x8  Code  Gb  exit.o [3]
find_entry              0x08012e8b   0x134  Code  Lc  etharp.o [1]
first_stage_cnt         0x2000d4b0     0x2  Data  Gb  timExti.o [1]
first_stage_hz          0x2000d4b2     0x2  Data  Gb  timExti.o [1]
flags                   0x2000d3fc     0x1  Data  Lc  tcp_in.o [1]
free_etharp_q           0x08012e29    0x1e  Code  Lc  etharp.o [1]
fwErr                   0x20000000     0x8  Data  Gb  speed_ctrl.o [1]
fwErrCalculate          0x08014973    0xd4  Code  Gb  speed_ctrl.o [1]
fwErrD                  0x20000028     0x4  Data  Gb  speed_ctrl.o [1]
fwErrI                  0x2000002c     0x4  Data  Gb  speed_ctrl.o [1]
fwHz                    0x20000038     0x4  Data  Gb  speed_ctrl.o [1]
fwInitHz                0x20000064     0x2  Data  Gb  main.o [1]
fwInitServo             0x080148cf    0xa4  Code  Gb  speed_ctrl.o [1]
fwKd                    0x20000018     0x4  Data  Gb  speed_ctrl.o [1]
fwKi                    0x20000014     0x4  Data  Gb  speed_ctrl.o [1]
fwKp                    0x20000010     0x4  Data  Gb  speed_ctrl.o [1]
fwPIDctrl               0x08014a53   0x21c  Code  Gb  speed_ctrl.o [1]
fwbV                    0x20000030     0x4  Data  Gb  speed_ctrl.o [1]
fwbVLast                0x20000034     0x4  Data  Gb  speed_ctrl.o [1]
get_CRC                 0x0801539b     0xa  Code  Gb  usart.o [1]
get_ip_para_process     0x080152d5    0x22  Code  Gb  TCPclient.o [1]
gnd2WcsCmdData          0x2000d490    0x18  Data  Gb  fun.o [1]
heart_dely              0x2000005d     0x1  Data  Gb  main.o [1]
htonl                   0x08010c2d    0x18  Code  Gb  inet.o [1]
htons                   0x08010c21     0xa  Code  Gb  inet.o [1]
icmp_dest_unreach       0x08012d79     0x6  Code  Gb  icmp.o [1]
icmp_input              0x08012c63   0x10e  Code  Gb  icmp.o [1]
icmp_send_response      0x08012d83    0x60  Code  Lc  icmp.o [1]
icmp_time_exceeded      0x08012d7f     0x4  Code  Gb  icmp.o [1]
inet_chksum             0x080134bb     0xc  Code  Gb  inet_chksum.o [1]
inet_chksum_pbuf        0x080134c7    0x48  Code  Gb  inet_chksum.o [1]
initQueue               0x08014df5     0xe  Code  Gb  fun.o [1]
inseg                   0x2000d400    0x14  Data  Lc  tcp_in.o [1]
inverter_type           0x2000d522     0x1  Data  Gb  main.o [1]
ip_addr_any             0x0801100c     0x4  Data  Gb  ip_addr.o [1]
ip_addr_isbroadcast     0x08010fd1    0x3a  Code  Gb  ip_addr.o [1]
ip_frag                 0x080127e3   0x124  Code  Gb  ip_frag.o [1]
ip_input                0x080120ff   0x150  Code  Gb  ip.o [1]
ip_output               0x0801231d    0x34  Code  Gb  ip.o [1]
ip_output_if            0x0801224f    0xbe  Code  Gb  ip.o [1]
ip_reass                0x0801264f   0x188  Code  Gb  ip_frag.o [1]
ip_reass_chain_frag_into_datagram_and_validate
                        0x08012575    0xda  Code  Lc  ip_frag.o [1]
ip_reass_dequeue_datagram
                        0x08012559    0x1c  Code  Lc  ip_frag.o [1]
ip_reass_free_complete_datagram
                        0x08012485    0x6c  Code  Lc  ip_frag.o [1]
ip_reass_pbufcount      0x2000d4f0     0x2  Data  Lc  ip_frag.o [1]
ip_reass_remove_oldest_datagram
                        0x080124f1    0x68  Code  Lc  ip_frag.o [1]
ip_route                0x080120bd    0x42  Code  Gb  ip.o [1]
iphdr                   0x2000d41c     0x4  Data  Lc  tcp_in.o [1]
keep_in_paire           0x2000d488     0x2  Data  Gb  input.o [1]
last_keep_in_paire      0x2000d48a     0x2  Data  Gb  input.o [1]
lfree                   0x20000098     0x4  Data  Lc  mem.o [1]
low_level_input         0x080160b3    0x4e  Code  Lc  ethernetif.o [1]
low_level_output        0x08016087    0x2c  Code  Lc  ethernetif.o [1]
lwip_standard_chksum    0x08013475    0x46  Code  Lc  inet_chksum.o [1]
main                    0x08014245    0x44  Code  Gb  main.o [1]
max_speed               0x20000008     0x4  Data  Gb  speed_ctrl.o [1]
mem_free                0x08011ea3    0x68  Code  Gb  mem.o [1]
mem_init                0x08011e75    0x2e  Code  Gb  mem.o [1]
mem_malloc              0x08011fad    0x9a  Code  Gb  mem.o [1]
mem_realloc             0x08011f0b    0xa2  Code  Gb  mem.o [1]
memp_free               0x08011e39    0x10  Code  Gb  memp.o [1]
memp_init               0x08011dd9    0x44  Code  Gb  memp.o [1]
memp_malloc             0x08011e1d    0x1c  Code  Gb  memp.o [1]
memp_memory             0x200050d4  0x468c  Data  Lc  memp.o [1]
memp_num                0x08011e60    0x14  Data  Lc  memp.o [1]
memp_sizes              0x08011e4c    0x14  Data  Lc  memp.o [1]
memp_tab                0x200050b0    0x24  Data  Lc  memp.o [1]
min_speed               0x2000000c     0x4  Data  Gb  speed_ctrl.o [1]
msgQueueBuff            0x2000d228    0xc8  Data  Gb  fun.o [1]
msgSendQueue            0x2000d4d0     0xc  Data  Gb  fun.o [1]
msg_send_delay          0x2000008c     0x1  Data  Gb  main.o [1]
netif                   0x2000d430    0x30  Data  Gb  netconf.o [1]
netif_add               0x08012379    0x42  Code  Gb  netif.o [1]
netif_default           0x2000d4e4     0x4  Data  Gb  netif.o [1]
netif_is_up             0x08012479     0xa  Code  Gb  netif.o [1]
netif_list              0x2000d4e0     0x4  Data  Gb  netif.o [1]
netif_set_addr          0x080123bb    0x1e  Code  Gb  netif.o [1]
netif_set_default       0x08012445     0x6  Code  Gb  netif.o [1]
netif_set_gw            0x08012435     0x8  Code  Gb  netif.o [1]
netif_set_ipaddr        0x080123d9    0x5c  Code  Gb  netif.o [1]
netif_set_netmask       0x0801243d     0x8  Code  Gb  netif.o [1]
netif_set_up            0x08012459    0x20  Code  Gb  netif.o [1]
ntohl                   0x08010c45     0x2  Code  Gb  inet.o [1]
ntohs                   0x08010c2b     0x2  Code  Gb  inet.o [1]
outQueue                0x08014e25    0x24  Code  Gb  fun.o [1]
paire_start_time_cnt    0x2000d48c     0x2  Data  Gb  input.o [1]
pbuf_alloc              0x08010c47   0x11a  Code  Gb  pbuf.o [1]
pbuf_cat                0x08010e69    0x24  Code  Gb  pbuf.o [1]
pbuf_chain              0x08010e8d    0x10  Code  Gb  pbuf.o [1]
pbuf_clen               0x08010e4f    0x10  Code  Gb  pbuf.o [1]
pbuf_copy               0x08010e9d    0x8a  Code  Gb  pbuf.o [1]
pbuf_copy_partial       0x08010f27    0x60  Code  Gb  pbuf.o [1]
pbuf_free               0x08010e0f    0x40  Code  Gb  pbuf.o [1]
pbuf_header             0x08010daf    0x60  Code  Gb  pbuf.o [1]
pbuf_realloc            0x08010d61    0x4e  Code  Gb  pbuf.o [1]
pbuf_ref                0x08010e5f     0xa  Code  Gb  pbuf.o [1]
pbuf_take               0x08010f87    0x4a  Code  Gb  pbuf.o [1]
pe_distance             0x20000024     0x4  Data  Gb  speed_ctrl.o [1]
port_info               0x2000d460    0x28  Data  Gb  input.o [1]
ram                     0x20000090     0x4  Data  Lc  mem.o [1]
ram_end                 0x20000094     0x4  Data  Lc  mem.o [1]
ram_heap                0x2000009c  0x5014  Data  Lc  mem.o [1]
raw_input               0x08012911    0x5c  Code  Gb  raw.o [1]
raw_pcbs                0x2000d510     0x4  Data  Lc  raw.o [1]
reassdatagrams          0x2000d4f4     0x4  Data  Lc  ip_frag.o [1]
recv_data               0x2000d428     0x4  Data  Lc  tcp_in.o [1]
recv_flags              0x2000d3fd     0x1  Data  Lc  tcp_in.o [1]
recv_message_from_sever
                        0x08014f11    0x1a  Code  Gb  fun.o [1]
recv_msg_check          0x08014e55    0x42  Code  Gb  fun.o [1]
recv_msg_process        0x08014e97    0x7a  Code  Gb  fun.o [1]
repairCarCmdData        0x2000d3e8    0x14  Data  Gb  fun.o [1]
repairLocationCtrl      0x08015f43    0x4e  Code  Gb  timExti.o [1]
repair_car_para_init    0x08015ef3    0x50  Code  Gb  timExti.o [1]
repair_flag             0x2000005e     0x1  Data  Gb  main.o [1]
repair_locate_real      0x2000d51e     0x2  Data  Gb  main.o [1]
reply_recv_msg          0x08014f2b    0x14  Code  Gb  fun.o [1]
reset_flag              0x2000d521     0x1  Data  Gb  main.o [1]
scan_dip_state          0x08014195    0x56  Code  Gb  main.o [1]
sec_flag                0x20000062     0x2  Data  Gb  main.o [1]
sec_process             0x080141eb    0x5a  Code  Gb  main.o [1]
sec_reg                 0x20000060     0x2  Data  Gb  main.o [1]
second_stage_cnt        0x2000d4b4     0x2  Data  Gb  timExti.o [1]
second_stage_hz         0x2000d4b6     0x2  Data  Gb  timExti.o [1]
send_heart_msg          0x08014fbb    0x16  Code  Gb  fun.o [1]
send_message_to_sever   0x08014fed    0x68  Code  Gb  fun.o [1]
send_msg_gndctrl2wcs_cmd
                        0x08014f3f    0x7c  Code  Gb  fun.o [1]
seqno                   0x2000d420     0x4  Data  Lc  tcp_in.o [1]
servo_hz                0x2000d51c     0x2  Data  Gb  main.o [1]
servo_start             0x2000005c     0x1  Data  Gb  main.o [1]
speed_factor            0x20000020     0x4  Data  Gb  speed_ctrl.o [1]
speed_target            0x2000001c     0x4  Data  Gb  speed_ctrl.o [1]
tcp_abandon             0x080118af    0x8a  Code  Gb  tcp.o [1]
tcp_active_pcbs         0x2000004c     0x4  Data  Gb  tcp.o [1]
tcp_alloc               0x08011c01    0xea  Code  Gb  tcp.o [1]
tcp_backoff             0x08011dc0    0x10  Data  Gb  tcp.o [1]
tcp_bound_pcbs          0x20000044     0x4  Data  Gb  tcp.o [1]
tcp_client_list         0x2000bb68  0x1018  Data  Gb  TCPclient.o [1]
tcp_close               0x08011825    0x8a  Code  Gb  tcp.o [1]
tcp_eff_send_mss        0x08011da1    0x1e  Code  Gb  tcp.o [1]
tcp_enqueue             0x08011091   0x2fe  Code  Gb  tcp_out.o [1]
tcp_fasttmr             0x08011b67    0x48  Code  Gb  tcp.o [1]
tcp_input               0x08010151   0x2c4  Code  Gb  tcp_in.o [1]
tcp_input_pcb           0x2000d42c     0x4  Data  Gb  tcp_in.o [1]
tcp_keepalive           0x08011761    0x28  Code  Gb  tcp_out.o [1]
tcp_listen_input        0x08010421    0xc8  Code  Lc  tcp_in.o [1]
tcp_listen_pcbs         0x20000048     0x4  Data  Gb  tcp.o [1]
tcp_next_iss            0x08011d7b     0xc  Code  Gb  tcp.o [1]
tcp_output              0x080113a1   0x1da  Code  Gb  tcp_out.o [1]
tcp_output_segment      0x08011583    0xaa  Code  Lc  tcp_out.o [1]
tcp_output_set_header   0x08011011    0x68  Code  Lc  tcp_out.o [1]
tcp_parseopt            0x08010b97    0x72  Code  Lc  tcp_in.o [1]
tcp_pcb_purge           0x08011ceb    0x30  Code  Gb  tcp.o [1]
tcp_pcb_remove          0x08011d1b    0x3e  Code  Gb  tcp.o [1]
tcp_persist_backoff     0x08011dd0     0x8  Data  Gb  tcp.o [1]
tcp_process             0x08010509   0x2a8  Code  Lc  tcp_in.o [1]
tcp_receive             0x080107c7   0x3a2  Code  Lc  tcp_in.o [1]
tcp_recv_null           0x08011be7    0x1a  Code  Lc  tcp.o [1]
tcp_rexmit              0x08011715    0x4c  Code  Gb  tcp_out.o [1]
tcp_rexmit_rto          0x080116e3    0x32  Code  Gb  tcp_out.o [1]
tcp_rst                 0x08011641    0x98  Code  Gb  tcp_out.o [1]
tcp_seg_free            0x08011bc9    0x1e  Code  Gb  tcp.o [1]
tcp_segs_free           0x08011baf    0x1a  Code  Gb  tcp.o [1]
tcp_send_ctrl           0x08011079    0x18  Code  Gb  tcp_out.o [1]
tcp_slowtmr             0x08011969   0x1f4  Code  Gb  tcp.o [1]
tcp_ticks               0x20000040     0x4  Data  Gb  tcp.o [1]
tcp_timer               0x2000d523     0x1  Data  Lc  tcp.o [1]
tcp_tmp_pcb             0x20000054     0x4  Data  Gb  tcp.o [1]
tcp_tmr                 0x08011809    0x1a  Code  Gb  tcp.o [1]
tcp_tw_pcbs             0x20000050     0x4  Data  Gb  tcp.o [1]
tcp_update_rcv_ann_wnd  0x08011941    0x28  Code  Gb  tcp.o [1]
tcp_zero_window_probe   0x08011789    0x36  Code  Gb  tcp_out.o [1]
tcphdr                  0x2000d418     0x4  Data  Lc  tcp_in.o [1]
tcplen                  0x2000d414     0x2  Data  Lc  tcp_in.o [1]
timExtiHandler          0x2000d4ac     0x4  Data  Gb  timExti.o [1]
timExtiRst              0x08015ea9    0x14  Code  Gb  timExti.o [1]
timUpdates              0x2000d4b8     0x4  Data  Gb  timExti.o [1]
timingdelay             0x2000006c     0x4  Data  Gb  main.o [1]
uart1_commu_state       0x2000d4bf     0x1  Data  Gb  usart.o [1]
uart1_send_count        0x2000d4cc     0x2  Data  Gb  usart.o [1]
uart1_tmr               0x2000d4ce     0x2  Data  Gb  usart.o [1]
uart2_commu_state       0x2000d4be     0x1  Data  Gb  usart.o [1]
uart2_send              0x08015337    0x1c  Code  Gb  usart.o [1]
uart2_send_buff         0x2000d354    0x64  Data  Gb  usart.o [1]
uart2_send_count        0x2000d4c8     0x2  Data  Gb  usart.o [1]
uart2_tmr               0x2000d4ca     0x2  Data  Gb  usart.o [1]
uart4_commu_state       0x2000d4bc     0x1  Data  Gb  usart.o [1]
uart4_send              0x08015309    0x1e  Code  Gb  usart.o [1]
uart4_send_buff         0x2000d2f0    0x64  Data  Gb  usart.o [1]
uart4_send_count        0x2000d4c0     0x2  Data  Gb  usart.o [1]
uart4_tmr               0x2000d4c2     0x2  Data  Gb  usart.o [1]
uart5_commu_state       0x2000d4bd     0x1  Data  Gb  usart.o [1]
uart5_send_count        0x2000d4c4     0x2  Data  Gb  usart.o [1]
uart5_tmr               0x2000d4c6     0x2  Data  Gb  usart.o [1]
udp_bind                0x08012ba1    0x56  Code  Gb  udp.o [1]
udp_client_process      0x08015283    0x52  Code  Gb  TCPclient.o [1]
udp_connect             0x08012bf7    0x46  Code  Gb  udp.o [1]
udp_echoclient_connect  0x0801516b    0x64  Code  Gb  TCPclient.o [1]
udp_input               0x08012971   0x14a  Code  Gb  udp.o [1]
udp_new                 0x08012c49    0x1a  Code  Gb  udp.o [1]
udp_pcbs                0x2000d518     0x4  Data  Gb  udp.o [1]
udp_receive_callback    0x080151cf    0x7a  Code  Gb  TCPclient.o [1]
udp_recv                0x08012c3d     0x6  Code  Gb  udp.o [1]
udp_send                0x08012abb     0x4  Code  Gb  udp.o [1]
udp_send_process        0x08015249    0x3a  Code  Gb  TCPclient.o [1]
udp_sendto              0x08012abf    0x2a  Code  Gb  udp.o [1]
udp_sendto_if           0x08012ae9    0xb8  Code  Gb  udp.o [1]
update_arp_entry        0x08012feb    0x84  Code  Lc  etharp.o [1]
wcs2GndParaData         0x2000d3b8    0x30  Data  Gb  fun.o [1]


[1] = H:\gndd\EXP_GND_CTRL_PROJECT_V2_0_5\source_code\Project\EWARMv5_IAP\STM3210C-EVAL\Obj
[2] = command line
[3] = dl7M_tlf.a
[4] = m7M_tl.a
[5] = rt7M_tl.a
[6] = shb_l.a

  26 964 bytes of readonly  code memory
     180 bytes of readonly  data memory
  58 660 bytes of readwrite data memory

Errors: none
Warnings: none
