###############################################################################
#                                                                             #
# IAR ELF Linker V6.10.1.52143/W32 for ARM              12/Apr/2023  10:58:49 #
# Copyright 2007-2010 IAR Systems AB.                                         #
#                                                                             #
#    Output file  =  F:\gndd\EXP_GND_CTRL_PROJECT_V2_0_12\Project\EWARMv5\STM #
#                    3210C-EVAL\Exe\STM3210C-EVAL.out                         #
#    Map file     =  F:\gndd\EXP_GND_CTRL_PROJECT_V2_0_12\Project\EWARMv5\STM #
#                    3210C-EVAL\List\STM3210C-EVAL.map                        #
#    Command line =  F:\gndd\EXP_GND_CTRL_PROJECT_V2_0_12\Project\EWARMv5\STM #
#                    3210C-EVAL\Obj\TCPclient.o F:\gndd\EXP_GND_CTRL_PROJECT_ #
#                    V2_0_12\Project\EWARMv5\STM3210C-EVAL\Obj\api_lib.o      #
#                    F:\gndd\EXP_GND_CTRL_PROJECT_V2_0_12\Project\EWARMv5\STM #
#                    3210C-EVAL\Obj\api_msg.o F:\gndd\EXP_GND_CTRL_PROJECT_V2 #
#                    _0_12\Project\EWARMv5\STM3210C-EVAL\Obj\autoip.o         #
#                    F:\gndd\EXP_GND_CTRL_PROJECT_V2_0_12\Project\EWARMv5\STM #
#                    3210C-EVAL\Obj\core_cm3.o F:\gndd\EXP_GND_CTRL_PROJECT_V #
#                    2_0_12\Project\EWARMv5\STM3210C-EVAL\Obj\delay.o         #
#                    F:\gndd\EXP_GND_CTRL_PROJECT_V2_0_12\Project\EWARMv5\STM #
#                    3210C-EVAL\Obj\dhcp.o F:\gndd\EXP_GND_CTRL_PROJECT_V2_0_ #
#                    12\Project\EWARMv5\STM3210C-EVAL\Obj\err.o               #
#                    F:\gndd\EXP_GND_CTRL_PROJECT_V2_0_12\Project\EWARMv5\STM #
#                    3210C-EVAL\Obj\etharp.o F:\gndd\EXP_GND_CTRL_PROJECT_V2_ #
#                    0_12\Project\EWARMv5\STM3210C-EVAL\Obj\ethernetif.o      #
#                    F:\gndd\EXP_GND_CTRL_PROJECT_V2_0_12\Project\EWARMv5\STM #
#                    3210C-EVAL\Obj\fun.o F:\gndd\EXP_GND_CTRL_PROJECT_V2_0_1 #
#                    2\Project\EWARMv5\STM3210C-EVAL\Obj\icmp.o               #
#                    F:\gndd\EXP_GND_CTRL_PROJECT_V2_0_12\Project\EWARMv5\STM #
#                    3210C-EVAL\Obj\igmp.o F:\gndd\EXP_GND_CTRL_PROJECT_V2_0_ #
#                    12\Project\EWARMv5\STM3210C-EVAL\Obj\inet.o              #
#                    F:\gndd\EXP_GND_CTRL_PROJECT_V2_0_12\Project\EWARMv5\STM #
#                    3210C-EVAL\Obj\inet_chksum.o                             #
#                    F:\gndd\EXP_GND_CTRL_PROJECT_V2_0_12\Project\EWARMv5\STM #
#                    3210C-EVAL\Obj\init.o F:\gndd\EXP_GND_CTRL_PROJECT_V2_0_ #
#                    12\Project\EWARMv5\STM3210C-EVAL\Obj\ip.o                #
#                    F:\gndd\EXP_GND_CTRL_PROJECT_V2_0_12\Project\EWARMv5\STM #
#                    3210C-EVAL\Obj\ip_addr.o F:\gndd\EXP_GND_CTRL_PROJECT_V2 #
#                    _0_12\Project\EWARMv5\STM3210C-EVAL\Obj\ip_frag.o        #
#                    F:\gndd\EXP_GND_CTRL_PROJECT_V2_0_12\Project\EWARMv5\STM #
#                    3210C-EVAL\Obj\main.o F:\gndd\EXP_GND_CTRL_PROJECT_V2_0_ #
#                    12\Project\EWARMv5\STM3210C-EVAL\Obj\mem.o               #
#                    F:\gndd\EXP_GND_CTRL_PROJECT_V2_0_12\Project\EWARMv5\STM #
#                    3210C-EVAL\Obj\memp.o F:\gndd\EXP_GND_CTRL_PROJECT_V2_0_ #
#                    12\Project\EWARMv5\STM3210C-EVAL\Obj\misc.o              #
#                    F:\gndd\EXP_GND_CTRL_PROJECT_V2_0_12\Project\EWARMv5\STM #
#                    3210C-EVAL\Obj\netbuf.o F:\gndd\EXP_GND_CTRL_PROJECT_V2_ #
#                    0_12\Project\EWARMv5\STM3210C-EVAL\Obj\netconf.o         #
#                    F:\gndd\EXP_GND_CTRL_PROJECT_V2_0_12\Project\EWARMv5\STM #
#                    3210C-EVAL\Obj\netdb.o F:\gndd\EXP_GND_CTRL_PROJECT_V2_0 #
#                    _12\Project\EWARMv5\STM3210C-EVAL\Obj\netif.o            #
#                    F:\gndd\EXP_GND_CTRL_PROJECT_V2_0_12\Project\EWARMv5\STM #
#                    3210C-EVAL\Obj\netifapi.o F:\gndd\EXP_GND_CTRL_PROJECT_V #
#                    2_0_12\Project\EWARMv5\STM3210C-EVAL\Obj\pbuf.o          #
#                    F:\gndd\EXP_GND_CTRL_PROJECT_V2_0_12\Project\EWARMv5\STM #
#                    3210C-EVAL\Obj\raw.o F:\gndd\EXP_GND_CTRL_PROJECT_V2_0_1 #
#                    2\Project\EWARMv5\STM3210C-EVAL\Obj\speed_ctrl.o         #
#                    F:\gndd\EXP_GND_CTRL_PROJECT_V2_0_12\Project\EWARMv5\STM #
#                    3210C-EVAL\Obj\startup_stm32f10x_cl.o                    #
#                    F:\gndd\EXP_GND_CTRL_PROJECT_V2_0_12\Project\EWARMv5\STM #
#                    3210C-EVAL\Obj\stats.o F:\gndd\EXP_GND_CTRL_PROJECT_V2_0 #
#                    _12\Project\EWARMv5\STM3210C-EVAL\Obj\stm32_eth.o        #
#                    F:\gndd\EXP_GND_CTRL_PROJECT_V2_0_12\Project\EWARMv5\STM #
#                    3210C-EVAL\Obj\stm32f107.o F:\gndd\EXP_GND_CTRL_PROJECT_ #
#                    V2_0_12\Project\EWARMv5\STM3210C-EVAL\Obj\stm32f10x_adc. #
#                    o F:\gndd\EXP_GND_CTRL_PROJECT_V2_0_12\Project\EWARMv5\S #
#                    TM3210C-EVAL\Obj\stm32f10x_bkp.o                         #
#                    F:\gndd\EXP_GND_CTRL_PROJECT_V2_0_12\Project\EWARMv5\STM #
#                    3210C-EVAL\Obj\stm32f10x_dma.o                           #
#                    F:\gndd\EXP_GND_CTRL_PROJECT_V2_0_12\Project\EWARMv5\STM #
#                    3210C-EVAL\Obj\stm32f10x_exti.o                          #
#                    F:\gndd\EXP_GND_CTRL_PROJECT_V2_0_12\Project\EWARMv5\STM #
#                    3210C-EVAL\Obj\stm32f10x_flash.o                         #
#                    F:\gndd\EXP_GND_CTRL_PROJECT_V2_0_12\Project\EWARMv5\STM #
#                    3210C-EVAL\Obj\stm32f10x_gpio.o                          #
#                    F:\gndd\EXP_GND_CTRL_PROJECT_V2_0_12\Project\EWARMv5\STM #
#                    3210C-EVAL\Obj\stm32f10x_i2c.o                           #
#                    F:\gndd\EXP_GND_CTRL_PROJECT_V2_0_12\Project\EWARMv5\STM #
#                    3210C-EVAL\Obj\stm32f10x_it.o                            #
#                    F:\gndd\EXP_GND_CTRL_PROJECT_V2_0_12\Project\EWARMv5\STM #
#                    3210C-EVAL\Obj\stm32f10x_pwr.o                           #
#                    F:\gndd\EXP_GND_CTRL_PROJECT_V2_0_12\Project\EWARMv5\STM #
#                    3210C-EVAL\Obj\stm32f10x_rcc.o                           #
#                    F:\gndd\EXP_GND_CTRL_PROJECT_V2_0_12\Project\EWARMv5\STM #
#                    3210C-EVAL\Obj\stm32f10x_rtc.o                           #
#                    F:\gndd\EXP_GND_CTRL_PROJECT_V2_0_12\Project\EWARMv5\STM #
#                    3210C-EVAL\Obj\stm32f10x_spi.o                           #
#                    F:\gndd\EXP_GND_CTRL_PROJECT_V2_0_12\Project\EWARMv5\STM #
#                    3210C-EVAL\Obj\stm32f10x_tim.o                           #
#                    F:\gndd\EXP_GND_CTRL_PROJECT_V2_0_12\Project\EWARMv5\STM #
#                    3210C-EVAL\Obj\stm32f10x_usart.o                         #
#                    F:\gndd\EXP_GND_CTRL_PROJECT_V2_0_12\Project\EWARMv5\STM #
#                    3210C-EVAL\Obj\sys.o F:\gndd\EXP_GND_CTRL_PROJECT_V2_0_1 #
#                    2\Project\EWARMv5\STM3210C-EVAL\Obj\system_stm32f10x.o   #
#                    F:\gndd\EXP_GND_CTRL_PROJECT_V2_0_12\Project\EWARMv5\STM #
#                    3210C-EVAL\Obj\tcp.o F:\gndd\EXP_GND_CTRL_PROJECT_V2_0_1 #
#                    2\Project\EWARMv5\STM3210C-EVAL\Obj\tcp_in.o             #
#                    F:\gndd\EXP_GND_CTRL_PROJECT_V2_0_12\Project\EWARMv5\STM #
#                    3210C-EVAL\Obj\tcp_out.o F:\gndd\EXP_GND_CTRL_PROJECT_V2 #
#                    _0_12\Project\EWARMv5\STM3210C-EVAL\Obj\tcpip.o          #
#                    F:\gndd\EXP_GND_CTRL_PROJECT_V2_0_12\Project\EWARMv5\STM #
#                    3210C-EVAL\Obj\timExti.o F:\gndd\EXP_GND_CTRL_PROJECT_V2 #
#                    _0_12\Project\EWARMv5\STM3210C-EVAL\Obj\udp.o            #
#                    F:\gndd\EXP_GND_CTRL_PROJECT_V2_0_12\Project\EWARMv5\STM #
#                    3210C-EVAL\Obj\usart.o -o F:\gndd\EXP_GND_CTRL_PROJECT_V #
#                    2_0_12\Project\EWARMv5\STM3210C-EVAL\Exe\STM3210C-EVAL.o #
#                    ut --map F:\gndd\EXP_GND_CTRL_PROJECT_V2_0_12\Project\EW #
#                    ARMv5\STM3210C-EVAL\List\STM3210C-EVAL.map --config      #
#                    F:\gndd\EXP_GND_CTRL_PROJECT_V2_0_12\Project\EWARMv5\STM #
#                    32F10x_FLASH.icf --semihosting --entry                   #
#                    __iar_program_start                                      #
#                                                                             #
#                                                                             #
###############################################################################

*******************************************************************************
*** RUNTIME MODEL ATTRIBUTES
***

CppFlavor       = *
__SystemLibrary = DLib


*******************************************************************************
*** PLACEMENT SUMMARY
***

"A1":  place at 0x08000000 { ro section .intvec };
"P1":  place in [from 0x08008000 to 0x0803ffff] { ro };
"P2":  place in [from 0x20000000 to 0x2000ffff] { rw, block CSTACK, block HEAP };

  Section            Kind        Address    Size  Object
  -------            ----        -------    ----  ------
"A1":                                      0x150
  .intvec            ro code  0x08000000   0x150  startup_stm32f10x_cl.o [1]
                            - 0x08000150   0x150

"P1":                                     0x9824
  .text              ro code  0x08008000  0x135c  tcp_in.o [1]
  .text              ro code  0x0800935c    0x36  inet.o [1]
  .text              ro code  0x08009392   0x576  pbuf.o [1]
  .text              ro code  0x08009908    0x54  ip_addr.o [1]
  .text              ro code  0x0800995c   0x83c  tcp.o [1]
  .text              ro code  0x0800a198    0xe4  memp.o [1]
  .text              ro code  0x0800a27c   0xa46  tcp_out.o [1]
  .text              ro code  0x0800acc2    0x2e  copy_init3.o [5]
  .text              ro code  0x0800acf0   0x364  mem.o [1]
  .text              ro code  0x0800b054     0xe  tcp_out.o [1]
  .text              ro code  0x0800b062    0x14  udp.o [1]
  .text              ro code  0x0800b076    0x22  zero_init3.o [5]
  .text              ro code  0x0800b098   0x368  ip.o [1]
  .text              ro code  0x0800b400    0x70  ABImemcpy.o [5]
  .text              ro code  0x0800b470    0x66  ABImemset.o [5]
  .text              ro code  0x0800b4d8   0x140  netif.o [1]
  .text              ro code  0x0800b618   0x5d8  ip_frag.o [1]
  .text              ro code  0x0800bbf0    0x88  raw.o [1]
  .text              ro code  0x0800bc78   0x3ec  udp.o [1]
  .text              ro code  0x0800c064   0x1f8  icmp.o [1]
  .text              ro code  0x0800c25c   0xa1c  etharp.o [1]
  .text              ro code  0x0800cc78    0xac  inet_chksum.o [1]
  .text              ro code  0x0800cd24   0x9d4  speed_ctrl.o [1]
  .text              ro code  0x0800d6f8   0x5b0  usart.o [1]
  .text              ro code  0x0800dca8    0x30  I32ToFlt.o [4]
  .text              ro code  0x0800dcd8    0xd8  FltMul.o [4]
  .text              ro code  0x0800ddb0    0x44  FltToS32.o [4]
  .text              ro code  0x0800ddf4    0xfc  FltDiv.o [4]
  .text              ro code  0x0800def0    0xe2  FltSub.o [4]
  .text              ro code  0x0800dfd4    0x4e  FltToDbl.o [4]
  .text              ro code  0x0800e024    0x2e  DblCmpGe.o [4]
  .text              ro code  0x0800e054    0x1c  FltCmpEq.o [4]
  .text              ro code  0x0800e070    0x2e  DblCmpLe.o [4]
  .text              ro code  0x0800e0a0    0x24  FltCmpGe.o [4]
  .text              ro code  0x0800e0c4    0x82  FltAdd.o [4]
  .text              ro code  0x0800e148    0x24  FltCmpLe.o [4]
  .text              ro code  0x0800e16c    0x2e  I32ToDbl.o [4]
  .text              ro code  0x0800e19c   0x1a2  DblMul.o [4]
  .text              ro code  0x0800e340    0xe6  DblAdd.o [4]
  .text              ro code  0x0800e428    0x56  DblToI32.o [4]
  .text              ro code  0x0800e480   0x1d8  stm32f10x_gpio.o [1]
  .text              ro code  0x0800e658    0xcc  stm32f10x_usart.o [1]
  .text              ro code  0x0800e724   0x1b8  stm32f10x_dma.o [1]
  .text              ro code  0x0800e8dc   0x246  DblDiv.o [4]
  .text              ro code  0x0800eb24   0x17e  DblSub.o [4]
  .text              ro code  0x0800eca4   0x1c4  stm32f10x_rcc.o [1]
  .text              ro code  0x0800ee68   0x898  stm32f107.o [1]
  .text              ro code  0x0800f700    0xca  stm32f10x_tim.o [1]
  .text              ro code  0x0800f7cc    0xc8  stm32f10x_exti.o [1]
  .text              ro code  0x0800f894   0x198  system_stm32f10x.o [1]
  .text              ro code  0x0800fa2c   0x19c  main.o [1]
  .text              ro code  0x0800fbc8   0x70a  stm32_eth.o [1]
  .text              ro code  0x080102d4    0x98  misc.o [1]
  .text              ro code  0x0801036c   0x62e  fun.o [1]
  .text              ro code  0x0801099c    0xd4  netconf.o [1]
  .text              ro code  0x08010a70   0x3e8  TCPclient.o [1]
  .text              ro code  0x08010e58    0x20  stm32f10x_bkp.o [1]
  .text              ro code  0x08010e78   0x2cc  timExti.o [1]
  .text              ro code  0x08011144   0x2d0  ethernetif.o [1]
  .text              ro code  0x08011414   0x1f0  stm32f10x_it.o [1]
  .text              ro code  0x08011604    0x30  iarttio.o [6]
  .text              ro code  0x08011634     0x8  XShttio.o [3]
  .text              ro code  0x0801163c    0x2c  data_init3.o [5]
  .iar.init_table    const    0x08011668    0x24  - Linker created -
  .text              ro code  0x0801168c    0x16  cmain.o [5]
  .text              ro code  0x080116a2     0x4  low_level_init.o [3]
  .text              ro code  0x080116a6     0x8  exit.o [3]
  .text              ro code  0x080116b0     0xa  cexit.o [5]
  .text              ro code  0x080116bc    0x14  exit.o [6]
  .text              ro code  0x080116d0     0xc  cstartup_M.o [5]
  .text              ro code  0x080116dc     0x4  startup_stm32f10x_cl.o [1]
  .text              ro code  0x080116e0     0x4  startup_stm32f10x_cl.o [1]
  .text              ro code  0x080116e4     0x4  startup_stm32f10x_cl.o [1]
  .text              ro code  0x080116e8     0x4  startup_stm32f10x_cl.o [1]
  .text              ro code  0x080116ec     0x4  startup_stm32f10x_cl.o [1]
  .text              ro code  0x080116f0     0x4  startup_stm32f10x_cl.o [1]
  .text              ro code  0x080116f4     0x4  startup_stm32f10x_cl.o [1]
  .text              ro code  0x080116f8     0x4  startup_stm32f10x_cl.o [1]
  .text              ro code  0x080116fc     0x4  startup_stm32f10x_cl.o [1]
  .text              ro code  0x08011700     0x4  startup_stm32f10x_cl.o [1]
  .text              ro code  0x08011704     0x4  startup_stm32f10x_cl.o [1]
  .text              ro code  0x08011708     0x4  startup_stm32f10x_cl.o [1]
  .text              ro code  0x0801170c     0x4  startup_stm32f10x_cl.o [1]
  .text              ro code  0x08011710     0x4  startup_stm32f10x_cl.o [1]
  .text              ro code  0x08011714     0x4  startup_stm32f10x_cl.o [1]
  .text              ro code  0x08011718     0x4  startup_stm32f10x_cl.o [1]
  .text              ro code  0x0801171c     0x4  startup_stm32f10x_cl.o [1]
  .text              ro code  0x08011720     0x4  startup_stm32f10x_cl.o [1]
  .text              ro code  0x08011724     0x4  startup_stm32f10x_cl.o [1]
  .text              ro code  0x08011728     0x4  startup_stm32f10x_cl.o [1]
  .text              ro code  0x0801172c     0x4  startup_stm32f10x_cl.o [1]
  .text              ro code  0x08011730     0x4  startup_stm32f10x_cl.o [1]
  .text              ro code  0x08011734     0x4  startup_stm32f10x_cl.o [1]
  .text              ro code  0x08011738     0x4  startup_stm32f10x_cl.o [1]
  .text              ro code  0x0801173c     0x4  startup_stm32f10x_cl.o [1]
  .text              ro code  0x08011740     0x4  startup_stm32f10x_cl.o [1]
  .text              ro code  0x08011744     0x4  startup_stm32f10x_cl.o [1]
  .text              ro code  0x08011748     0x4  startup_stm32f10x_cl.o [1]
  .text              ro code  0x0801174c     0x4  startup_stm32f10x_cl.o [1]
  .text              ro code  0x08011750     0x4  startup_stm32f10x_cl.o [1]
  .text              ro code  0x08011754     0x4  startup_stm32f10x_cl.o [1]
  .text              ro code  0x08011758     0x4  startup_stm32f10x_cl.o [1]
  .text              ro code  0x0801175c     0x4  startup_stm32f10x_cl.o [1]
  .text              ro code  0x08011760     0x4  startup_stm32f10x_cl.o [1]
  .text              ro code  0x08011764     0x4  startup_stm32f10x_cl.o [1]
  .text              ro code  0x08011768     0x4  startup_stm32f10x_cl.o [1]
  .text              ro code  0x0801176c     0x4  startup_stm32f10x_cl.o [1]
  .text              ro code  0x08011770     0x4  startup_stm32f10x_cl.o [1]
  .text              ro code  0x08011774     0x4  startup_stm32f10x_cl.o [1]
  .text              ro code  0x08011778     0x4  startup_stm32f10x_cl.o [1]
  .text              ro code  0x0801177c     0x4  startup_stm32f10x_cl.o [1]
  .text              ro code  0x08011780     0x4  startup_stm32f10x_cl.o [1]
  .text              ro code  0x08011784     0x4  startup_stm32f10x_cl.o [1]
  .text              ro code  0x08011788     0x4  startup_stm32f10x_cl.o [1]
  .text              ro code  0x0801178c     0x4  startup_stm32f10x_cl.o [1]
  .text              ro code  0x08011790     0x4  startup_stm32f10x_cl.o [1]
  .text              ro code  0x08011794     0x4  startup_stm32f10x_cl.o [1]
  .text              ro code  0x08011798     0x4  startup_stm32f10x_cl.o [1]
  .text              ro code  0x0801179c     0x4  startup_stm32f10x_cl.o [1]
  .text              ro code  0x080117a0     0x4  startup_stm32f10x_cl.o [1]
  .text              ro code  0x080117a4     0x4  startup_stm32f10x_cl.o [1]
  .text              ro code  0x080117a8     0x4  startup_stm32f10x_cl.o [1]
  .text              ro code  0x080117ac     0x4  startup_stm32f10x_cl.o [1]
  .text              ro code  0x080117b0     0x4  startup_stm32f10x_cl.o [1]
  .text              ro code  0x080117b4     0x4  startup_stm32f10x_cl.o [1]
  .text              ro code  0x080117b8     0x4  startup_stm32f10x_cl.o [1]
  .text              ro code  0x080117bc     0x4  startup_stm32f10x_cl.o [1]
  .text              ro code  0x080117c0     0x4  startup_stm32f10x_cl.o [1]
  .text              ro code  0x080117c4     0x4  startup_stm32f10x_cl.o [1]
  .text              ro code  0x080117c8     0x4  startup_stm32f10x_cl.o [1]
  .text              ro code  0x080117cc     0x4  startup_stm32f10x_cl.o [1]
  .text              ro code  0x080117d0     0x4  startup_stm32f10x_cl.o [1]
  .text              ro code  0x080117d4     0x4  startup_stm32f10x_cl.o [1]
  .text              ro code  0x080117d8     0x4  startup_stm32f10x_cl.o [1]
  .text              ro code  0x080117dc     0x4  startup_stm32f10x_cl.o [1]
  .text              ro code  0x080117e0     0x4  startup_stm32f10x_cl.o [1]
  .text              ro code  0x080117e4     0x4  startup_stm32f10x_cl.o [1]
  .text              ro code  0x080117e8     0x4  startup_stm32f10x_cl.o [1]
  .text              ro code  0x080117ec     0x4  startup_stm32f10x_cl.o [1]
  .text              ro code  0x080117f0     0x4  startup_stm32f10x_cl.o [1]
  Initializer bytes  ro data  0x080117f4    0x30  <for P2 s0>
                            - 0x08011824  0x9824

"P2", part 1 of 3:                          0x30
  P2 s0                       0x20000000    0x30  <Init block>
    .data            inited   0x20000000    0x10  stm32f10x_rcc.o [1]
    .data            inited   0x20000010     0x8  XShttio.o [3]
    .data            inited   0x20000018     0x4  speed_ctrl.o [1]
    .data            inited   0x2000001c     0x4  speed_ctrl.o [1]
    .data            inited   0x20000020     0x4  speed_ctrl.o [1]
    .data            inited   0x20000024     0x4  stm32f10x_rcc.o [1]
    .data            inited   0x20000028     0x4  tcp.o [1]
    .data            inited   0x2000002c     0x2  main.o [1]
    .data            inited   0x2000002e     0x1  main.o [1]
                            - 0x20000030    0x30

"P2", part 2 of 3:                        0xd6b0
  .bss               zero     0x20000030  0x5014  mem.o [1]
  .bss               zero     0x20005044  0x468c  memp.o [1]
  .bss               zero     0x200096d0  0x17c0  ethernetif.o [1]
  .bss               zero     0x2000ae90  0x1018  TCPclient.o [1]
  .bss               zero     0x2000bea8   0xbe0  ethernetif.o [1]
  .bss               zero     0x2000ca88   0x5e0  ip_frag.o [1]
  .bss               zero     0x2000d068   0x154  fun.o [1]
  .bss               zero     0x2000d1bc    0xc8  etharp.o [1]
  .bss               zero     0x2000d284    0xc8  fun.o [1]
  .bss               zero     0x2000d34c    0xa0  fun.o [1]
  .bss               zero     0x2000d3ec    0x64  usart.o [1]
  .bss               zero     0x2000d450    0x64  usart.o [1]
  .bss               zero     0x2000d4b4    0x40  ethernetif.o [1]
  .bss               zero     0x2000d4f4    0x30  fun.o [1]
  .bss               zero     0x2000d524    0x30  netconf.o [1]
  .bss               zero     0x2000d554    0x24  memp.o [1]
  .bss               zero     0x2000d578    0x20  ethernetif.o [1]
  .bss               zero     0x2000d598    0x18  fun.o [1]
  .bss               zero     0x2000d5b0    0x18  fun.o [1]
  .bss               zero     0x2000d5c8    0x14  tcp_in.o [1]
  .bss               zero     0x2000d5dc     0xc  fun.o [1]
  .bss               zero     0x2000d5e8     0xc  fun.o [1]
  .bss               zero     0x2000d5f4     0xc  fun.o [1]
  .bss               zero     0x2000d600     0x8  ethernetif.o [1]
  .bss               zero     0x2000d608     0x8  speed_ctrl.o [1]
  .bss               zero     0x2000d610     0x4  ip.o [1]
  .bss               zero     0x2000d614     0x4  ip.o [1]
  .bss               zero     0x2000d618     0x4  ip_frag.o [1]
  .bss               zero     0x2000d61c     0x4  main.o [1]
  .bss               zero     0x2000d620     0x4  main.o [1]
  .bss               zero     0x2000d624     0x4  mem.o [1]
  .bss               zero     0x2000d628     0x4  mem.o [1]
  .bss               zero     0x2000d62c     0x4  mem.o [1]
  .bss               zero     0x2000d630     0x4  netconf.o [1]
  .bss               zero     0x2000d634     0x4  netconf.o [1]
  .bss               zero     0x2000d638     0x4  netif.o [1]
  .bss               zero     0x2000d63c     0x4  netif.o [1]
  .bss               zero     0x2000d640     0x4  raw.o [1]
  .bss               zero     0x2000d644     0x4  speed_ctrl.o [1]
  .bss               zero     0x2000d648     0x4  speed_ctrl.o [1]
  .bss               zero     0x2000d64c     0x4  speed_ctrl.o [1]
  .bss               zero     0x2000d650     0x4  speed_ctrl.o [1]
  .bss               zero     0x2000d654     0x4  speed_ctrl.o [1]
  .bss               zero     0x2000d658     0x4  speed_ctrl.o [1]
  .bss               zero     0x2000d65c     0x4  speed_ctrl.o [1]
  .bss               zero     0x2000d660     0x4  speed_ctrl.o [1]
  .bss               zero     0x2000d664     0x4  speed_ctrl.o [1]
  .bss               zero     0x2000d668     0x4  speed_ctrl.o [1]
  .bss               zero     0x2000d66c     0x4  stm32_eth.o [1]
  .bss               zero     0x2000d670     0x4  stm32_eth.o [1]
  .bss               zero     0x2000d674     0x4  stm32f107.o [1]
  .bss               zero     0x2000d678     0x4  tcp.o [1]
  .bss               zero     0x2000d67c     0x4  tcp.o [1]
  .bss               zero     0x2000d680     0x4  tcp.o [1]
  .bss               zero     0x2000d684     0x4  tcp.o [1]
  .bss               zero     0x2000d688     0x4  tcp.o [1]
  .bss               zero     0x2000d68c     0x4  tcp.o [1]
  .bss               zero     0x2000d690     0x4  tcp_in.o [1]
  .bss               zero     0x2000d694     0x4  tcp_in.o [1]
  .bss               zero     0x2000d698     0x4  tcp_in.o [1]
  .bss               zero     0x2000d69c     0x4  tcp_in.o [1]
  .bss               zero     0x2000d6a0     0x4  tcp_in.o [1]
  .bss               zero     0x2000d6a4     0x4  tcp_in.o [1]
  .bss               zero     0x2000d6a8     0x4  timExti.o [1]
  .bss               zero     0x2000d6ac     0x4  timExti.o [1]
  .bss               zero     0x2000d6b0     0x4  udp.o [1]
  .bss               zero     0x2000d6b4     0x2  ip.o [1]
  .bss               zero     0x2000d6b6     0x2  ip_frag.o [1]
  .bss               zero     0x2000d6b8     0x2  main.o [1]
  .bss               zero     0x2000d6ba     0x2  main.o [1]
  .bss               zero     0x2000d6bc     0x2  main.o [1]
  .bss               zero     0x2000d6be     0x2  main.o [1]
  .bss               zero     0x2000d6c0     0x2  main.o [1]
  .bss               zero     0x2000d6c2     0x2  tcp_in.o [1]
  .bss               zero     0x2000d6c4     0x2  timExti.o [1]
  .bss               zero     0x2000d6c6     0x2  timExti.o [1]
  .bss               zero     0x2000d6c8     0x2  timExti.o [1]
  .bss               zero     0x2000d6ca     0x2  timExti.o [1]
  .bss               zero     0x2000d6cc     0x2  usart.o [1]
  .bss               zero     0x2000d6ce     0x2  usart.o [1]
  .bss               zero     0x2000d6d0     0x1  etharp.o [1]
  .bss               zero     0x2000d6d1     0x1  main.o [1]
  .bss               zero     0x2000d6d2     0x1  main.o [1]
  .bss               zero     0x2000d6d3     0x1  main.o [1]
  .bss               zero     0x2000d6d4     0x1  main.o [1]
  .bss               zero     0x2000d6d5     0x1  main.o [1]
  .bss               zero     0x2000d6d6     0x1  mem.o [1]
  .bss               zero     0x2000d6d7     0x1  netif.o [1]
  .bss               zero     0x2000d6d8     0x1  tcp.o [1]
  .bss               zero     0x2000d6d9     0x1  tcp_in.o [1]
  .bss               zero     0x2000d6da     0x1  tcp_in.o [1]
  .bss               zero     0x2000d6db     0x1  timExti.o [1]
                            - 0x2000d6dc  0xd6ac

"P2", part 3 of 3:                        0x1000
  CSTACK                      0x2000d6e0  0x1000  <Block>
    CSTACK           uninit   0x2000d6e0  0x1000  <Block tail>
                            - 0x2000e6e0  0x1000


*******************************************************************************
*** INIT TABLE
***

          Address     Size
          -------     ----
Zero (__iar_zero_init3)
    1 destination range, total size 0xd6ac:
          0x20000030  0xd6ac

Copy (__iar_copy_init3)
    1 source range, total size 0x30 (102% of destination):
          0x080117f4    0x30
    1 destination range, total size 0x2f:
          0x20000000    0x2f


*******************************************************************************
*** MODULE SUMMARY
***

    Module                  ro code  ro data  rw data
    ------                  -------  -------  -------
F:\gndd\EXP_GND_CTRL_PROJECT_V2_0_12\Project\EWARMv5\STM3210C-EVAL\Obj: [1]
    TCPclient.o               1 000             4 120
    etharp.o                  2 588               201
    ethernetif.o                720             9 224
    fun.o                     1 582               832
    icmp.o                      504
    inet.o                       54
    inet_chksum.o               172
    ip.o                        872                10
    ip_addr.o                    84
    ip_frag.o                 1 496             1 510
    main.o                      412        3       26
    mem.o                       868            20 513
    memp.o                      228            18 096
    misc.o                      152
    netconf.o                   212                56
    netif.o                     320                 9
    pbuf.o                    1 398
    raw.o                       136                 4
    speed_ctrl.o              2 516       12       60
    startup_stm32f10x_cl.o      616
    stm32_eth.o               1 802                 8
    stm32f107.o               2 200                 4
    stm32f10x_bkp.o              32
    stm32f10x_dma.o             440
    stm32f10x_exti.o            200
    stm32f10x_gpio.o            472
    stm32f10x_it.o              496
    stm32f10x_rcc.o             452       20       20
    stm32f10x_tim.o             202
    stm32f10x_usart.o           204
    system_stm32f10x.o          408
    tcp.o                     2 108        4       29
    tcp_in.o                  4 956                48
    tcp_out.o                 2 644
    timExti.o                   716                17
    udp.o                     1 024                 4
    usart.o                   1 456               204
    -------------------------------------------------
    Total:                   35 742       39   54 995

command line: [2]
    -------------------------------------------------
    Total:

dl7M_tlf.a: [3]
    XShttio.o                     8        8        8
    exit.o                        8
    low_level_init.o              4
    -------------------------------------------------
    Total:                       20        8        8

m7M_tl.a: [4]
    DblAdd.o                    230
    DblCmpGe.o                   46
    DblCmpLe.o                   46
    DblDiv.o                    582
    DblMul.o                    418
    DblSub.o                    382
    DblToI32.o                   86
    FltAdd.o                    130
    FltCmpEq.o                   28
    FltCmpGe.o                   36
    FltCmpLe.o                   36
    FltDiv.o                    252
    FltMul.o                    216
    FltSub.o                    226
    FltToDbl.o                   78
    FltToS32.o                   68
    I32ToDbl.o                   46
    I32ToFlt.o                   48
    -------------------------------------------------
    Total:                    2 954

rt7M_tl.a: [5]
    ABImemcpy.o                 112
    ABImemset.o                 102
    cexit.o                      10
    cmain.o                      22
    copy_init3.o                 46
    cstartup_M.o                 12
    data_init3.o                 44
    zero_init3.o                 34
    -------------------------------------------------
    Total:                      382

shb_l.a: [6]
    exit.o                       20
    iarttio.o                    48
    -------------------------------------------------
    Total:                       68

    Gaps                         34                 1
    Linker created                        37    4 096
-----------------------------------------------------
    Grand Total:             39 200       84   59 100


*******************************************************************************
*** ENTRY LIST
***

Entry                      Address    Size  Type      Object
-----                      -------    ----  ----      ------
?main                   0x0801168d          Code  Gb  cmain.o [5]
ADC1_2_IRQHandler       0x08011749          Code  Wk  startup_stm32f10x_cl.o [1]
ADCPrescTable           0x20000024     0x4  Data  Lc  stm32f10x_rcc.o [1]
APBAHBPrescTable        0x20000000    0x10  Data  Lc  stm32f10x_rcc.o [1]
ARPTimer                0x2000d634     0x4  Data  Gb  netconf.o [1]
AddSendMsgToQueue       0x080103ff    0x10  Code  Gb  fun.o [1]
AddToGnd2WcsIntervalQueue
                        0x08010431    0x42  Code  Gb  fun.o [1]
AddToGnd2WcsStateQueue  0x080104b5    0x40  Code  Gb  fun.o [1]
BKP_WriteBackupRegister
                        0x08010e59    0x1c  Code  Gb  stm32f10x_bkp.o [1]
BusFault_Handler        0x0801141b     0x2  Code  Gb  stm32f10x_it.o [1]
CAN1_RX0_IRQHandler     0x08011751          Code  Wk  startup_stm32f10x_cl.o [1]
CAN1_RX1_IRQHandler     0x08011755          Code  Wk  startup_stm32f10x_cl.o [1]
CAN1_SCE_IRQHandler     0x08011759          Code  Wk  startup_stm32f10x_cl.o [1]
CAN1_TX_IRQHandler      0x0801174d          Code  Wk  startup_stm32f10x_cl.o [1]
CAN2_RX0_IRQHandler     0x080117e5          Code  Wk  startup_stm32f10x_cl.o [1]
CAN2_RX1_IRQHandler     0x080117e9          Code  Wk  startup_stm32f10x_cl.o [1]
CAN2_SCE_IRQHandler     0x080117ed          Code  Wk  startup_stm32f10x_cl.o [1]
CAN2_TX_IRQHandler      0x080117e1          Code  Wk  startup_stm32f10x_cl.o [1]
CRCHi                   0x0800daa8   0x100  Data  Gb  usart.o [1]
CRCLo                   0x0800dba8   0x100  Data  Gb  usart.o [1]
CRC_sub                 0x0800d789    0x4a  Code  Gb  usart.o [1]
CSTACK$$Base            0x2000d6e0           --   Gb  - Linker created -
CSTACK$$Limit           0x2000e6e0           --   Gb  - Linker created -
DMA1_Channel1_IRQHandler
                        0x0801172d          Code  Wk  startup_stm32f10x_cl.o [1]
DMA1_Channel2_IRQHandler
                        0x08011731          Code  Wk  startup_stm32f10x_cl.o [1]
DMA1_Channel3_IRQHandler
                        0x08011735          Code  Wk  startup_stm32f10x_cl.o [1]
DMA1_Channel4_IRQHandler
                        0x08011739          Code  Wk  startup_stm32f10x_cl.o [1]
DMA1_Channel5_IRQHandler
                        0x0801173d          Code  Wk  startup_stm32f10x_cl.o [1]
DMA1_Channel6_IRQHandler
                        0x08011741          Code  Wk  startup_stm32f10x_cl.o [1]
DMA1_Channel7_IRQHandler
                        0x08011745          Code  Wk  startup_stm32f10x_cl.o [1]
DMA2_Channel1_IRQHandler
                        0x080117c5          Code  Wk  startup_stm32f10x_cl.o [1]
DMA2_Channel2_IRQHandler
                        0x080117c9          Code  Wk  startup_stm32f10x_cl.o [1]
DMA2_Channel3_IRQHandler
                        0x080117cd          Code  Wk  startup_stm32f10x_cl.o [1]
DMA2_Channel4_IRQHandler
                        0x080117d1          Code  Wk  startup_stm32f10x_cl.o [1]
DMA2_Channel5_IRQHandler
                        0x080117d5          Code  Wk  startup_stm32f10x_cl.o [1]
DMARxDescToGet          0x2000d670     0x4  Data  Gb  stm32_eth.o [1]
DMARxDscrTab            0x2000d4b4    0x40  Data  Gb  ethernetif.o [1]
DMATxDescToSet          0x2000d66c     0x4  Data  Gb  stm32_eth.o [1]
DMATxDscrTab            0x2000d578    0x20  Data  Gb  ethernetif.o [1]
DMA_ClearFlag           0x0800e88f    0x10  Code  Gb  stm32f10x_dma.o [1]
DMA_Cmd                 0x0800e86d    0x1c  Code  Gb  stm32f10x_dma.o [1]
DMA_Configuration       0x0800f1b7    0xb4  Code  Gb  stm32f107.o [1]
DMA_DeInit              0x0800e725   0x10a  Code  Gb  stm32f10x_dma.o [1]
DMA_Init                0x0800e82f    0x3e  Code  Gb  stm32f10x_dma.o [1]
DMA_SetCurrDataCounter  0x0800e889     0x6  Code  Gb  stm32f10x_dma.o [1]
DebugMon_Handler        0x08011421     0x2  Code  Gb  stm32f10x_it.o [1]
ETH_DMAITConfig         0x0801021d    0x28  Code  Gb  stm32_eth.o [1]
ETH_DMAReceptionCmd     0x080101fb    0x22  Code  Gb  stm32_eth.o [1]
ETH_DMARxDescChainInit  0x08010135    0x4c  Code  Gb  stm32_eth.o [1]
ETH_DMARxDescReceiveITConfig
                        0x08010189    0x1a  Code  Gb  stm32_eth.o [1]
ETH_DMATransmissionCmd  0x080101d9    0x22  Code  Gb  stm32_eth.o [1]
ETH_DMATxDescChainInit  0x080100e7    0x46  Code  Gb  stm32_eth.o [1]
ETH_DMATxDescChecksumInsertionConfig
                        0x0801012d     0x8  Code  Gb  stm32_eth.o [1]
ETH_DeInit              0x0800fbc9    0x18  Code  Gb  stm32_eth.o [1]
ETH_Delay               0x080102b5    0x1e  Code  Lc  stm32_eth.o [1]
ETH_FlushTransmitFIFO   0x080101cb     0xe  Code  Gb  stm32_eth.o [1]
ETH_GetCurrentTxBuffer  0x080113db     0x8  Code  Gb  ethernetif.o [1]
ETH_GetDMARxDescFrameLength
                        0x08010181     0x8  Code  Gb  stm32_eth.o [1]
ETH_GetRxPktSize        0x0800ff6d    0x26  Code  Gb  stm32_eth.o [1]
ETH_GetSoftwareResetStatus
                        0x080101b5    0x16  Code  Gb  stm32_eth.o [1]
ETH_IRQHandler          0x080117d9          Code  Wk  startup_stm32f10x_cl.o [1]
ETH_Init                0x0800fbe1   0x282  Code  Gb  stm32_eth.o [1]
ETH_MACAddressConfig    0x080100bd    0x2a  Code  Gb  stm32_eth.o [1]
ETH_MACReceptionCmd     0x08010093    0x2a  Code  Gb  stm32_eth.o [1]
ETH_MACTransmissionCmd  0x08010069    0x2a  Code  Gb  stm32_eth.o [1]
ETH_ReadPHYRegister     0x0800ff93    0x6a  Code  Gb  stm32_eth.o [1]
ETH_RxPkt_ChainMode     0x080112f7    0x88  Code  Gb  ethernetif.o [1]
ETH_SoftwareReset       0x080101a3    0x12  Code  Gb  stm32_eth.o [1]
ETH_Start               0x0800ff4d    0x20  Code  Gb  stm32_eth.o [1]
ETH_StructInit          0x0800fe63    0xea  Code  Gb  stm32_eth.o [1]
ETH_TxPkt_ChainMode     0x0801137f    0x5c  Code  Gb  ethernetif.o [1]
ETH_WKUP_IRQHandler     0x080117dd          Code  Wk  startup_stm32f10x_cl.o [1]
ETH_WritePHYRegister    0x0800fffd    0x6c  Code  Gb  stm32_eth.o [1]
EXTI0_IRQHandler        0x08011719          Code  Wk  startup_stm32f10x_cl.o [1]
EXTI15_10_IRQHandler    0x080117a1          Code  Wk  startup_stm32f10x_cl.o [1]
EXTI1_IRQHandler        0x0801171d          Code  Wk  startup_stm32f10x_cl.o [1]
EXTI2_IRQHandler        0x08011721          Code  Wk  startup_stm32f10x_cl.o [1]
EXTI3_IRQHandler        0x08011725          Code  Wk  startup_stm32f10x_cl.o [1]
EXTI4_IRQHandler        0x080114a1    0xc6  Code  Gb  stm32f10x_it.o [1]
EXTI9_5_IRQHandler      0x08011567    0x74  Code  Gb  stm32f10x_it.o [1]
EXTI_ClearITPendingBit  0x0800f879     0x6  Code  Gb  stm32f10x_exti.o [1]
EXTI_Configuration      0x0800ef67    0x84  Code  Gb  stm32f107.o [1]
EXTI_GetITStatus        0x0800f855    0x24  Code  Gb  stm32f10x_exti.o [1]
EXTI_Init               0x0800f7cd    0x88  Code  Gb  stm32f10x_exti.o [1]
EthInitStatus           0x2000d674     0x4  Data  Gb  stm32f107.o [1]
Ethernet_Configuration  0x0800f2cd    0x9e  Code  Gb  stm32f107.o [1]
FLASH_IRQHandler        0x08011711          Code  Wk  startup_stm32f10x_cl.o [1]
GPIO_Configuration      0x0800f36b   0x26e  Code  Gb  stm32f107.o [1]
GPIO_ETH_MediaInterfaceConfig
                        0x0800e645     0x6  Code  Gb  stm32f10x_gpio.o [1]
GPIO_EXTILineConfig     0x0800e5f5    0x50  Code  Gb  stm32f10x_gpio.o [1]
GPIO_Init               0x0800e481    0xcc  Code  Gb  stm32f10x_gpio.o [1]
GPIO_PinRemapConfig     0x0800e585    0x70  Code  Gb  stm32f10x_gpio.o [1]
GPIO_ReadInputDataBit   0x0800e54d    0x16  Code  Gb  stm32f10x_gpio.o [1]
GPIO_ReadOutputDataBit  0x0800e563    0x16  Code  Gb  stm32f10x_gpio.o [1]
GPIO_ResetBits          0x0800e57f     0x6  Code  Gb  stm32f10x_gpio.o [1]
GPIO_SetBits            0x0800e579     0x6  Code  Gb  stm32f10x_gpio.o [1]
GetSendMsgFromQueue     0x0801040f     0xc  Code  Gb  fun.o [1]
HardFault_Handler       0x08011417     0x2  Code  Gb  stm32f10x_it.o [1]
I2C1_ER_IRQHandler      0x08011781          Code  Wk  startup_stm32f10x_cl.o [1]
I2C1_EV_IRQHandler      0x0801177d          Code  Wk  startup_stm32f10x_cl.o [1]
I2C2_ER_IRQHandler      0x08011789          Code  Wk  startup_stm32f10x_cl.o [1]
I2C2_EV_IRQHandler      0x08011785          Code  Wk  startup_stm32f10x_cl.o [1]
InitGnd2WcsIntervalQueue
                        0x0801041b    0x16  Code  Gb  fun.o [1]
InitGnd2WcsStateQueue   0x0801049b    0x1a  Code  Gb  fun.o [1]
InitSendMsgQueue        0x080103f1     0xe  Code  Gb  fun.o [1]
IsGnd2WcsStateQueueFree
                        0x0801051b    0x18  Code  Gb  fun.o [1]
LocalTime               0x2000d61c     0x4  Data  Gb  main.o [1]
LwIP_Init               0x0801099d    0x78  Code  Gb  netconf.o [1]
LwIP_Periodic_Handle    0x08010a1f    0x34  Code  Gb  netconf.o [1]
LwIP_Pkt_Handle         0x08010a15     0xa  Code  Gb  netconf.o [1]
MACaddr                 0x2000d600     0x8  Data  Gb  ethernetif.o [1]
MemManage_Handler       0x08011419     0x2  Code  Gb  stm32f10x_it.o [1]
NMI_Handler             0x08011415     0x2  Code  Gb  stm32f10x_it.o [1]
NVIC_Configuration      0x0800f645    0xbc  Code  Gb  stm32f107.o [1]
NVIC_Init               0x080102df    0x66  Code  Gb  misc.o [1]
NVIC_PriorityGroupConfig
                        0x080102d5     0xa  Code  Gb  misc.o [1]
NVIC_SetPriority        0x0800ee69    0x26  Code  Lc  stm32f107.o [1]
NVIC_SetVectorTable     0x08010345     0xc  Code  Gb  misc.o [1]
NVIC_SystemReset        0x0801036d    0x1c  Code  Lc  fun.o [1]
OTG_FS_IRQHandler       0x080117f1          Code  Wk  startup_stm32f10x_cl.o [1]
OTG_FS_WKUP_IRQHandler  0x080117a9          Code  Wk  startup_stm32f10x_cl.o [1]
PVD_IRQHandler          0x08011705          Code  Wk  startup_stm32f10x_cl.o [1]
PendSV_Handler          0x08011423     0x2  Code  Gb  stm32f10x_it.o [1]
RCC_AHBPeriphClockCmd   0x0800edb1    0x20  Code  Gb  stm32f10x_rcc.o [1]
RCC_AHBPeriphResetCmd   0x0800ee11    0x20  Code  Gb  stm32f10x_rcc.o [1]
RCC_APB1PeriphClockCmd  0x0800edf1    0x20  Code  Gb  stm32f10x_rcc.o [1]
RCC_APB2PeriphClockCmd  0x0800edd1    0x20  Code  Gb  stm32f10x_rcc.o [1]
RCC_GetClocksFreq       0x0800eca5   0x10c  Code  Gb  stm32f10x_rcc.o [1]
RCC_IRQHandler          0x08011715          Code  Wk  startup_stm32f10x_cl.o [1]
RCC_MCOConfig           0x0800ee31     0x6  Code  Gb  stm32f10x_rcc.o [1]
RS485_OUT               0x0800cd25    0x12  Code  Gb  speed_ctrl.o [1]
RTCAlarm_IRQHandler     0x080117a5          Code  Wk  startup_stm32f10x_cl.o [1]
RTC_IRQHandler          0x0801170d          Code  Wk  startup_stm32f10x_cl.o [1]
Region$$Table$$Base     0x08011668           --   Gb  - Linker created -
Region$$Table$$Limit    0x0801168c           --   Gb  - Linker created -
Rx_Buff                 0x200096d0  0x17c0  Data  Gb  ethernetif.o [1]
SPI1_IRQHandler         0x0801178d          Code  Wk  startup_stm32f10x_cl.o [1]
SPI2_IRQHandler         0x08011791          Code  Wk  startup_stm32f10x_cl.o [1]
SPI3_IRQHandler         0x080117b1          Code  Wk  startup_stm32f10x_cl.o [1]
SVC_Handler             0x0801141f     0x2  Code  Gb  stm32f10x_it.o [1]
ServoFreqSet            0x0800d7e5   0x292  Code  Gb  usart.o [1]
SetSysClock             0x0800f8f3     0x8  Code  Lc  system_stm32f10x.o [1]
SetSysClockTo72         0x0800f8fb   0x10e  Code  Lc  system_stm32f10x.o [1]
Set_MAC_Address         0x08011145    0x30  Code  Gb  ethernetif.o [1]
SysTick_Config          0x0800ee8f    0x36  Code  Lc  stm32f107.o [1]
SysTick_Handler         0x08011425     0x8  Code  Gb  stm32f10x_it.o [1]
SystemInit              0x0800f895    0x5e  Code  Gb  system_stm32f10x.o [1]
System_Setup            0x0800f26b    0x62  Code  Gb  stm32f107.o [1]
TAMPER_IRQHandler       0x08011709          Code  Wk  startup_stm32f10x_cl.o [1]
TCPTimer                0x2000d630     0x4  Data  Gb  netconf.o [1]
TIM1_BRK_IRQHandler     0x08011761          Code  Wk  startup_stm32f10x_cl.o [1]
TIM1_CC_IRQHandler      0x0801176d          Code  Wk  startup_stm32f10x_cl.o [1]
TIM1_TRG_COM_IRQHandler
                        0x08011769          Code  Wk  startup_stm32f10x_cl.o [1]
TIM1_UP_IRQHandler      0x08011765          Code  Wk  startup_stm32f10x_cl.o [1]
TIM2_IRQHandler         0x0801142d    0x44  Code  Gb  stm32f10x_it.o [1]
TIM3_IRQHandler         0x08011471    0x30  Code  Gb  stm32f10x_it.o [1]
TIM4_IRQHandler         0x08011779          Code  Wk  startup_stm32f10x_cl.o [1]
TIM5_IRQHandler         0x080117ad          Code  Wk  startup_stm32f10x_cl.o [1]
TIM6_IRQHandler         0x080117bd          Code  Wk  startup_stm32f10x_cl.o [1]
TIM7_IRQHandler         0x080117c1          Code  Wk  startup_stm32f10x_cl.o [1]
TIM_ARRPreloadConfig    0x0800f775    0x1c  Code  Gb  stm32f10x_tim.o [1]
TIM_ClearITPendingBit   0x0800f7c3     0x8  Code  Gb  stm32f10x_tim.o [1]
TIM_Cmd                 0x0800f741    0x1c  Code  Gb  stm32f10x_tim.o [1]
TIM_Configuration       0x0800eec5    0xa2  Code  Gb  stm32f107.o [1]
TIM_EXTI_Process        0x08010fbf   0x14c  Code  Gb  timExti.o [1]
TIM_GetCounter          0x0800f791     0x4  Code  Gb  stm32f10x_tim.o [1]
TIM_GetITStatus         0x0800f795    0x2e  Code  Gb  stm32f10x_tim.o [1]
TIM_ITConfig            0x0800f75d    0x18  Code  Gb  stm32f10x_tim.o [1]
TIM_TimeBaseInit        0x0800f701    0x36  Code  Gb  stm32f10x_tim.o [1]
Time_Update             0x0800fb61    0x32  Code  Gb  main.o [1]
Tx_Buff                 0x2000bea8   0xbe0  Data  Gb  ethernetif.o [1]
UART4_IRQHandler        0x080117b5          Code  Wk  startup_stm32f10x_cl.o [1]
UART5_IRQHandler        0x080117b9          Code  Wk  startup_stm32f10x_cl.o [1]
USART1_IRQHandler       0x08011795          Code  Wk  startup_stm32f10x_cl.o [1]
USART2_IRQHandler       0x08011799          Code  Wk  startup_stm32f10x_cl.o [1]
USART3_IRQHandler       0x0801179d          Code  Wk  startup_stm32f10x_cl.o [1]
USART_Cmd               0x0800e6f1    0x1c  Code  Gb  stm32f10x_usart.o [1]
USART_Configuration     0x0800efeb   0x1cc  Code  Gb  stm32f107.o [1]
USART_DMACmd            0x0800e70d    0x18  Code  Gb  stm32f10x_usart.o [1]
USART_Init              0x0800e659    0x90  Code  Gb  stm32f10x_usart.o [1]
UsageFault_Handler      0x0801141d     0x2  Code  Gb  stm32f10x_it.o [1]
WWDG_IRQHandler         0x08011701          Code  Wk  startup_stm32f10x_cl.o [1]
__aeabi_cdcmple         0x0800e071          Code  Gb  DblCmpLe.o [4]
__aeabi_cdrcmple        0x0800e025          Code  Gb  DblCmpGe.o [4]
__aeabi_cfcmpeq         0x0800e055          Code  Gb  FltCmpEq.o [4]
__aeabi_cfcmple         0x0800e149          Code  Gb  FltCmpLe.o [4]
__aeabi_cfrcmple        0x0800e0a1          Code  Gb  FltCmpGe.o [4]
__aeabi_d2iz            0x0800e429          Code  Gb  DblToI32.o [4]
__aeabi_d2uiz           0x0800e455          Code  Gb  DblToI32.o [4]
__aeabi_dadd            0x0800e341          Code  Gb  DblAdd.o [4]
__aeabi_ddiv            0x0800e8dd          Code  Gb  DblDiv.o [4]
__aeabi_dmul            0x0800e19d          Code  Gb  DblMul.o [4]
__aeabi_dsub            0x0800eb25          Code  Gb  DblSub.o [4]
__aeabi_f2d             0x0800dfd5          Code  Gb  FltToDbl.o [4]
__aeabi_f2iz            0x0800ddb1          Code  Gb  FltToS32.o [4]
__aeabi_fadd            0x0800e0c5          Code  Gb  FltAdd.o [4]
__aeabi_fdiv            0x0800ddf5          Code  Gb  FltDiv.o [4]
__aeabi_fmul            0x0800dcd9          Code  Gb  FltMul.o [4]
__aeabi_fsub            0x0800def1          Code  Gb  FltSub.o [4]
__aeabi_i2d             0x0800e16d          Code  Gb  I32ToDbl.o [4]
__aeabi_i2f             0x0800dca9          Code  Gb  I32ToFlt.o [4]
__aeabi_memcpy          0x0800b401          Code  Gb  ABImemcpy.o [5]
__aeabi_memcpy4         0x0800b41b          Code  Gb  ABImemcpy.o [5]
__aeabi_memcpy8         0x0800b41b          Code  Gb  ABImemcpy.o [5]
__aeabi_memset          0x0800b471          Code  Gb  ABImemset.o [5]
__aeabi_ui2d            0x0800e181          Code  Gb  I32ToDbl.o [4]
__aeabi_ui2f            0x0800dcbd          Code  Gb  I32ToFlt.o [4]
__cmain                 0x0801168d          Code  Gb  cmain.o [5]
__exit                  0x080116bd    0x14  Code  Gb  exit.o [6]
__iar_Memset            0x0800b471          Code  Gb  ABImemset.o [5]
__iar_Memset_word       0x0800b479          Code  Gb  ABImemset.o [5]
__iar_close_ttio        0x08011605    0x2e  Code  Gb  iarttio.o [6]
__iar_copy_init3        0x0800acc3    0x2e  Code  Gb  copy_init3.o [5]
__iar_d2uiz             0x0800e45f          Code  Gb  DblToI32.o [4]
__iar_dadd              0x0800e353          Code  Gb  DblAdd.o [4]
__iar_data_init3        0x0801163d    0x2c  Code  Gb  data_init3.o [5]
__iar_dsub              0x0800eb37          Code  Gb  DblSub.o [4]
__iar_dsubStart         0x0800eb49          Code  Gb  DblSub.o [4]
__iar_fadd              0x0800e0d3          Code  Gb  FltAdd.o [4]
__iar_fsub              0x0800deff          Code  Gb  FltSub.o [4]
__iar_fsubStart         0x0800df0d          Code  Gb  FltSub.o [4]
__iar_lookup_ttioh      0x08011635     0x8  Code  Gb  XShttio.o [3]
__iar_program_start     0x080116d1          Code  Gb  cstartup_M.o [5]
__iar_ttio_handles      0x20000010     0x8  Data  Lc  XShttio.o [3]
__iar_ui2d              0x0800e183          Code  Gb  I32ToDbl.o [4]
__iar_ui2f              0x0800dcbf          Code  Gb  I32ToFlt.o [4]
__iar_zero_init3        0x0800b077    0x22  Code  Gb  zero_init3.o [5]
__low_level_init        0x080116a3     0x4  Code  Gb  low_level_init.o [3]
__vector_table          0x08000000          Data  Gb  startup_stm32f10x_cl.o [1]
_call_main              0x08011699          Code  Gb  cmain.o [5]
_exit                   0x080116b1          Code  Gb  cexit.o [5]
_main                   0x0801169f          Code  Gb  cmain.o [5]
ackno                   0x2000d69c     0x4  Data  Lc  tcp_in.o [1]
adjust_stage_flag       0x2000d6db     0x1  Data  Gb  timExti.o [1]
arp_table               0x2000d1bc    0xc8  Data  Lc  etharp.o [1]
buf                     0x2000ca88   0x5e0  Data  Lc  ip_frag.o [1]
cal_distance_to_real_locate
                        0x08010ebb    0x1e  Code  Gb  timExti.o [1]
cal_move_distance       0x08010e95    0x26  Code  Gb  timExti.o [1]
creat_udp_connect_process
                        0x08010a71    0x9e  Code  Gb  TCPclient.o [1]
current_header          0x2000d614     0x4  Data  Lc  ip.o [1]
current_netif           0x2000d610     0x4  Data  Lc  ip.o [1]
enQueue                 0x08010399    0x32  Code  Gb  fun.o [1]
etharp_arp_input        0x0800c723   0x156  Code  Gb  etharp.o [1]
etharp_cached_entry     0x2000d6d0     0x1  Data  Lc  etharp.o [1]
etharp_ip_input         0x0800c6fd    0x26  Code  Gb  etharp.o [1]
etharp_output           0x0800c879    0xc0  Code  Gb  etharp.o [1]
etharp_query            0x0800c939   0x1ac  Code  Gb  etharp.o [1]
etharp_raw              0x0800caed    0xf0  Code  Lc  etharp.o [1]
etharp_request          0x0800cbdd    0x28  Code  Gb  etharp.o [1]
etharp_send_ip          0x0800c5b9    0x40  Code  Lc  etharp.o [1]
etharp_tmr              0x0800c285    0xba  Code  Gb  etharp.o [1]
ethbroadcast            0x0800cc68     0x8  Data  Gb  etharp.o [1]
ethernet_input          0x0800cc05    0x62  Code  Gb  etharp.o [1]
ethernetif_init         0x080112bb    0x3c  Code  Gb  ethernetif.o [1]
ethernetif_input        0x08011287    0x34  Code  Gb  ethernetif.o [1]
ethzero                 0x0800cc70     0x8  Data  Gb  etharp.o [1]
exit                    0x080116a7     0x8  Code  Gb  exit.o [3]
find_entry              0x0800c33f   0x27a  Code  Lc  etharp.o [1]
first_stage_cnt         0x2000d6c4     0x2  Data  Gb  timExti.o [1]
first_stage_hz          0x2000d6c6     0x2  Data  Gb  timExti.o [1]
flags                   0x2000d6d9     0x1  Data  Lc  tcp_in.o [1]
free_etharp_q           0x0800c25d    0x28  Code  Lc  etharp.o [1]
fun_gnd2wcs_state_msg   0x08010981    0x1a  Code  Gb  fun.o [1]
fwErr                   0x2000d608     0x8  Data  Gb  speed_ctrl.o [1]
fwErrCalculate          0x0800ce7f   0x178  Code  Gb  speed_ctrl.o [1]
fwErrD                  0x2000d658     0x4  Data  Gb  speed_ctrl.o [1]
fwErrI                  0x2000d65c     0x4  Data  Gb  speed_ctrl.o [1]
fwHz                    0x2000d668     0x4  Data  Gb  speed_ctrl.o [1]
fwInitHz                0x2000d6bc     0x2  Data  Gb  main.o [1]
fwInitServo             0x0800cd37   0x148  Code  Gb  speed_ctrl.o [1]
fwKd                    0x20000020     0x4  Data  Gb  speed_ctrl.o [1]
fwKi                    0x2000001c     0x4  Data  Gb  speed_ctrl.o [1]
fwKp                    0x20000018     0x4  Data  Gb  speed_ctrl.o [1]
fwPIDctrl               0x0800cff7   0x644  Code  Gb  speed_ctrl.o [1]
fwbV                    0x2000d660     0x4  Data  Gb  speed_ctrl.o [1]
fwbVLast                0x2000d664     0x4  Data  Gb  speed_ctrl.o [1]
get_CRC                 0x0800d7d3    0x12  Code  Gb  usart.o [1]
get_ip_para_process     0x08010dcb    0x6e  Code  Gb  TCPclient.o [1]
gnd2WcsCmdData          0x2000d598    0x18  Data  Gb  fun.o [1]
gnd2WcsIntervalData     0x2000d068   0x154  Data  Gb  fun.o [1]
gnd2WcsIntervalQueue    0x2000d5dc     0xc  Data  Gb  fun.o [1]
gnd2wcsstatenode        0x2000d34c    0xa0  Data  Gb  fun.o [1]
gndstatequeue           0x2000d5e8     0xc  Data  Gb  fun.o [1]
heart_dely              0x2000d6d2     0x1  Data  Gb  main.o [1]
htonl                   0x08009373    0x18  Code  Gb  inet.o [1]
htons                   0x0800935d     0xc  Code  Gb  inet.o [1]
icmp_dest_unreach       0x0800c1d3     0xe  Code  Gb  icmp.o [1]
icmp_input              0x0800c065   0x16e  Code  Gb  icmp.o [1]
icmp_send_response      0x0800c1ef    0x6e  Code  Lc  icmp.o [1]
icmp_time_exceeded      0x0800c1e1     0xe  Code  Gb  icmp.o [1]
inet_chksum             0x0800ccc3     0xe  Code  Gb  inet_chksum.o [1]
inet_chksum_pbuf        0x0800ccd1    0x54  Code  Gb  inet_chksum.o [1]
initQueue               0x08010389    0x10  Code  Gb  fun.o [1]
inseg                   0x2000d5c8    0x14  Data  Lc  tcp_in.o [1]
interval_ms_flag        0x2000d6ba     0x2  Data  Gb  main.o [1]
inverter_type           0x2000d6d5     0x1  Data  Gb  main.o [1]
ip_addr_any             0x08009958     0x4  Data  Gb  ip_addr.o [1]
ip_addr_isbroadcast     0x08009909    0x50  Code  Gb  ip_addr.o [1]
ip_frag                 0x0800ba77   0x16a  Code  Gb  ip_frag.o [1]
ip_input                0x0800b0e5   0x19e  Code  Gb  ip.o [1]
ip_output               0x0800b3c5    0x3c  Code  Gb  ip.o [1]
ip_output_if            0x0800b283   0x12c  Code  Gb  ip.o [1]
ip_reass                0x0800b8d1   0x1a6  Code  Gb  ip_frag.o [1]
ip_reass_chain_frag_into_datagram_and_validate
                        0x0800b797   0x13a  Code  Lc  ip_frag.o [1]
ip_reass_dequeue_datagram
                        0x0800b771    0x26  Code  Lc  ip_frag.o [1]
ip_reass_enqueue_new_datagram
                        0x0800b717    0x5a  Code  Lc  ip_frag.o [1]
ip_reass_free_complete_datagram
                        0x0800b619    0x86  Code  Lc  ip_frag.o [1]
ip_reass_pbufcount      0x2000d6b6     0x2  Data  Lc  ip_frag.o [1]
ip_reass_remove_oldest_datagram
                        0x0800b69f    0x78  Code  Lc  ip_frag.o [1]
ip_route                0x0800b099    0x4c  Code  Gb  ip.o [1]
iphdr                   0x2000d694     0x4  Data  Lc  tcp_in.o [1]
lfree                   0x2000d62c     0x4  Data  Lc  mem.o [1]
low_level_init          0x08011175    0x8c  Code  Lc  ethernetif.o [1]
low_level_input         0x0801122f    0x58  Code  Lc  ethernetif.o [1]
low_level_output        0x08011201    0x2e  Code  Lc  ethernetif.o [1]
lwip_standard_chksum    0x0800cc79    0x4a  Code  Lc  inet_chksum.o [1]
main                    0x0800fb03    0x5e  Code  Gb  main.o [1]
max_speed               0x2000d644     0x4  Data  Gb  speed_ctrl.o [1]
mem_free                0x0800add5    0x4a  Code  Gb  mem.o [1]
mem_init                0x0800ad81    0x54  Code  Gb  mem.o [1]
mem_malloc              0x0800af21   0x11e  Code  Gb  mem.o [1]
mem_realloc             0x0800ae1f   0x102  Code  Gb  mem.o [1]
mem_sem                 0x2000d6d6     0x1  Data  Lc  mem.o [1]
memcpy                  0x0800b055     0xe  Code  Gb  tcp_out.o [1]
memp_free               0x0800a227    0x24  Code  Gb  memp.o [1]
memp_init               0x0800a199    0x5e  Code  Gb  memp.o [1]
memp_malloc             0x0800a1f7    0x30  Code  Gb  memp.o [1]
memp_memory             0x20005044  0x468c  Data  Lc  memp.o [1]
memp_num                0x0800a268    0x14  Data  Lc  memp.o [1]
memp_sizes              0x0800a254    0x14  Data  Lc  memp.o [1]
memp_tab                0x2000d554    0x24  Data  Lc  memp.o [1]
memset                  0x0800b063    0x14  Code  Gb  udp.o [1]
min_speed               0x2000d648     0x4  Data  Gb  speed_ctrl.o [1]
msgQueueBuff            0x2000d284    0xc8  Data  Gb  fun.o [1]
msgSendQueue            0x2000d5f4     0xc  Data  Gb  fun.o [1]
msg_send_delay          0x2000002e     0x1  Data  Gb  main.o [1]
netif                   0x2000d524    0x30  Data  Gb  netconf.o [1]
netif_add               0x0800b4d9    0x52  Code  Gb  netif.o [1]
netif_default           0x2000d63c     0x4  Data  Gb  netif.o [1]
netif_is_up             0x0800b60f     0xa  Code  Gb  netif.o [1]
netif_list              0x2000d638     0x4  Data  Gb  netif.o [1]
netif_set_addr          0x0800b52b    0x20  Code  Gb  netif.o [1]
netif_set_default       0x0800b5cd     0x6  Code  Gb  netif.o [1]
netif_set_gw            0x0800b5b1     0xe  Code  Gb  netif.o [1]
netif_set_ipaddr        0x0800b54b    0x66  Code  Gb  netif.o [1]
netif_set_netmask       0x0800b5bf     0xe  Code  Gb  netif.o [1]
netif_set_up            0x0800b5e9    0x26  Code  Gb  netif.o [1]
ntohl                   0x0800938b     0x8  Code  Gb  inet.o [1]
ntohs                   0x08009369     0xa  Code  Gb  inet.o [1]
outQueue                0x080103cb    0x26  Code  Gb  fun.o [1]
pbuf_alloc              0x08009393   0x1ac  Code  Gb  pbuf.o [1]
pbuf_cat                0x080096e9    0x32  Code  Gb  pbuf.o [1]
pbuf_chain              0x0800971b    0x12  Code  Gb  pbuf.o [1]
pbuf_clen               0x080096cb    0x12  Code  Gb  pbuf.o [1]
pbuf_copy               0x0800972d    0xbe  Code  Gb  pbuf.o [1]
pbuf_copy_partial       0x080097eb    0x98  Code  Gb  pbuf.o [1]
pbuf_free               0x08009655    0x76  Code  Gb  pbuf.o [1]
pbuf_header             0x080095c1    0x94  Code  Gb  pbuf.o [1]
pbuf_realloc            0x0800953f    0x82  Code  Gb  pbuf.o [1]
pbuf_ref                0x080096dd     0xc  Code  Gb  pbuf.o [1]
pbuf_take               0x08009883    0x86  Code  Gb  pbuf.o [1]
pe_distance             0x2000d654     0x4  Data  Gb  speed_ctrl.o [1]
plug_holes              0x0800acf1    0x90  Code  Lc  mem.o [1]
pxGetMsgFromIntervalQueue
                        0x08010473    0x28  Code  Gb  fun.o [1]
pxGetMsgFromStateQueue  0x080104f5    0x26  Code  Gb  fun.o [1]
ram                     0x2000d624     0x4  Data  Lc  mem.o [1]
ram_end                 0x2000d628     0x4  Data  Lc  mem.o [1]
ram_heap                0x20000030  0x5014  Data  Lc  mem.o [1]
raw_input               0x0800bbf1    0x82  Code  Gb  raw.o [1]
raw_pcbs                0x2000d640     0x4  Data  Lc  raw.o [1]
reassdatagrams          0x2000d618     0x4  Data  Lc  ip_frag.o [1]
recv_data               0x2000d6a0     0x4  Data  Lc  tcp_in.o [1]
recv_flags              0x2000d6da     0x1  Data  Lc  tcp_in.o [1]
recv_message_from_sever
                        0x0801060d    0x24  Code  Gb  fun.o [1]
recv_msg_check          0x08010533    0x56  Code  Gb  fun.o [1]
recv_msg_process        0x08010589    0x84  Code  Gb  fun.o [1]
repairCarCmdData        0x2000d5b0    0x18  Data  Gb  fun.o [1]
repairLocationCtrl      0x08010f5d    0x62  Code  Gb  timExti.o [1]
repair_car_para_init    0x08010ed9    0x84  Code  Gb  timExti.o [1]
repair_flag             0x2000d6d4     0x1  Data  Gb  main.o [1]
repair_locate_real      0x2000d6c0     0x2  Data  Gb  main.o [1]
reply_recv_msg          0x08010631    0x3a  Code  Gb  fun.o [1]
reset_flag              0x2000d6d3     0x1  Data  Gb  main.o [1]
scan_dip_state          0x0800fa2d    0x76  Code  Gb  main.o [1]
sec_flag                0x2000d6b8     0x2  Data  Gb  main.o [1]
sec_process             0x0800faa3    0x60  Code  Gb  main.o [1]
sec_reg                 0x2000002c     0x2  Data  Gb  main.o [1]
second_stage_cnt        0x2000d6c8     0x2  Data  Gb  timExti.o [1]
second_stage_hz         0x2000d6ca     0x2  Data  Gb  timExti.o [1]
send_heart_msg          0x0801082f    0x3a  Code  Gb  fun.o [1]
send_message_to_sever   0x08010869    0xcc  Code  Gb  fun.o [1]
send_msg_gnd_version_type
                        0x080107c7    0x68  Code  Gb  fun.o [1]
send_msg_gndctrl2wcs_cmd
                        0x0801066b    0xc0  Code  Gb  fun.o [1]
send_msg_gndctrl2wcs_cmd_interval_data
                        0x0801072b    0x9c  Code  Gb  fun.o [1]
seqno                   0x2000d698     0x4  Data  Lc  tcp_in.o [1]
servo_hz                0x2000d6be     0x2  Data  Gb  main.o [1]
servo_start             0x2000d6d1     0x1  Data  Gb  main.o [1]
speed_factor            0x2000d650     0x4  Data  Gb  speed_ctrl.o [1]
speed_target            0x2000d64c     0x4  Data  Gb  speed_ctrl.o [1]
tcp_abandon             0x08009a9b    0xb0  Code  Gb  tcp.o [1]
tcp_active_pcbs         0x2000d684     0x4  Data  Gb  tcp.o [1]
tcp_alloc               0x08009f97    0xb6  Code  Gb  tcp.o [1]
tcp_backoff             0x0800a180    0x10  Data  Gb  tcp.o [1]
tcp_bound_pcbs          0x2000d67c     0x4  Data  Gb  tcp.o [1]
tcp_client_list         0x2000ae90  0x1018  Data  Gb  TCPclient.o [1]
tcp_close               0x0800997b   0x120  Code  Gb  tcp.o [1]
tcp_eff_send_mss        0x0800a159    0x28  Code  Gb  tcp.o [1]
tcp_enqueue             0x0800a30d   0x48e  Code  Gb  tcp_out.o [1]
tcp_fasttmr             0x08009e4d    0x6e  Code  Gb  tcp.o [1]
tcp_input               0x08008001   0x4bc  Code  Gb  tcp_in.o [1]
tcp_input_pcb           0x2000d6a4     0x4  Data  Gb  tcp_in.o [1]
tcp_keepalive           0x0800ac1f    0x4a  Code  Gb  tcp_out.o [1]
tcp_kill_prio           0x08009f19    0x4a  Code  Lc  tcp.o [1]
tcp_kill_timewait       0x08009f63    0x34  Code  Lc  tcp.o [1]
tcp_listen_input        0x080084bd   0x146  Code  Lc  tcp_in.o [1]
tcp_listen_pcbs         0x2000d680     0x4  Data  Gb  tcp.o [1]
tcp_next_iss            0x0800a113    0x14  Code  Gb  tcp.o [1]
tcp_output              0x0800a79b   0x26c  Code  Gb  tcp_out.o [1]
tcp_output_segment      0x0800aa07    0xbe  Code  Lc  tcp_out.o [1]
tcp_output_set_header   0x0800a27d    0x76  Code  Lc  tcp_out.o [1]
tcp_parseopt            0x08009289    0xae  Code  Lc  tcp_in.o [1]
tcp_pcb_purge           0x0800a04d    0x3a  Code  Gb  tcp.o [1]
tcp_pcb_remove          0x0800a087    0x8c  Code  Gb  tcp.o [1]
tcp_persist_backoff     0x0800a190     0x8  Data  Gb  tcp.o [1]
tcp_process             0x08008651   0x550  Code  Lc  tcp_in.o [1]
tcp_receive             0x08008bd5   0x6ae  Code  Lc  tcp_in.o [1]
tcp_recv_null           0x08009efb    0x1e  Code  Lc  tcp.o [1]
tcp_rexmit              0x0800abcb    0x54  Code  Gb  tcp_out.o [1]
tcp_rexmit_rto          0x0800ab97    0x34  Code  Gb  tcp_out.o [1]
tcp_rst                 0x0800aad1    0xc6  Code  Gb  tcp_out.o [1]
tcp_seg_free            0x08009ed5    0x26  Code  Gb  tcp.o [1]
tcp_segs_free           0x08009ebb    0x1a  Code  Gb  tcp.o [1]
tcp_send_ctrl           0x0800a2f3    0x1a  Code  Gb  tcp_out.o [1]
tcp_slowtmr             0x08009b83   0x2ca  Code  Gb  tcp.o [1]
tcp_ticks               0x2000d678     0x4  Data  Gb  tcp.o [1]
tcp_timer               0x2000d6d8     0x1  Data  Lc  tcp.o [1]
tcp_timewait_input      0x08008603    0x4e  Code  Lc  tcp_in.o [1]
tcp_tmp_pcb             0x2000d68c     0x4  Data  Gb  tcp.o [1]
tcp_tmr                 0x0800995d    0x1e  Code  Gb  tcp.o [1]
tcp_tw_pcbs             0x2000d688     0x4  Data  Gb  tcp.o [1]
tcp_update_rcv_ann_wnd  0x08009b4b    0x38  Code  Gb  tcp.o [1]
tcp_zero_window_probe   0x0800ac69    0x5a  Code  Gb  tcp_out.o [1]
tcphdr                  0x2000d690     0x4  Data  Lc  tcp_in.o [1]
tcplen                  0x2000d6c2     0x2  Data  Lc  tcp_in.o [1]
timExtiHandler          0x2000d6a8     0x4  Data  Gb  timExti.o [1]
timExtiRst              0x08010e79    0x1c  Code  Gb  timExti.o [1]
timUpdates              0x2000d6ac     0x4  Data  Gb  timExti.o [1]
uart2_send              0x0800d741    0x48  Code  Gb  usart.o [1]
uart2_send_buff         0x2000d450    0x64  Data  Gb  usart.o [1]
uart2_send_count        0x2000d6ce     0x2  Data  Gb  usart.o [1]
uart4_send              0x0800d6f9    0x48  Code  Gb  usart.o [1]
uart4_send_buff         0x2000d3ec    0x64  Data  Gb  usart.o [1]
uart4_send_count        0x2000d6cc     0x2  Data  Gb  usart.o [1]
udp_bind                0x0800bf69    0x78  Code  Gb  udp.o [1]
udp_client_process      0x08010d6f    0x5c  Code  Gb  TCPclient.o [1]
udp_connect             0x0800bfe1    0x5a  Code  Gb  udp.o [1]
udp_echoclient_connect  0x08010b0f    0xf6  Code  Gb  TCPclient.o [1]
udp_input               0x0800bc79   0x1c6  Code  Gb  udp.o [1]
udp_new                 0x0800c045    0x20  Code  Gb  udp.o [1]
udp_pcbs                0x2000d6b0     0x4  Data  Gb  udp.o [1]
udp_receive_callback    0x08010c05    0xfe  Code  Gb  TCPclient.o [1]
udp_recv                0x0800c03b     0x6  Code  Gb  udp.o [1]
udp_send                0x0800be3f     0xc  Code  Gb  udp.o [1]
udp_send_process        0x08010d03    0x6c  Code  Gb  TCPclient.o [1]
udp_sendto              0x0800be4b    0x2c  Code  Gb  udp.o [1]
udp_sendto_if           0x0800be77    0xf2  Code  Gb  udp.o [1]
update_arp_entry        0x0800c5f9   0x104  Code  Lc  etharp.o [1]
version                 0x2000d620     0x4  Data  Gb  main.o [1]
wcs2GndParaData         0x2000d4f4    0x30  Data  Gb  fun.o [1]


[1] = F:\gndd\EXP_GND_CTRL_PROJECT_V2_0_12\Project\EWARMv5\STM3210C-EVAL\Obj
[2] = command line
[3] = dl7M_tlf.a
[4] = m7M_tl.a
[5] = rt7M_tl.a
[6] = shb_l.a

  39 200 bytes of readonly  code memory
      84 bytes of readonly  data memory
  59 100 bytes of readwrite data memory

Errors: none
Warnings: none
