###############################################################################
#                                                                             #
# IAR ELF Linker V6.10.1.52143/W32 for ARM              20/Nov/2020  15:26:41 #
# Copyright 2007-2010 IAR Systems AB.                                         #
#                                                                             #
#    Output file  =  H:\gndd\EXP_GND_CTRL_PROJECT_V2_0_1_T\EXP_GND_CTRL_PROJE #
#                    CT_V2_0_1_T\source_code\Project\EWARMv5\STM3210C-EVAL\Ex #
#                    e\STM3210C-EVAL.out                                      #
#    Map file     =  H:\gndd\EXP_GND_CTRL_PROJECT_V2_0_1_T\EXP_GND_CTRL_PROJE #
#                    CT_V2_0_1_T\source_code\Project\EWARMv5\STM3210C-EVAL\Li #
#                    st\STM3210C-EVAL.map                                     #
#    Command line =  H:\gndd\EXP_GND_CTRL_PROJECT_V2_0_1_T\EXP_GND_CTRL_PROJE #
#                    CT_V2_0_1_T\source_code\Project\EWARMv5\STM3210C-EVAL\Ob #
#                    j\TCPclient.o H:\gndd\EXP_GND_CTRL_PROJECT_V2_0_1_T\EXP_ #
#                    GND_CTRL_PROJECT_V2_0_1_T\source_code\Project\EWARMv5\ST #
#                    M3210C-EVAL\Obj\api_lib.o H:\gndd\EXP_GND_CTRL_PROJECT_V #
#                    2_0_1_T\EXP_GND_CTRL_PROJECT_V2_0_1_T\source_code\Projec #
#                    t\EWARMv5\STM3210C-EVAL\Obj\api_msg.o                    #
#                    H:\gndd\EXP_GND_CTRL_PROJECT_V2_0_1_T\EXP_GND_CTRL_PROJE #
#                    CT_V2_0_1_T\source_code\Project\EWARMv5\STM3210C-EVAL\Ob #
#                    j\autoip.o H:\gndd\EXP_GND_CTRL_PROJECT_V2_0_1_T\EXP_GND #
#                    _CTRL_PROJECT_V2_0_1_T\source_code\Project\EWARMv5\STM32 #
#                    10C-EVAL\Obj\core_cm3.o H:\gndd\EXP_GND_CTRL_PROJECT_V2_ #
#                    0_1_T\EXP_GND_CTRL_PROJECT_V2_0_1_T\source_code\Project\ #
#                    EWARMv5\STM3210C-EVAL\Obj\delay.o                        #
#                    H:\gndd\EXP_GND_CTRL_PROJECT_V2_0_1_T\EXP_GND_CTRL_PROJE #
#                    CT_V2_0_1_T\source_code\Project\EWARMv5\STM3210C-EVAL\Ob #
#                    j\dhcp.o H:\gndd\EXP_GND_CTRL_PROJECT_V2_0_1_T\EXP_GND_C #
#                    TRL_PROJECT_V2_0_1_T\source_code\Project\EWARMv5\STM3210 #
#                    C-EVAL\Obj\err.o H:\gndd\EXP_GND_CTRL_PROJECT_V2_0_1_T\E #
#                    XP_GND_CTRL_PROJECT_V2_0_1_T\source_code\Project\EWARMv5 #
#                    \STM3210C-EVAL\Obj\etharp.o                              #
#                    H:\gndd\EXP_GND_CTRL_PROJECT_V2_0_1_T\EXP_GND_CTRL_PROJE #
#                    CT_V2_0_1_T\source_code\Project\EWARMv5\STM3210C-EVAL\Ob #
#                    j\ethernetif.o H:\gndd\EXP_GND_CTRL_PROJECT_V2_0_1_T\EXP #
#                    _GND_CTRL_PROJECT_V2_0_1_T\source_code\Project\EWARMv5\S #
#                    TM3210C-EVAL\Obj\fun.o H:\gndd\EXP_GND_CTRL_PROJECT_V2_0 #
#                    _1_T\EXP_GND_CTRL_PROJECT_V2_0_1_T\source_code\Project\E #
#                    WARMv5\STM3210C-EVAL\Obj\icmp.o                          #
#                    H:\gndd\EXP_GND_CTRL_PROJECT_V2_0_1_T\EXP_GND_CTRL_PROJE #
#                    CT_V2_0_1_T\source_code\Project\EWARMv5\STM3210C-EVAL\Ob #
#                    j\igmp.o H:\gndd\EXP_GND_CTRL_PROJECT_V2_0_1_T\EXP_GND_C #
#                    TRL_PROJECT_V2_0_1_T\source_code\Project\EWARMv5\STM3210 #
#                    C-EVAL\Obj\inet.o H:\gndd\EXP_GND_CTRL_PROJECT_V2_0_1_T\ #
#                    EXP_GND_CTRL_PROJECT_V2_0_1_T\source_code\Project\EWARMv #
#                    5\STM3210C-EVAL\Obj\inet_chksum.o                        #
#                    H:\gndd\EXP_GND_CTRL_PROJECT_V2_0_1_T\EXP_GND_CTRL_PROJE #
#                    CT_V2_0_1_T\source_code\Project\EWARMv5\STM3210C-EVAL\Ob #
#                    j\init.o H:\gndd\EXP_GND_CTRL_PROJECT_V2_0_1_T\EXP_GND_C #
#                    TRL_PROJECT_V2_0_1_T\source_code\Project\EWARMv5\STM3210 #
#                    C-EVAL\Obj\ip.o H:\gndd\EXP_GND_CTRL_PROJECT_V2_0_1_T\EX #
#                    P_GND_CTRL_PROJECT_V2_0_1_T\source_code\Project\EWARMv5\ #
#                    STM3210C-EVAL\Obj\ip_addr.o                              #
#                    H:\gndd\EXP_GND_CTRL_PROJECT_V2_0_1_T\EXP_GND_CTRL_PROJE #
#                    CT_V2_0_1_T\source_code\Project\EWARMv5\STM3210C-EVAL\Ob #
#                    j\ip_frag.o H:\gndd\EXP_GND_CTRL_PROJECT_V2_0_1_T\EXP_GN #
#                    D_CTRL_PROJECT_V2_0_1_T\source_code\Project\EWARMv5\STM3 #
#                    210C-EVAL\Obj\main.o H:\gndd\EXP_GND_CTRL_PROJECT_V2_0_1 #
#                    _T\EXP_GND_CTRL_PROJECT_V2_0_1_T\source_code\Project\EWA #
#                    RMv5\STM3210C-EVAL\Obj\mem.o                             #
#                    H:\gndd\EXP_GND_CTRL_PROJECT_V2_0_1_T\EXP_GND_CTRL_PROJE #
#                    CT_V2_0_1_T\source_code\Project\EWARMv5\STM3210C-EVAL\Ob #
#                    j\memp.o H:\gndd\EXP_GND_CTRL_PROJECT_V2_0_1_T\EXP_GND_C #
#                    TRL_PROJECT_V2_0_1_T\source_code\Project\EWARMv5\STM3210 #
#                    C-EVAL\Obj\misc.o H:\gndd\EXP_GND_CTRL_PROJECT_V2_0_1_T\ #
#                    EXP_GND_CTRL_PROJECT_V2_0_1_T\source_code\Project\EWARMv #
#                    5\STM3210C-EVAL\Obj\netbuf.o                             #
#                    H:\gndd\EXP_GND_CTRL_PROJECT_V2_0_1_T\EXP_GND_CTRL_PROJE #
#                    CT_V2_0_1_T\source_code\Project\EWARMv5\STM3210C-EVAL\Ob #
#                    j\netconf.o H:\gndd\EXP_GND_CTRL_PROJECT_V2_0_1_T\EXP_GN #
#                    D_CTRL_PROJECT_V2_0_1_T\source_code\Project\EWARMv5\STM3 #
#                    210C-EVAL\Obj\netdb.o H:\gndd\EXP_GND_CTRL_PROJECT_V2_0_ #
#                    1_T\EXP_GND_CTRL_PROJECT_V2_0_1_T\source_code\Project\EW #
#                    ARMv5\STM3210C-EVAL\Obj\netif.o                          #
#                    H:\gndd\EXP_GND_CTRL_PROJECT_V2_0_1_T\EXP_GND_CTRL_PROJE #
#                    CT_V2_0_1_T\source_code\Project\EWARMv5\STM3210C-EVAL\Ob #
#                    j\netifapi.o H:\gndd\EXP_GND_CTRL_PROJECT_V2_0_1_T\EXP_G #
#                    ND_CTRL_PROJECT_V2_0_1_T\source_code\Project\EWARMv5\STM #
#                    3210C-EVAL\Obj\pbuf.o H:\gndd\EXP_GND_CTRL_PROJECT_V2_0_ #
#                    1_T\EXP_GND_CTRL_PROJECT_V2_0_1_T\source_code\Project\EW #
#                    ARMv5\STM3210C-EVAL\Obj\raw.o                            #
#                    H:\gndd\EXP_GND_CTRL_PROJECT_V2_0_1_T\EXP_GND_CTRL_PROJE #
#                    CT_V2_0_1_T\source_code\Project\EWARMv5\STM3210C-EVAL\Ob #
#                    j\speed_ctrl.o H:\gndd\EXP_GND_CTRL_PROJECT_V2_0_1_T\EXP #
#                    _GND_CTRL_PROJECT_V2_0_1_T\source_code\Project\EWARMv5\S #
#                    TM3210C-EVAL\Obj\startup_stm32f10x_cl.o                  #
#                    H:\gndd\EXP_GND_CTRL_PROJECT_V2_0_1_T\EXP_GND_CTRL_PROJE #
#                    CT_V2_0_1_T\source_code\Project\EWARMv5\STM3210C-EVAL\Ob #
#                    j\stats.o H:\gndd\EXP_GND_CTRL_PROJECT_V2_0_1_T\EXP_GND_ #
#                    CTRL_PROJECT_V2_0_1_T\source_code\Project\EWARMv5\STM321 #
#                    0C-EVAL\Obj\stm32_eth.o H:\gndd\EXP_GND_CTRL_PROJECT_V2_ #
#                    0_1_T\EXP_GND_CTRL_PROJECT_V2_0_1_T\source_code\Project\ #
#                    EWARMv5\STM3210C-EVAL\Obj\stm32f107.o                    #
#                    H:\gndd\EXP_GND_CTRL_PROJECT_V2_0_1_T\EXP_GND_CTRL_PROJE #
#                    CT_V2_0_1_T\source_code\Project\EWARMv5\STM3210C-EVAL\Ob #
#                    j\stm32f10x_adc.o H:\gndd\EXP_GND_CTRL_PROJECT_V2_0_1_T\ #
#                    EXP_GND_CTRL_PROJECT_V2_0_1_T\source_code\Project\EWARMv #
#                    5\STM3210C-EVAL\Obj\stm32f10x_bkp.o                      #
#                    H:\gndd\EXP_GND_CTRL_PROJECT_V2_0_1_T\EXP_GND_CTRL_PROJE #
#                    CT_V2_0_1_T\source_code\Project\EWARMv5\STM3210C-EVAL\Ob #
#                    j\stm32f10x_dma.o H:\gndd\EXP_GND_CTRL_PROJECT_V2_0_1_T\ #
#                    EXP_GND_CTRL_PROJECT_V2_0_1_T\source_code\Project\EWARMv #
#                    5\STM3210C-EVAL\Obj\stm32f10x_exti.o                     #
#                    H:\gndd\EXP_GND_CTRL_PROJECT_V2_0_1_T\EXP_GND_CTRL_PROJE #
#                    CT_V2_0_1_T\source_code\Project\EWARMv5\STM3210C-EVAL\Ob #
#                    j\stm32f10x_flash.o H:\gndd\EXP_GND_CTRL_PROJECT_V2_0_1_ #
#                    T\EXP_GND_CTRL_PROJECT_V2_0_1_T\source_code\Project\EWAR #
#                    Mv5\STM3210C-EVAL\Obj\stm32f10x_gpio.o                   #
#                    H:\gndd\EXP_GND_CTRL_PROJECT_V2_0_1_T\EXP_GND_CTRL_PROJE #
#                    CT_V2_0_1_T\source_code\Project\EWARMv5\STM3210C-EVAL\Ob #
#                    j\stm32f10x_i2c.o H:\gndd\EXP_GND_CTRL_PROJECT_V2_0_1_T\ #
#                    EXP_GND_CTRL_PROJECT_V2_0_1_T\source_code\Project\EWARMv #
#                    5\STM3210C-EVAL\Obj\stm32f10x_it.o                       #
#                    H:\gndd\EXP_GND_CTRL_PROJECT_V2_0_1_T\EXP_GND_CTRL_PROJE #
#                    CT_V2_0_1_T\source_code\Project\EWARMv5\STM3210C-EVAL\Ob #
#                    j\stm32f10x_pwr.o H:\gndd\EXP_GND_CTRL_PROJECT_V2_0_1_T\ #
#                    EXP_GND_CTRL_PROJECT_V2_0_1_T\source_code\Project\EWARMv #
#                    5\STM3210C-EVAL\Obj\stm32f10x_rcc.o                      #
#                    H:\gndd\EXP_GND_CTRL_PROJECT_V2_0_1_T\EXP_GND_CTRL_PROJE #
#                    CT_V2_0_1_T\source_code\Project\EWARMv5\STM3210C-EVAL\Ob #
#                    j\stm32f10x_rtc.o H:\gndd\EXP_GND_CTRL_PROJECT_V2_0_1_T\ #
#                    EXP_GND_CTRL_PROJECT_V2_0_1_T\source_code\Project\EWARMv #
#                    5\STM3210C-EVAL\Obj\stm32f10x_spi.o                      #
#                    H:\gndd\EXP_GND_CTRL_PROJECT_V2_0_1_T\EXP_GND_CTRL_PROJE #
#                    CT_V2_0_1_T\source_code\Project\EWARMv5\STM3210C-EVAL\Ob #
#                    j\stm32f10x_tim.o H:\gndd\EXP_GND_CTRL_PROJECT_V2_0_1_T\ #
#                    EXP_GND_CTRL_PROJECT_V2_0_1_T\source_code\Project\EWARMv #
#                    5\STM3210C-EVAL\Obj\stm32f10x_usart.o                    #
#                    H:\gndd\EXP_GND_CTRL_PROJECT_V2_0_1_T\EXP_GND_CTRL_PROJE #
#                    CT_V2_0_1_T\source_code\Project\EWARMv5\STM3210C-EVAL\Ob #
#                    j\sys.o H:\gndd\EXP_GND_CTRL_PROJECT_V2_0_1_T\EXP_GND_CT #
#                    RL_PROJECT_V2_0_1_T\source_code\Project\EWARMv5\STM3210C #
#                    -EVAL\Obj\system_stm32f10x.o                             #
#                    H:\gndd\EXP_GND_CTRL_PROJECT_V2_0_1_T\EXP_GND_CTRL_PROJE #
#                    CT_V2_0_1_T\source_code\Project\EWARMv5\STM3210C-EVAL\Ob #
#                    j\tcp.o H:\gndd\EXP_GND_CTRL_PROJECT_V2_0_1_T\EXP_GND_CT #
#                    RL_PROJECT_V2_0_1_T\source_code\Project\EWARMv5\STM3210C #
#                    -EVAL\Obj\tcp_in.o H:\gndd\EXP_GND_CTRL_PROJECT_V2_0_1_T #
#                    \EXP_GND_CTRL_PROJECT_V2_0_1_T\source_code\Project\EWARM #
#                    v5\STM3210C-EVAL\Obj\tcp_out.o                           #
#                    H:\gndd\EXP_GND_CTRL_PROJECT_V2_0_1_T\EXP_GND_CTRL_PROJE #
#                    CT_V2_0_1_T\source_code\Project\EWARMv5\STM3210C-EVAL\Ob #
#                    j\tcpip.o H:\gndd\EXP_GND_CTRL_PROJECT_V2_0_1_T\EXP_GND_ #
#                    CTRL_PROJECT_V2_0_1_T\source_code\Project\EWARMv5\STM321 #
#                    0C-EVAL\Obj\timExti.o H:\gndd\EXP_GND_CTRL_PROJECT_V2_0_ #
#                    1_T\EXP_GND_CTRL_PROJECT_V2_0_1_T\source_code\Project\EW #
#                    ARMv5\STM3210C-EVAL\Obj\udp.o                            #
#                    H:\gndd\EXP_GND_CTRL_PROJECT_V2_0_1_T\EXP_GND_CTRL_PROJE #
#                    CT_V2_0_1_T\source_code\Project\EWARMv5\STM3210C-EVAL\Ob #
#                    j\usart.o -o H:\gndd\EXP_GND_CTRL_PROJECT_V2_0_1_T\EXP_G #
#                    ND_CTRL_PROJECT_V2_0_1_T\source_code\Project\EWARMv5\STM #
#                    3210C-EVAL\Exe\STM3210C-EVAL.out --map                   #
#                    H:\gndd\EXP_GND_CTRL_PROJECT_V2_0_1_T\EXP_GND_CTRL_PROJE #
#                    CT_V2_0_1_T\source_code\Project\EWARMv5\STM3210C-EVAL\Li #
#                    st\STM3210C-EVAL.map --config                            #
#                    H:\gndd\EXP_GND_CTRL_PROJECT_V2_0_1_T\EXP_GND_CTRL_PROJE #
#                    CT_V2_0_1_T\source_code\Project\EWARMv5\STM32F10x_FLASH. #
#                    icf --semihosting --entry __iar_program_start            #
#                                                                             #
#                                                                             #
###############################################################################

*******************************************************************************
*** RUNTIME MODEL ATTRIBUTES
***

CppFlavor       = *
__SystemLibrary = DLib


*******************************************************************************
*** PLACEMENT SUMMARY
***

"A1":  place at 0x08000000 { ro section .intvec };
"P1":  place in [from 0x08008000 to 0x0803ffff] { ro };
"P2":  place in [from 0x20000000 to 0x2000ffff] { rw, block CSTACK, block HEAP };

  Section            Kind        Address    Size  Object
  -------            ----        -------    ----  ------
"A1":                                      0x150
  .intvec            ro code  0x08000000   0x150  startup_stm32f10x_cl.o [1]
                            - 0x08000150   0x150

"P1":                                     0x67c8
  .text              ro code  0x08008000   0xad0  tcp_in.o [1]
  .text              ro code  0x08008ad0    0x26  inet.o [1]
  .text              ro code  0x08008af6   0x38a  pbuf.o [1]
  .text              ro code  0x08008e80    0x40  ip_addr.o [1]
  .text              ro code  0x08008ec0   0x7ca  tcp_out.o [1]
  .text              ro code  0x0800968a    0x2e  copy_init3.o [5]
  .text              ro code  0x080096b8   0x5d0  tcp.o [1]
  .text              ro code  0x08009c88    0x9c  memp.o [1]
  .text              ro code  0x08009d24   0x1d8  mem.o [1]
  .text              ro code  0x08009efc    0x70  ABImemcpy.o [5]
  .text              ro code  0x08009f6c   0x294  ip.o [1]
  .text              ro code  0x0800a200     0x6  ABImemclr4.o [5]
  .text              ro code  0x0800a206    0x22  zero_init3.o [5]
  .text              ro code  0x0800a228   0x10a  netif.o [1]
  .text              ro code  0x0800a334   0x48c  ip_frag.o [1]
  .text              ro code  0x0800a7c0    0x60  raw.o [1]
  .text              ro code  0x0800a820   0x2f2  udp.o [1]
  .text              ro code  0x0800ab12   0x18c  icmp.o [1]
  .text              ro code  0x0800aca0    0x38  ABImemset48.o [5]
  .text              ro code  0x0800acd8   0x64c  etharp.o [1]
  .text              ro code  0x0800b324    0x9a  inet_chksum.o [1]
  .text              ro code  0x0800b3c0   0x5d0  stm32f107.o [1]
  .text              ro code  0x0800b990    0x94  stm32f10x_tim.o [1]
  .text              ro code  0x0800ba24   0x164  stm32f10x_gpio.o [1]
  .text              ro code  0x0800bb88    0x90  stm32f10x_exti.o [1]
  .text              ro code  0x0800bc18    0xa0  stm32f10x_usart.o [1]
  .text              ro code  0x0800bcb8   0x158  stm32f10x_dma.o [1]
  .text              ro code  0x0800be10   0x114  system_stm32f10x.o [1]
  .text              ro code  0x0800bf24   0x11c  stm32f10x_rcc.o [1]
  .text              ro code  0x0800c040   0x114  main.o [1]
  .text              ro code  0x0800c154   0x568  stm32_eth.o [1]
  .text              ro code  0x0800c6bc    0x8c  misc.o [1]
  .text              ro code  0x0800c748   0x47c  speed_ctrl.o [1]
  .text              ro code  0x0800cbc4   0x290  fun.o [1]
  .text              ro code  0x0800ce54    0xb4  netconf.o [1]
  .text              ro code  0x0800cf08   0x1d0  TCPclient.o [1]
  .text              ro code  0x0800d0d8   0x3ac  usart.o [1]
  .text              ro code  0x0800d484    0x30  I32ToFlt.o [4]
  .text              ro code  0x0800d4b4    0xd8  FltMul.o [4]
  .text              ro code  0x0800d58c    0x44  FltToS32.o [4]
  .text              ro code  0x0800d5d0    0xfc  FltDiv.o [4]
  .text              ro code  0x0800d6cc    0xe2  FltSub.o [4]
  .text              ro code  0x0800d7b0    0x4e  FltToDbl.o [4]
  .text              ro code  0x0800d800    0x2e  DblCmpGe.o [4]
  .text              ro code  0x0800d830    0x1c  FltCmpEq.o [4]
  .text              ro code  0x0800d84c    0x2e  DblCmpLe.o [4]
  .text              ro code  0x0800d87c    0x24  FltCmpGe.o [4]
  .text              ro code  0x0800d8a0    0x82  FltAdd.o [4]
  .text              ro code  0x0800d924    0x24  FltCmpLe.o [4]
  .text              ro code  0x0800d948    0x2e  I32ToDbl.o [4]
  .text              ro code  0x0800d978   0x1a2  DblMul.o [4]
  .text              ro code  0x0800db1c    0xe6  DblAdd.o [4]
  .text              ro code  0x0800dc04    0x56  DblToI32.o [4]
  .text              ro code  0x0800dc5c    0x1c  stm32f10x_bkp.o [1]
  .text              ro code  0x0800dc78   0x1ac  timExti.o [1]
  .text              ro code  0x0800de24   0x224  ethernetif.o [1]
  .text              ro code  0x0800e048   0x246  DblDiv.o [4]
  .text              ro code  0x0800e290   0x17e  DblSub.o [4]
  .text              ro code  0x0800e410   0x138  stm32f10x_it.o [1]
  .text              ro code  0x0800e548    0x30  iarttio.o [6]
  .text              ro code  0x0800e578     0x8  XShttio.o [3]
  .text              ro code  0x0800e580    0x2c  data_init3.o [5]
  .iar.init_table    const    0x0800e5ac    0x24  - Linker created -
  .text              ro code  0x0800e5d0    0x16  cmain.o [5]
  .text              ro code  0x0800e5e6     0x4  low_level_init.o [3]
  .text              ro code  0x0800e5ea     0x8  exit.o [3]
  .text              ro code  0x0800e5f4     0xa  cexit.o [5]
  .text              ro code  0x0800e600    0x14  exit.o [6]
  .text              ro code  0x0800e614     0xc  cstartup_M.o [5]
  .text              ro code  0x0800e620     0x4  startup_stm32f10x_cl.o [1]
  .text              ro code  0x0800e624     0x4  startup_stm32f10x_cl.o [1]
  .text              ro code  0x0800e628     0x4  startup_stm32f10x_cl.o [1]
  .text              ro code  0x0800e62c     0x4  startup_stm32f10x_cl.o [1]
  .text              ro code  0x0800e630     0x4  startup_stm32f10x_cl.o [1]
  .text              ro code  0x0800e634     0x4  startup_stm32f10x_cl.o [1]
  .text              ro code  0x0800e638     0x4  startup_stm32f10x_cl.o [1]
  .text              ro code  0x0800e63c     0x4  startup_stm32f10x_cl.o [1]
  .text              ro code  0x0800e640     0x4  startup_stm32f10x_cl.o [1]
  .text              ro code  0x0800e644     0x4  startup_stm32f10x_cl.o [1]
  .text              ro code  0x0800e648     0x4  startup_stm32f10x_cl.o [1]
  .text              ro code  0x0800e64c     0x4  startup_stm32f10x_cl.o [1]
  .text              ro code  0x0800e650     0x4  startup_stm32f10x_cl.o [1]
  .text              ro code  0x0800e654     0x4  startup_stm32f10x_cl.o [1]
  .text              ro code  0x0800e658     0x4  startup_stm32f10x_cl.o [1]
  .text              ro code  0x0800e65c     0x4  startup_stm32f10x_cl.o [1]
  .text              ro code  0x0800e660     0x4  startup_stm32f10x_cl.o [1]
  .text              ro code  0x0800e664     0x4  startup_stm32f10x_cl.o [1]
  .text              ro code  0x0800e668     0x4  startup_stm32f10x_cl.o [1]
  .text              ro code  0x0800e66c     0x4  startup_stm32f10x_cl.o [1]
  .text              ro code  0x0800e670     0x4  startup_stm32f10x_cl.o [1]
  .text              ro code  0x0800e674     0x4  startup_stm32f10x_cl.o [1]
  .text              ro code  0x0800e678     0x4  startup_stm32f10x_cl.o [1]
  .text              ro code  0x0800e67c     0x4  startup_stm32f10x_cl.o [1]
  .text              ro code  0x0800e680     0x4  startup_stm32f10x_cl.o [1]
  .text              ro code  0x0800e684     0x4  startup_stm32f10x_cl.o [1]
  .text              ro code  0x0800e688     0x4  startup_stm32f10x_cl.o [1]
  .text              ro code  0x0800e68c     0x4  startup_stm32f10x_cl.o [1]
  .text              ro code  0x0800e690     0x4  startup_stm32f10x_cl.o [1]
  .text              ro code  0x0800e694     0x4  startup_stm32f10x_cl.o [1]
  .text              ro code  0x0800e698     0x4  startup_stm32f10x_cl.o [1]
  .text              ro code  0x0800e69c     0x4  startup_stm32f10x_cl.o [1]
  .text              ro code  0x0800e6a0     0x4  startup_stm32f10x_cl.o [1]
  .text              ro code  0x0800e6a4     0x4  startup_stm32f10x_cl.o [1]
  .text              ro code  0x0800e6a8     0x4  startup_stm32f10x_cl.o [1]
  .text              ro code  0x0800e6ac     0x4  startup_stm32f10x_cl.o [1]
  .text              ro code  0x0800e6b0     0x4  startup_stm32f10x_cl.o [1]
  .text              ro code  0x0800e6b4     0x4  startup_stm32f10x_cl.o [1]
  .text              ro code  0x0800e6b8     0x4  startup_stm32f10x_cl.o [1]
  .text              ro code  0x0800e6bc     0x4  startup_stm32f10x_cl.o [1]
  .text              ro code  0x0800e6c0     0x4  startup_stm32f10x_cl.o [1]
  .text              ro code  0x0800e6c4     0x4  startup_stm32f10x_cl.o [1]
  .text              ro code  0x0800e6c8     0x4  startup_stm32f10x_cl.o [1]
  .text              ro code  0x0800e6cc     0x4  startup_stm32f10x_cl.o [1]
  .text              ro code  0x0800e6d0     0x4  startup_stm32f10x_cl.o [1]
  .text              ro code  0x0800e6d4     0x4  startup_stm32f10x_cl.o [1]
  .text              ro code  0x0800e6d8     0x4  startup_stm32f10x_cl.o [1]
  .text              ro code  0x0800e6dc     0x4  startup_stm32f10x_cl.o [1]
  .text              ro code  0x0800e6e0     0x4  startup_stm32f10x_cl.o [1]
  .text              ro code  0x0800e6e4     0x4  startup_stm32f10x_cl.o [1]
  .text              ro code  0x0800e6e8     0x4  startup_stm32f10x_cl.o [1]
  .text              ro code  0x0800e6ec     0x4  startup_stm32f10x_cl.o [1]
  .text              ro code  0x0800e6f0     0x4  startup_stm32f10x_cl.o [1]
  .text              ro code  0x0800e6f4     0x4  startup_stm32f10x_cl.o [1]
  .text              ro code  0x0800e6f8     0x4  startup_stm32f10x_cl.o [1]
  .text              ro code  0x0800e6fc     0x4  startup_stm32f10x_cl.o [1]
  .text              ro code  0x0800e700     0x4  startup_stm32f10x_cl.o [1]
  .text              ro code  0x0800e704     0x4  startup_stm32f10x_cl.o [1]
  .text              ro code  0x0800e708     0x4  startup_stm32f10x_cl.o [1]
  .text              ro code  0x0800e70c     0x4  startup_stm32f10x_cl.o [1]
  .text              ro code  0x0800e710     0x4  startup_stm32f10x_cl.o [1]
  .text              ro code  0x0800e714     0x4  startup_stm32f10x_cl.o [1]
  .text              ro code  0x0800e718     0x4  startup_stm32f10x_cl.o [1]
  .text              ro code  0x0800e71c     0x4  startup_stm32f10x_cl.o [1]
  .text              ro code  0x0800e720     0x4  startup_stm32f10x_cl.o [1]
  .text              ro code  0x0800e724     0x4  startup_stm32f10x_cl.o [1]
  .text              ro code  0x0800e728     0x4  startup_stm32f10x_cl.o [1]
  .text              ro code  0x0800e72c     0x4  startup_stm32f10x_cl.o [1]
  .text              ro code  0x0800e730     0x4  startup_stm32f10x_cl.o [1]
  .text              ro code  0x0800e734     0x4  startup_stm32f10x_cl.o [1]
  Initializer bytes  ro data  0x0800e738    0x90  <for P2 s0>
                            - 0x0800e7c8  0x67c8

"P2", part 1 of 3:                          0x90
  P2 s0                       0x20000000    0x90  <Init block>
    .data            inited   0x20000000    0x3c  speed_ctrl.o [1]
    .data            inited   0x2000003c    0x20  tcp.o [1]
    .data            inited   0x2000005c    0x14  main.o [1]
    .data            inited   0x20000070    0x14  stm32f10x_rcc.o [1]
    .data            inited   0x20000084     0x8  XShttio.o [3]
    .data            inited   0x2000008c     0x1  main.o [1]
                            - 0x20000090    0x90

"P2", part 2 of 3:                        0xd468
  .bss               zero     0x20000090  0x5020  mem.o [1]
  .bss               zero     0x200050b0  0x46b0  memp.o [1]
  .bss               zero     0x20009760  0x2408  ethernetif.o [1]
  .bss               zero     0x2000bb68  0x1018  TCPclient.o [1]
  .bss               zero     0x2000cb80   0x5e0  ip_frag.o [1]
  .bss               zero     0x2000d160    0xc8  etharp.o [1]
  .bss               zero     0x2000d228    0xc8  fun.o [1]
  .bss               zero     0x2000d2f0    0x64  usart.o [1]
  .bss               zero     0x2000d354    0x64  usart.o [1]
  .bss               zero     0x2000d3b8    0x44  fun.o [1]
  .bss               zero     0x2000d3fc    0x34  tcp_in.o [1]
  .bss               zero     0x2000d430    0x30  netconf.o [1]
  .bss               zero     0x2000d460    0x18  fun.o [1]
  .bss               zero     0x2000d478    0x14  timExti.o [1]
  .bss               zero     0x2000d48c    0x14  usart.o [1]
  .bss               zero     0x2000d4a0     0xc  fun.o [1]
  .bss               zero     0x2000d4ac     0xc  netif.o [1]
  .bss               zero     0x2000d4b8     0x8  ip.o [1]
  .bss               zero     0x2000d4c0     0x8  ip_frag.o [1]
  .bss               zero     0x2000d4c8     0x8  netconf.o [1]
  .bss               zero     0x2000d4d0     0x8  stm32_eth.o [1]
  .bss               zero     0x2000d4d8     0x8  stm32_eth.o [1]
  .bss               zero     0x2000d4e0     0x4  raw.o [1]
  .bss               zero     0x2000d4e4     0x4  stm32f107.o [1]
  .bss               zero     0x2000d4e8     0x4  udp.o [1]
  .bss               zero     0x2000d4ec     0x2  ip.o [1]
  .bss               zero     0x2000d4ee     0x2  main.o [1]
  .bss               zero     0x2000d4f0     0x2  main.o [1]
  .bss               zero     0x2000d4f2     0x1  etharp.o [1]
  .bss               zero     0x2000d4f3     0x1  main.o [1]
  .bss               zero     0x2000d4f4     0x1  main.o [1]
  .bss               zero     0x2000d4f5     0x1  tcp.o [1]
                            - 0x2000d4f6  0xd466

"P2", part 3 of 3:                        0x1000
  CSTACK                      0x2000d4f8  0x1000  <Block>
    CSTACK           uninit   0x2000d4f8  0x1000  <Block tail>
                            - 0x2000e4f8  0x1000


*******************************************************************************
*** INIT TABLE
***

          Address     Size
          -------     ----
Zero (__iar_zero_init3)
    1 destination range, total size 0xd466:
          0x20000090  0xd466

Copy (__iar_copy_init3)
    1 source range, total size 0x90 (102% of destination):
          0x0800e738    0x90
    1 destination range, total size 0x8d:
          0x20000000    0x8d


*******************************************************************************
*** MODULE SUMMARY
***

    Module                  ro code  ro data  rw data
    ------                  -------  -------  -------
H:\gndd\EXP_GND_CTRL_PROJECT_V2_0_1_T\EXP_GND_CTRL_PROJECT_V2_0_1_T\source_code\Project\EWARMv5\STM3210C-EVAL\Obj: [1]
    TCPclient.o                 464             4 120
    etharp.o                  1 612               201
    ethernetif.o                548             9 224
    fun.o                       656               304
    icmp.o                      396
    inet.o                       38
    inet_chksum.o               154
    ip.o                        660                10
    ip_addr.o                    64
    ip_frag.o                 1 164             1 512
    main.o                      276       21       27
    mem.o                       472            20 512
    memp.o                      156            18 096
    misc.o                      140
    netconf.o                   180                56
    netif.o                     266                12
    pbuf.o                      906
    raw.o                        96                 4
    speed_ctrl.o              1 148       60       60
    startup_stm32f10x_cl.o      616
    stm32_eth.o               1 384                16
    stm32f107.o               1 488                 4
    stm32f10x_bkp.o              28
    stm32f10x_dma.o             344
    stm32f10x_exti.o            144
    stm32f10x_gpio.o            356
    stm32f10x_it.o              312
    stm32f10x_rcc.o             284       20       20
    stm32f10x_tim.o             148
    stm32f10x_usart.o           160
    system_stm32f10x.o          276
    tcp.o                     1 488       32       33
    tcp_in.o                  2 768                52
    tcp_out.o                 1 994
    timExti.o                   428                20
    udp.o                       754                 4
    usart.o                     940               220
    -------------------------------------------------
    Total:                   23 308      133   54 507

command line: [2]
    -------------------------------------------------
    Total:

dl7M_tlf.a: [3]
    XShttio.o                     8        8        8
    exit.o                        8
    low_level_init.o              4
    -------------------------------------------------
    Total:                       20        8        8

m7M_tl.a: [4]
    DblAdd.o                    230
    DblCmpGe.o                   46
    DblCmpLe.o                   46
    DblDiv.o                    582
    DblMul.o                    418
    DblSub.o                    382
    DblToI32.o                   86
    FltAdd.o                    130
    FltCmpEq.o                   28
    FltCmpGe.o                   36
    FltCmpLe.o                   36
    FltDiv.o                    252
    FltMul.o                    216
    FltSub.o                    226
    FltToDbl.o                   78
    FltToS32.o                   68
    I32ToDbl.o                   46
    I32ToFlt.o                   48
    -------------------------------------------------
    Total:                    2 954

rt7M_tl.a: [5]
    ABImemclr4.o                  6
    ABImemcpy.o                 112
    ABImemset48.o                56
    cexit.o                      10
    cmain.o                      22
    copy_init3.o                 46
    cstartup_M.o                 12
    data_init3.o                 44
    zero_init3.o                 34
    -------------------------------------------------
    Total:                      342

shb_l.a: [6]
    exit.o                       20
    iarttio.o                    48
    -------------------------------------------------
    Total:                       68

    Gaps                         32                 3
    Linker created                        39    4 096
-----------------------------------------------------
    Grand Total:             26 724      180   58 614


*******************************************************************************
*** ENTRY LIST
***

Entry                      Address    Size  Type      Object
-----                      -------    ----  ----      ------
?main                   0x0800e5d1          Code  Gb  cmain.o [5]
ADC1_2_IRQHandler       0x0800e68d          Code  Wk  startup_stm32f10x_cl.o [1]
ADCPrescTable           0x20000080     0x4  Data  Lc  stm32f10x_rcc.o [1]
APBAHBPrescTable        0x20000070    0x10  Data  Lc  stm32f10x_rcc.o [1]
ARPTimer                0x2000d4cc     0x4  Data  Gb  netconf.o [1]
AddSendMsgToQueue       0x0800cc1f     0x6  Code  Gb  fun.o [1]
BKP_WriteBackupRegister
                        0x0800dc5d    0x18  Code  Gb  stm32f10x_bkp.o [1]
BusFault_Handler        0x0800e417     0x2  Code  Gb  stm32f10x_it.o [1]
CAN1_RX0_IRQHandler     0x0800e695          Code  Wk  startup_stm32f10x_cl.o [1]
CAN1_RX1_IRQHandler     0x0800e699          Code  Wk  startup_stm32f10x_cl.o [1]
CAN1_SCE_IRQHandler     0x0800e69d          Code  Wk  startup_stm32f10x_cl.o [1]
CAN1_TX_IRQHandler      0x0800e691          Code  Wk  startup_stm32f10x_cl.o [1]
CAN2_RX0_IRQHandler     0x0800e729          Code  Wk  startup_stm32f10x_cl.o [1]
CAN2_RX1_IRQHandler     0x0800e72d          Code  Wk  startup_stm32f10x_cl.o [1]
CAN2_SCE_IRQHandler     0x0800e731          Code  Wk  startup_stm32f10x_cl.o [1]
CAN2_TX_IRQHandler      0x0800e725          Code  Wk  startup_stm32f10x_cl.o [1]
CRCHi                   0x0800d284   0x100  Data  Gb  usart.o [1]
CRCLo                   0x0800d384   0x100  Data  Gb  usart.o [1]
CRC_sub                 0x0800d13b    0x30  Code  Gb  usart.o [1]
CSTACK$$Base            0x2000d4f8           --   Gb  - Linker created -
CSTACK$$Limit           0x2000e4f8           --   Gb  - Linker created -
DMA1_Channel1_IRQHandler
                        0x0800e671          Code  Wk  startup_stm32f10x_cl.o [1]
DMA1_Channel2_IRQHandler
                        0x0800e675          Code  Wk  startup_stm32f10x_cl.o [1]
DMA1_Channel3_IRQHandler
                        0x0800e679          Code  Wk  startup_stm32f10x_cl.o [1]
DMA1_Channel4_IRQHandler
                        0x0800e67d          Code  Wk  startup_stm32f10x_cl.o [1]
DMA1_Channel5_IRQHandler
                        0x0800e681          Code  Wk  startup_stm32f10x_cl.o [1]
DMA1_Channel6_IRQHandler
                        0x0800e685          Code  Wk  startup_stm32f10x_cl.o [1]
DMA1_Channel7_IRQHandler
                        0x0800e689          Code  Wk  startup_stm32f10x_cl.o [1]
DMA2_Channel1_IRQHandler
                        0x0800e709          Code  Wk  startup_stm32f10x_cl.o [1]
DMA2_Channel2_IRQHandler
                        0x0800e70d          Code  Wk  startup_stm32f10x_cl.o [1]
DMA2_Channel3_IRQHandler
                        0x0800e711          Code  Wk  startup_stm32f10x_cl.o [1]
DMA2_Channel4_IRQHandler
                        0x0800e715          Code  Wk  startup_stm32f10x_cl.o [1]
DMA2_Channel5_IRQHandler
                        0x0800e719          Code  Wk  startup_stm32f10x_cl.o [1]
DMAPTPRxDescToGet       0x2000d4dc     0x4  Data  Gb  stm32_eth.o [1]
DMAPTPTxDescToSet       0x2000d4d4     0x4  Data  Gb  stm32_eth.o [1]
DMARxDescToGet          0x2000d4d8     0x4  Data  Gb  stm32_eth.o [1]
DMARxDscrTab            0x20009768    0x40  Data  Gb  ethernetif.o [1]
DMATxDescToSet          0x2000d4d0     0x4  Data  Gb  stm32_eth.o [1]
DMATxDscrTab            0x200097a8    0x20  Data  Gb  ethernetif.o [1]
DMA_ClearFlag           0x0800bdc9     0xc  Code  Gb  stm32f10x_dma.o [1]
DMA_Cmd                 0x0800bdb1    0x14  Code  Gb  stm32f10x_dma.o [1]
DMA_Configuration       0x0800b563    0x56  Code  Gb  stm32f107.o [1]
DMA_DeInit              0x0800bcb9    0xc2  Code  Gb  stm32f10x_dma.o [1]
DMA_Init                0x0800bd7b    0x36  Code  Gb  stm32f10x_dma.o [1]
DMA_SetCurrDataCounter  0x0800bdc5     0x4  Code  Gb  stm32f10x_dma.o [1]
DebugMon_Handler        0x0800e41d     0x2  Code  Gb  stm32f10x_it.o [1]
ETH_DMAClearITPendingBit
                        0x0800c603          Code  Gb  stm32_eth.o [1]
ETH_DMAITConfig         0x0800c637    0x14  Code  Gb  stm32_eth.o [1]
ETH_DMAReceptionCmd     0x0800c621    0x16  Code  Gb  stm32_eth.o [1]
ETH_DMARxDescChainInit  0x0800c591    0x46  Code  Gb  stm32_eth.o [1]
ETH_DMARxDescReceiveITConfig
                        0x0800c5d7    0x12  Code  Gb  stm32_eth.o [1]
ETH_DMATransmissionCmd  0x0800c60b    0x16  Code  Gb  stm32_eth.o [1]
ETH_DMATxDescChainInit  0x0800c547    0x40  Code  Gb  stm32_eth.o [1]
ETH_DMATxDescChecksumInsertionConfig
                        0x0800c58f     0x2  Code  Gb  stm32_eth.o [1]
ETH_DMATxDescFrameSegmentConfig
                        0x0800c587          Code  Gb  stm32_eth.o [1]
ETH_DeInit              0x0800c155    0x1a  Code  Gb  stm32_eth.o [1]
ETH_Delay               0x0800c6a1    0x1c  Code  Lc  stm32_eth.o [1]
ETH_GetRxPktSize        0x0800c43b    0x1e  Code  Gb  stm32_eth.o [1]
ETH_GetSoftwareResetStatus
                        0x0800c5f7     0x4  Code  Gb  stm32_eth.o [1]
ETH_IRQHandler          0x0800e459    0x22  Code  Gb  stm32f10x_it.o [1]
ETH_Init                0x0800c16f   0x1f4  Code  Gb  stm32_eth.o [1]
ETH_MACAddressConfig    0x0800c51d    0x2a  Code  Gb  stm32_eth.o [1]
ETH_MACReceptionCmd     0x0800c507    0x16  Code  Gb  stm32_eth.o [1]
ETH_MACTransmissionCmd  0x0800c4f1    0x16  Code  Gb  stm32_eth.o [1]
ETH_ReadPHYRegister     0x0800c459    0x4c  Code  Gb  stm32_eth.o [1]
ETH_RxPkt_ChainMode     0x0800dfa5    0x54  Code  Gb  ethernetif.o [1]
ETH_SoftwareReset       0x0800c5e9     0x4  Code  Gb  stm32_eth.o [1]
ETH_Start               0x0800c413    0x28  Code  Gb  stm32_eth.o [1]
ETH_StructInit          0x0800c36f    0xa4  Code  Gb  stm32_eth.o [1]
ETH_TxPkt_ChainMode     0x0800dff9    0x34  Code  Gb  ethernetif.o [1]
ETH_WKUP_IRQHandler     0x0800e721          Code  Wk  startup_stm32f10x_cl.o [1]
ETH_WritePHYRegister    0x0800c4a5    0x4c  Code  Gb  stm32_eth.o [1]
EXTI0_IRQHandler        0x0800e65d          Code  Wk  startup_stm32f10x_cl.o [1]
EXTI15_10_IRQHandler    0x0800e6e5          Code  Wk  startup_stm32f10x_cl.o [1]
EXTI1_IRQHandler        0x0800e661          Code  Wk  startup_stm32f10x_cl.o [1]
EXTI2_IRQHandler        0x0800e665          Code  Wk  startup_stm32f10x_cl.o [1]
EXTI3_IRQHandler        0x0800e669          Code  Wk  startup_stm32f10x_cl.o [1]
EXTI4_IRQHandler        0x0800e47b    0x4e  Code  Gb  stm32f10x_it.o [1]
EXTI9_5_IRQHandler      0x0800e4c9    0x66  Code  Gb  stm32f10x_it.o [1]
EXTI_ClearITPendingBit  0x0800bc09          Code  Gb  stm32f10x_exti.o [1]
EXTI_Configuration      0x0800b413    0x42  Code  Gb  stm32f107.o [1]
EXTI_GetITStatus        0x0800bbed    0x1a  Code  Gb  stm32f10x_exti.o [1]
EXTI_Init               0x0800bb89    0x64  Code  Gb  stm32f10x_exti.o [1]
EthInitStatus           0x2000d4e4     0x4  Data  Gb  stm32f107.o [1]
Ethernet_Configuration  0x0800b653    0x90  Code  Gb  stm32f107.o [1]
FLASH_IRQHandler        0x0800e655          Code  Wk  startup_stm32f10x_cl.o [1]
GPIO_Configuration      0x0800b6e3   0x150  Code  Gb  stm32f107.o [1]
GPIO_ETH_MediaInterfaceConfig
                        0x0800bb75     0x6  Code  Gb  stm32f10x_gpio.o [1]
GPIO_EXTILineConfig     0x0800bb4d    0x28  Code  Gb  stm32f10x_gpio.o [1]
GPIO_Init               0x0800ba25    0xbe  Code  Gb  stm32f10x_gpio.o [1]
GPIO_PinRemapConfig     0x0800bb07    0x46  Code  Gb  stm32f10x_gpio.o [1]
GPIO_ReadInputDataBit   0x0800bae3     0xe  Code  Gb  stm32f10x_gpio.o [1]
GPIO_ReadOutputDataBit  0x0800baf1     0xe  Code  Gb  stm32f10x_gpio.o [1]
GPIO_ResetBits          0x0800bb03     0x4  Code  Gb  stm32f10x_gpio.o [1]
GPIO_SetBits            0x0800baff     0x4  Code  Gb  stm32f10x_gpio.o [1]
HardFault_Handler       0x0800e413     0x2  Code  Gb  stm32f10x_it.o [1]
I2C1_ER_IRQHandler      0x0800e6c5          Code  Wk  startup_stm32f10x_cl.o [1]
I2C1_EV_IRQHandler      0x0800e6c1          Code  Wk  startup_stm32f10x_cl.o [1]
I2C2_ER_IRQHandler      0x0800e6cd          Code  Wk  startup_stm32f10x_cl.o [1]
I2C2_EV_IRQHandler      0x0800e6c9          Code  Wk  startup_stm32f10x_cl.o [1]
InitSendMsgQueue        0x0800cc19     0x6  Code  Gb  fun.o [1]
LocalTime               0x20000068     0x4  Data  Gb  main.o [1]
LwIP_Init               0x0800ce55    0x64  Code  Gb  netconf.o [1]
LwIP_Periodic_Handle    0x0800cebf    0x30  Code  Gb  netconf.o [1]
LwIP_Pkt_Handle         0x0800ceb9     0x6  Code  Gb  netconf.o [1]
MACaddr                 0x20009760     0x8  Data  Gb  ethernetif.o [1]
MemManage_Handler       0x0800e415     0x2  Code  Gb  stm32f10x_it.o [1]
NMI_Handler             0x0800e411     0x2  Code  Gb  stm32f10x_it.o [1]
NVIC_Configuration      0x0800b919    0x4e  Code  Gb  stm32f107.o [1]
NVIC_Init               0x0800c6c7    0x58  Code  Gb  misc.o [1]
NVIC_PriorityGroupConfig
                        0x0800c6bd     0xa  Code  Gb  misc.o [1]
NVIC_SetVectorTable     0x0800c71f     0xc  Code  Gb  misc.o [1]
OTG_FS_IRQHandler       0x0800e735          Code  Wk  startup_stm32f10x_cl.o [1]
OTG_FS_WKUP_IRQHandler  0x0800e6ed          Code  Wk  startup_stm32f10x_cl.o [1]
PVD_IRQHandler          0x0800e649          Code  Wk  startup_stm32f10x_cl.o [1]
PendSV_Handler          0x0800e41f     0x2  Code  Gb  stm32f10x_it.o [1]
RCC_AHBPeriphClockCmd   0x0800bfcb    0x12  Code  Gb  stm32f10x_rcc.o [1]
RCC_AHBPeriphResetCmd   0x0800c001    0x12  Code  Gb  stm32f10x_rcc.o [1]
RCC_APB1PeriphClockCmd  0x0800bfef    0x12  Code  Gb  stm32f10x_rcc.o [1]
RCC_APB2PeriphClockCmd  0x0800bfdd    0x12  Code  Gb  stm32f10x_rcc.o [1]
RCC_GetClocksFreq       0x0800bf25    0xa6  Code  Gb  stm32f10x_rcc.o [1]
RCC_IRQHandler          0x0800e659          Code  Wk  startup_stm32f10x_cl.o [1]
RCC_MCOConfig           0x0800c013     0x6  Code  Gb  stm32f10x_rcc.o [1]
RS485_OUT               0x0800c749    0x12  Code  Gb  speed_ctrl.o [1]
RTCAlarm_IRQHandler     0x0800e6e9          Code  Wk  startup_stm32f10x_cl.o [1]
RTC_IRQHandler          0x0800e651          Code  Wk  startup_stm32f10x_cl.o [1]
Region$$Table$$Base     0x0800e5ac           --   Gb  - Linker created -
Region$$Table$$Limit    0x0800e5d0           --   Gb  - Linker created -
Rx_Buff                 0x200097c8  0x17c0  Data  Gb  ethernetif.o [1]
SPI1_IRQHandler         0x0800e6d1          Code  Wk  startup_stm32f10x_cl.o [1]
SPI2_IRQHandler         0x0800e6d5          Code  Wk  startup_stm32f10x_cl.o [1]
SPI3_IRQHandler         0x0800e6f5          Code  Wk  startup_stm32f10x_cl.o [1]
SVC_Handler             0x0800e41b     0x2  Code  Gb  stm32f10x_it.o [1]
ServoFreqSet            0x0800d175    0xbe  Code  Gb  usart.o [1]
Set_MAC_Address         0x0800de25    0x22  Code  Gb  ethernetif.o [1]
SysTick_Handler         0x0800e421     0x4  Code  Gb  stm32f10x_it.o [1]
SystemInit              0x0800be11    0xfa  Code  Gb  system_stm32f10x.o [1]
System_Setup            0x0800b5e1    0x72  Code  Gb  stm32f107.o [1]
TAMPER_IRQHandler       0x0800e64d          Code  Wk  startup_stm32f10x_cl.o [1]
TCPTimer                0x2000d4c8     0x4  Data  Gb  netconf.o [1]
TIM1_BRK_IRQHandler     0x0800e6a5          Code  Wk  startup_stm32f10x_cl.o [1]
TIM1_CC_IRQHandler      0x0800e6b1          Code  Wk  startup_stm32f10x_cl.o [1]
TIM1_TRG_COM_IRQHandler
                        0x0800e6ad          Code  Wk  startup_stm32f10x_cl.o [1]
TIM1_UP_IRQHandler      0x0800e6a9          Code  Wk  startup_stm32f10x_cl.o [1]
TIM2_IRQHandler         0x0800e425    0x34  Code  Gb  stm32f10x_it.o [1]
TIM3_IRQHandler         0x0800e6b9          Code  Wk  startup_stm32f10x_cl.o [1]
TIM4_IRQHandler         0x0800e6bd          Code  Wk  startup_stm32f10x_cl.o [1]
TIM5_IRQHandler         0x0800e6f1          Code  Wk  startup_stm32f10x_cl.o [1]
TIM6_IRQHandler         0x0800e701          Code  Wk  startup_stm32f10x_cl.o [1]
TIM7_IRQHandler         0x0800e705          Code  Wk  startup_stm32f10x_cl.o [1]
TIM_ARRPreloadConfig    0x0800b9f1    0x14  Code  Gb  stm32f10x_tim.o [1]
TIM_ClearITPendingBit   0x0800ba1f          Code  Gb  stm32f10x_tim.o [1]
TIM_Cmd                 0x0800b9cd    0x14  Code  Gb  stm32f10x_tim.o [1]
TIM_Configuration       0x0800b3c1    0x4a  Code  Gb  stm32f107.o [1]
TIM_EXTI_Process        0x0800dd55    0xa6  Code  Gb  timExti.o [1]
TIM_GetCounter          0x0800ba05     0x4  Code  Gb  stm32f10x_tim.o [1]
TIM_GetITStatus         0x0800ba09    0x16  Code  Gb  stm32f10x_tim.o [1]
TIM_ITConfig            0x0800b9e1    0x10  Code  Gb  stm32f10x_tim.o [1]
TIM_TimeBaseInit        0x0800b991    0x34  Code  Gb  stm32f10x_tim.o [1]
Time_Update             0x0800c121    0x1c  Code  Gb  main.o [1]
Tx_Buff                 0x2000af88   0xbe0  Data  Gb  ethernetif.o [1]
UART4_IRQHandler        0x0800e6f9          Code  Wk  startup_stm32f10x_cl.o [1]
UART5_IRQHandler        0x0800e6fd          Code  Wk  startup_stm32f10x_cl.o [1]
USART1_IRQHandler       0x0800e6d9          Code  Wk  startup_stm32f10x_cl.o [1]
USART2_IRQHandler       0x0800e6dd          Code  Wk  startup_stm32f10x_cl.o [1]
USART3_IRQHandler       0x0800e6e1          Code  Wk  startup_stm32f10x_cl.o [1]
USART_Cmd               0x0800bc95    0x14  Code  Gb  stm32f10x_usart.o [1]
USART_Configuration     0x0800b46f    0xbc  Code  Gb  stm32f107.o [1]
USART_DMACmd            0x0800bca9    0x10  Code  Gb  stm32f10x_usart.o [1]
USART_Init              0x0800bc19    0x78  Code  Gb  stm32f10x_usart.o [1]
UsageFault_Handler      0x0800e419     0x2  Code  Gb  stm32f10x_it.o [1]
WWDG_IRQHandler         0x0800e645          Code  Wk  startup_stm32f10x_cl.o [1]
__aeabi_cdcmple         0x0800d84d          Code  Gb  DblCmpLe.o [4]
__aeabi_cdrcmple        0x0800d801          Code  Gb  DblCmpGe.o [4]
__aeabi_cfcmpeq         0x0800d831          Code  Gb  FltCmpEq.o [4]
__aeabi_cfcmple         0x0800d925          Code  Gb  FltCmpLe.o [4]
__aeabi_cfrcmple        0x0800d87d          Code  Gb  FltCmpGe.o [4]
__aeabi_d2iz            0x0800dc05          Code  Gb  DblToI32.o [4]
__aeabi_d2uiz           0x0800dc31          Code  Gb  DblToI32.o [4]
__aeabi_dadd            0x0800db1d          Code  Gb  DblAdd.o [4]
__aeabi_ddiv            0x0800e049          Code  Gb  DblDiv.o [4]
__aeabi_dmul            0x0800d979          Code  Gb  DblMul.o [4]
__aeabi_dsub            0x0800e291          Code  Gb  DblSub.o [4]
__aeabi_f2d             0x0800d7b1          Code  Gb  FltToDbl.o [4]
__aeabi_f2iz            0x0800d58d          Code  Gb  FltToS32.o [4]
__aeabi_fadd            0x0800d8a1          Code  Gb  FltAdd.o [4]
__aeabi_fdiv            0x0800d5d1          Code  Gb  FltDiv.o [4]
__aeabi_fmul            0x0800d4b5          Code  Gb  FltMul.o [4]
__aeabi_fsub            0x0800d6cd          Code  Gb  FltSub.o [4]
__aeabi_i2d             0x0800d949          Code  Gb  I32ToDbl.o [4]
__aeabi_i2f             0x0800d485          Code  Gb  I32ToFlt.o [4]
__aeabi_memclr4         0x0800a201          Code  Gb  ABImemclr4.o [5]
__aeabi_memcpy          0x08009efd          Code  Gb  ABImemcpy.o [5]
__aeabi_memcpy4         0x08009f17          Code  Gb  ABImemcpy.o [5]
__aeabi_memcpy8         0x08009f17          Code  Gb  ABImemcpy.o [5]
__aeabi_memset4         0x0800aca1          Code  Gb  ABImemset48.o [5]
__aeabi_memset8         0x0800aca1          Code  Gb  ABImemset48.o [5]
__aeabi_ui2d            0x0800d95d          Code  Gb  I32ToDbl.o [4]
__aeabi_ui2f            0x0800d499          Code  Gb  I32ToFlt.o [4]
__cmain                 0x0800e5d1          Code  Gb  cmain.o [5]
__exit                  0x0800e601    0x14  Code  Gb  exit.o [6]
__iar_Memset4_word      0x0800aca9          Code  Gb  ABImemset48.o [5]
__iar_Memset8_word      0x0800aca9          Code  Gb  ABImemset48.o [5]
__iar_close_ttio        0x0800e549    0x2e  Code  Gb  iarttio.o [6]
__iar_copy_init3        0x0800968b    0x2e  Code  Gb  copy_init3.o [5]
__iar_d2uiz             0x0800dc3b          Code  Gb  DblToI32.o [4]
__iar_dadd              0x0800db2f          Code  Gb  DblAdd.o [4]
__iar_data_init3        0x0800e581    0x2c  Code  Gb  data_init3.o [5]
__iar_dsub              0x0800e2a3          Code  Gb  DblSub.o [4]
__iar_dsubStart         0x0800e2b5          Code  Gb  DblSub.o [4]
__iar_fadd              0x0800d8af          Code  Gb  FltAdd.o [4]
__iar_fsub              0x0800d6db          Code  Gb  FltSub.o [4]
__iar_fsubStart         0x0800d6e9          Code  Gb  FltSub.o [4]
__iar_lookup_ttioh      0x0800e579     0x8  Code  Gb  XShttio.o [3]
__iar_program_start     0x0800e615          Code  Gb  cstartup_M.o [5]
__iar_ttio_handles      0x20000084     0x8  Data  Lc  XShttio.o [3]
__iar_ui2d              0x0800d95f          Code  Gb  I32ToDbl.o [4]
__iar_ui2f              0x0800d49b          Code  Gb  I32ToFlt.o [4]
__iar_zero_init3        0x0800a207    0x22  Code  Gb  zero_init3.o [5]
__low_level_init        0x0800e5e7     0x4  Code  Gb  low_level_init.o [3]
__vector_table          0x08000000          Data  Gb  startup_stm32f10x_cl.o [1]
_call_main              0x0800e5dd          Code  Gb  cmain.o [5]
_exit                   0x0800e5f5          Code  Gb  cexit.o [5]
_main                   0x0800e5e3          Code  Gb  cmain.o [5]
ackno                   0x2000d424     0x4  Data  Lc  tcp_in.o [1]
adjust_stage_flag       0x2000d478     0x1  Data  Gb  timExti.o [1]
arp_table               0x2000d160    0xc8  Data  Lc  etharp.o [1]
buf                     0x2000cb80   0x5e0  Data  Lc  ip_frag.o [1]
cal_distance_to_real_locate
                        0x0800dcad    0x16  Code  Gb  timExti.o [1]
cal_move_distance       0x0800dc8d    0x20  Code  Gb  timExti.o [1]
creat_udp_connect_process
                        0x0800cf09    0x32  Code  Gb  TCPclient.o [1]
current_header          0x2000d4bc     0x4  Data  Lc  ip.o [1]
current_netif           0x2000d4b8     0x4  Data  Lc  ip.o [1]
enQueue                 0x0800cbd3    0x22  Code  Gb  fun.o [1]
etharp_arp_input        0x0800af55    0xe0  Code  Gb  etharp.o [1]
etharp_cached_entry     0x2000d4f2     0x1  Data  Lc  etharp.o [1]
etharp_ip_input         0x0800af31    0x24  Code  Gb  etharp.o [1]
etharp_output           0x0800b03d    0xa4  Code  Gb  etharp.o [1]
etharp_query            0x0800b0f3    0xf2  Code  Gb  etharp.o [1]
etharp_raw              0x0800b1f1    0xa8  Code  Lc  etharp.o [1]
etharp_request          0x0800b299    0x28  Code  Gb  etharp.o [1]
etharp_send_ip          0x0800ae6f    0x2c  Code  Lc  etharp.o [1]
etharp_tmr              0x0800acf7    0x44  Code  Gb  etharp.o [1]
ethbroadcast            0x0800b314     0x8  Data  Gb  etharp.o [1]
ethernet_input          0x0800b2c1    0x52  Code  Gb  etharp.o [1]
ethernetif_init         0x0800dee7    0xbe  Code  Gb  ethernetif.o [1]
ethernetif_input        0x0800dec1    0x26  Code  Gb  ethernetif.o [1]
ethzero                 0x0800b31c     0x8  Data  Gb  etharp.o [1]
exit                    0x0800e5eb     0x8  Code  Gb  exit.o [3]
find_entry              0x0800ad3b   0x134  Code  Lc  etharp.o [1]
first_stage_cnt         0x2000d480     0x2  Data  Gb  timExti.o [1]
first_stage_hz          0x2000d482     0x2  Data  Gb  timExti.o [1]
flags                   0x2000d3fc     0x1  Data  Lc  tcp_in.o [1]
free_etharp_q           0x0800acd9    0x1e  Code  Lc  etharp.o [1]
fwErr                   0x20000000     0x8  Data  Gb  speed_ctrl.o [1]
fwErrCalculate          0x0800c7ff    0xd4  Code  Gb  speed_ctrl.o [1]
fwErrD                  0x20000028     0x4  Data  Gb  speed_ctrl.o [1]
fwErrI                  0x2000002c     0x4  Data  Gb  speed_ctrl.o [1]
fwHz                    0x20000038     0x4  Data  Gb  speed_ctrl.o [1]
fwInitHz                0x20000064     0x2  Data  Gb  main.o [1]
fwInitServo             0x0800c75b    0xa4  Code  Gb  speed_ctrl.o [1]
fwKd                    0x20000018     0x4  Data  Gb  speed_ctrl.o [1]
fwKi                    0x20000014     0x4  Data  Gb  speed_ctrl.o [1]
fwKp                    0x20000010     0x4  Data  Gb  speed_ctrl.o [1]
fwPIDctrl               0x0800c8df   0x216  Code  Gb  speed_ctrl.o [1]
fwbV                    0x20000030     0x4  Data  Gb  speed_ctrl.o [1]
fwbVLast                0x20000034     0x4  Data  Gb  speed_ctrl.o [1]
get_CRC                 0x0800d16b     0xa  Code  Gb  usart.o [1]
get_ip_para_process     0x0800d0a5    0x22  Code  Gb  TCPclient.o [1]
gnd2WcsCmdData          0x2000d460    0x18  Data  Gb  fun.o [1]
heart_dely              0x2000005d     0x1  Data  Gb  main.o [1]
htonl                   0x08008add    0x18  Code  Gb  inet.o [1]
htons                   0x08008ad1     0xa  Code  Gb  inet.o [1]
icmp_dest_unreach       0x0800ac29     0x6  Code  Gb  icmp.o [1]
icmp_input              0x0800ab13   0x10e  Code  Gb  icmp.o [1]
icmp_send_response      0x0800ac33    0x60  Code  Lc  icmp.o [1]
icmp_time_exceeded      0x0800ac2f     0x4  Code  Gb  icmp.o [1]
inet_chksum             0x0800b36b     0xc  Code  Gb  inet_chksum.o [1]
inet_chksum_pbuf        0x0800b377    0x48  Code  Gb  inet_chksum.o [1]
initQueue               0x0800cbc5     0xe  Code  Gb  fun.o [1]
inseg                   0x2000d400    0x14  Data  Lc  tcp_in.o [1]
inverter_type           0x2000d4f4     0x1  Data  Gb  main.o [1]
ip_addr_any             0x08008ebc     0x4  Data  Gb  ip_addr.o [1]
ip_addr_isbroadcast     0x08008e81    0x3a  Code  Gb  ip_addr.o [1]
ip_frag                 0x0800a693   0x124  Code  Gb  ip_frag.o [1]
ip_input                0x08009faf   0x150  Code  Gb  ip.o [1]
ip_output               0x0800a1cd    0x34  Code  Gb  ip.o [1]
ip_output_if            0x0800a0ff    0xbe  Code  Gb  ip.o [1]
ip_reass                0x0800a4ff   0x188  Code  Gb  ip_frag.o [1]
ip_reass_chain_frag_into_datagram_and_validate
                        0x0800a425    0xda  Code  Lc  ip_frag.o [1]
ip_reass_dequeue_datagram
                        0x0800a409    0x1c  Code  Lc  ip_frag.o [1]
ip_reass_free_complete_datagram
                        0x0800a335    0x6c  Code  Lc  ip_frag.o [1]
ip_reass_pbufcount      0x2000d4c0     0x2  Data  Lc  ip_frag.o [1]
ip_reass_remove_oldest_datagram
                        0x0800a3a1    0x68  Code  Lc  ip_frag.o [1]
ip_route                0x08009f6d    0x42  Code  Gb  ip.o [1]
iphdr                   0x2000d41c     0x4  Data  Lc  tcp_in.o [1]
lfree                   0x20000098     0x4  Data  Lc  mem.o [1]
low_level_input         0x0800de73    0x4e  Code  Lc  ethernetif.o [1]
low_level_output        0x0800de47    0x2c  Code  Lc  ethernetif.o [1]
lwip_standard_chksum    0x0800b325    0x46  Code  Lc  inet_chksum.o [1]
main                    0x0800c0dd    0x44  Code  Gb  main.o [1]
max_speed               0x20000008     0x4  Data  Gb  speed_ctrl.o [1]
mem_free                0x08009d53    0x68  Code  Gb  mem.o [1]
mem_init                0x08009d25    0x2e  Code  Gb  mem.o [1]
mem_malloc              0x08009e5d    0x9a  Code  Gb  mem.o [1]
mem_realloc             0x08009dbb    0xa2  Code  Gb  mem.o [1]
memp_free               0x08009ce9    0x10  Code  Gb  memp.o [1]
memp_init               0x08009c89    0x44  Code  Gb  memp.o [1]
memp_malloc             0x08009ccd    0x1c  Code  Gb  memp.o [1]
memp_memory             0x200050d4  0x468c  Data  Lc  memp.o [1]
memp_num                0x08009d10    0x14  Data  Lc  memp.o [1]
memp_sizes              0x08009cfc    0x14  Data  Lc  memp.o [1]
memp_tab                0x200050b0    0x24  Data  Lc  memp.o [1]
min_speed               0x2000000c     0x4  Data  Gb  speed_ctrl.o [1]
msgQueueBuff            0x2000d228    0xc8  Data  Gb  fun.o [1]
msgSendQueue            0x2000d4a0     0xc  Data  Gb  fun.o [1]
msg_send_delay          0x2000008c     0x1  Data  Gb  main.o [1]
netif                   0x2000d430    0x30  Data  Gb  netconf.o [1]
netif_add               0x0800a229    0x42  Code  Gb  netif.o [1]
netif_default           0x2000d4b4     0x4  Data  Gb  netif.o [1]
netif_is_up             0x0800a329     0xa  Code  Gb  netif.o [1]
netif_list              0x2000d4b0     0x4  Data  Gb  netif.o [1]
netif_set_addr          0x0800a26b    0x1e  Code  Gb  netif.o [1]
netif_set_default       0x0800a2f5     0x6  Code  Gb  netif.o [1]
netif_set_gw            0x0800a2e5     0x8  Code  Gb  netif.o [1]
netif_set_ipaddr        0x0800a289    0x5c  Code  Gb  netif.o [1]
netif_set_netmask       0x0800a2ed     0x8  Code  Gb  netif.o [1]
netif_set_up            0x0800a309    0x20  Code  Gb  netif.o [1]
ntohl                   0x08008af5     0x2  Code  Gb  inet.o [1]
ntohs                   0x08008adb     0x2  Code  Gb  inet.o [1]
outQueue                0x0800cbf5    0x24  Code  Gb  fun.o [1]
pbuf_alloc              0x08008af7   0x11a  Code  Gb  pbuf.o [1]
pbuf_cat                0x08008d19    0x24  Code  Gb  pbuf.o [1]
pbuf_chain              0x08008d3d    0x10  Code  Gb  pbuf.o [1]
pbuf_clen               0x08008cff    0x10  Code  Gb  pbuf.o [1]
pbuf_copy               0x08008d4d    0x8a  Code  Gb  pbuf.o [1]
pbuf_copy_partial       0x08008dd7    0x60  Code  Gb  pbuf.o [1]
pbuf_free               0x08008cbf    0x40  Code  Gb  pbuf.o [1]
pbuf_header             0x08008c5f    0x60  Code  Gb  pbuf.o [1]
pbuf_realloc            0x08008c11    0x4e  Code  Gb  pbuf.o [1]
pbuf_ref                0x08008d0f     0xa  Code  Gb  pbuf.o [1]
pbuf_take               0x08008e37    0x4a  Code  Gb  pbuf.o [1]
pe_distance             0x20000024     0x4  Data  Gb  speed_ctrl.o [1]
ram                     0x20000090     0x4  Data  Lc  mem.o [1]
ram_end                 0x20000094     0x4  Data  Lc  mem.o [1]
ram_heap                0x2000009c  0x5014  Data  Lc  mem.o [1]
raw_input               0x0800a7c1    0x5c  Code  Gb  raw.o [1]
raw_pcbs                0x2000d4e0     0x4  Data  Lc  raw.o [1]
reassdatagrams          0x2000d4c4     0x4  Data  Lc  ip_frag.o [1]
recv_data               0x2000d428     0x4  Data  Lc  tcp_in.o [1]
recv_flags              0x2000d3fd     0x1  Data  Lc  tcp_in.o [1]
recv_message_from_sever
                        0x0800cce1    0x1a  Code  Gb  fun.o [1]
recv_msg_check          0x0800cc25    0x42  Code  Gb  fun.o [1]
recv_msg_process        0x0800cc67    0x7a  Code  Gb  fun.o [1]
repairCarCmdData        0x2000d3e8    0x14  Data  Gb  fun.o [1]
repairLocationCtrl      0x0800dd0d    0x48  Code  Gb  timExti.o [1]
repair_car_para_init    0x0800dcc3    0x4a  Code  Gb  timExti.o [1]
repair_flag             0x2000005e     0x1  Data  Gb  main.o [1]
repair_locate_real      0x2000d4f0     0x2  Data  Gb  main.o [1]
reply_recv_msg          0x0800ccfb    0x14  Code  Gb  fun.o [1]
reset_flag              0x2000d4f3     0x1  Data  Gb  main.o [1]
scan_dip_state          0x0800c041    0x56  Code  Gb  main.o [1]
sec_flag                0x20000062     0x2  Data  Gb  main.o [1]
sec_process             0x0800c097    0x46  Code  Gb  main.o [1]
sec_reg                 0x20000060     0x2  Data  Gb  main.o [1]
second_stage_cnt        0x2000d484     0x2  Data  Gb  timExti.o [1]
second_stage_hz         0x2000d486     0x2  Data  Gb  timExti.o [1]
send_heart_msg          0x0800cd8b    0x16  Code  Gb  fun.o [1]
send_message_to_sever   0x0800cdbd    0x68  Code  Gb  fun.o [1]
send_msg_gndctrl2wcs_cmd
                        0x0800cd0f    0x7c  Code  Gb  fun.o [1]
seqno                   0x2000d420     0x4  Data  Lc  tcp_in.o [1]
servo_hz                0x2000d4ee     0x2  Data  Gb  main.o [1]
servo_start             0x2000005c     0x1  Data  Gb  main.o [1]
speed_factor            0x20000020     0x4  Data  Gb  speed_ctrl.o [1]
speed_target            0x2000001c     0x4  Data  Gb  speed_ctrl.o [1]
tcp_abandon             0x0800975f    0x8a  Code  Gb  tcp.o [1]
tcp_active_pcbs         0x2000004c     0x4  Data  Gb  tcp.o [1]
tcp_alloc               0x08009ab1    0xea  Code  Gb  tcp.o [1]
tcp_backoff             0x08009c70    0x10  Data  Gb  tcp.o [1]
tcp_bound_pcbs          0x20000044     0x4  Data  Gb  tcp.o [1]
tcp_client_list         0x2000bb68  0x1018  Data  Gb  TCPclient.o [1]
tcp_close               0x080096d5    0x8a  Code  Gb  tcp.o [1]
tcp_eff_send_mss        0x08009c51    0x1e  Code  Gb  tcp.o [1]
tcp_enqueue             0x08008f41   0x2fe  Code  Gb  tcp_out.o [1]
tcp_fasttmr             0x08009a17    0x48  Code  Gb  tcp.o [1]
tcp_input               0x08008001   0x2c4  Code  Gb  tcp_in.o [1]
tcp_input_pcb           0x2000d42c     0x4  Data  Gb  tcp_in.o [1]
tcp_keepalive           0x08009611    0x28  Code  Gb  tcp_out.o [1]
tcp_listen_input        0x080082d1    0xc8  Code  Lc  tcp_in.o [1]
tcp_listen_pcbs         0x20000048     0x4  Data  Gb  tcp.o [1]
tcp_next_iss            0x08009c2b     0xc  Code  Gb  tcp.o [1]
tcp_output              0x08009251   0x1da  Code  Gb  tcp_out.o [1]
tcp_output_segment      0x08009433    0xaa  Code  Lc  tcp_out.o [1]
tcp_output_set_header   0x08008ec1    0x68  Code  Lc  tcp_out.o [1]
tcp_parseopt            0x08008a47    0x72  Code  Lc  tcp_in.o [1]
tcp_pcb_purge           0x08009b9b    0x30  Code  Gb  tcp.o [1]
tcp_pcb_remove          0x08009bcb    0x3e  Code  Gb  tcp.o [1]
tcp_persist_backoff     0x08009c80     0x8  Data  Gb  tcp.o [1]
tcp_process             0x080083b9   0x2a8  Code  Lc  tcp_in.o [1]
tcp_receive             0x08008677   0x3a2  Code  Lc  tcp_in.o [1]
tcp_recv_null           0x08009a97    0x1a  Code  Lc  tcp.o [1]
tcp_rexmit              0x080095c5    0x4c  Code  Gb  tcp_out.o [1]
tcp_rexmit_rto          0x08009593    0x32  Code  Gb  tcp_out.o [1]
tcp_rst                 0x080094f1    0x98  Code  Gb  tcp_out.o [1]
tcp_seg_free            0x08009a79    0x1e  Code  Gb  tcp.o [1]
tcp_segs_free           0x08009a5f    0x1a  Code  Gb  tcp.o [1]
tcp_send_ctrl           0x08008f29    0x18  Code  Gb  tcp_out.o [1]
tcp_slowtmr             0x08009819   0x1f4  Code  Gb  tcp.o [1]
tcp_ticks               0x20000040     0x4  Data  Gb  tcp.o [1]
tcp_timer               0x2000d4f5     0x1  Data  Lc  tcp.o [1]
tcp_tmp_pcb             0x20000054     0x4  Data  Gb  tcp.o [1]
tcp_tmr                 0x080096b9    0x1a  Code  Gb  tcp.o [1]
tcp_tw_pcbs             0x20000050     0x4  Data  Gb  tcp.o [1]
tcp_update_rcv_ann_wnd  0x080097f1    0x28  Code  Gb  tcp.o [1]
tcp_zero_window_probe   0x08009639    0x36  Code  Gb  tcp_out.o [1]
tcphdr                  0x2000d418     0x4  Data  Lc  tcp_in.o [1]
tcplen                  0x2000d414     0x2  Data  Lc  tcp_in.o [1]
timExtiHandler          0x2000d47c     0x4  Data  Gb  timExti.o [1]
timExtiRst              0x0800dc79    0x14  Code  Gb  timExti.o [1]
timUpdates              0x2000d488     0x4  Data  Gb  timExti.o [1]
timingdelay             0x2000006c     0x4  Data  Gb  main.o [1]
uart1_commu_state       0x2000d48f     0x1  Data  Gb  usart.o [1]
uart1_send_count        0x2000d49c     0x2  Data  Gb  usart.o [1]
uart1_tmr               0x2000d49e     0x2  Data  Gb  usart.o [1]
uart2_commu_state       0x2000d48e     0x1  Data  Gb  usart.o [1]
uart2_send              0x0800d107    0x1c  Code  Gb  usart.o [1]
uart2_send_buff         0x2000d354    0x64  Data  Gb  usart.o [1]
uart2_send_count        0x2000d498     0x2  Data  Gb  usart.o [1]
uart2_tmr               0x2000d49a     0x2  Data  Gb  usart.o [1]
uart4_commu_state       0x2000d48c     0x1  Data  Gb  usart.o [1]
uart4_send              0x0800d0d9    0x1e  Code  Gb  usart.o [1]
uart4_send_buff         0x2000d2f0    0x64  Data  Gb  usart.o [1]
uart4_send_count        0x2000d490     0x2  Data  Gb  usart.o [1]
uart4_tmr               0x2000d492     0x2  Data  Gb  usart.o [1]
uart5_commu_state       0x2000d48d     0x1  Data  Gb  usart.o [1]
uart5_send_count        0x2000d494     0x2  Data  Gb  usart.o [1]
uart5_tmr               0x2000d496     0x2  Data  Gb  usart.o [1]
udp_bind                0x0800aa51    0x56  Code  Gb  udp.o [1]
udp_client_process      0x0800d053    0x52  Code  Gb  TCPclient.o [1]
udp_connect             0x0800aaa7    0x46  Code  Gb  udp.o [1]
udp_echoclient_connect  0x0800cf3b    0x64  Code  Gb  TCPclient.o [1]
udp_input               0x0800a821   0x14a  Code  Gb  udp.o [1]
udp_new                 0x0800aaf9    0x1a  Code  Gb  udp.o [1]
udp_pcbs                0x2000d4e8     0x4  Data  Gb  udp.o [1]
udp_receive_callback    0x0800cf9f    0x7a  Code  Gb  TCPclient.o [1]
udp_recv                0x0800aaed     0x6  Code  Gb  udp.o [1]
udp_send                0x0800a96b     0x4  Code  Gb  udp.o [1]
udp_send_process        0x0800d019    0x3a  Code  Gb  TCPclient.o [1]
udp_sendto              0x0800a96f    0x2a  Code  Gb  udp.o [1]
udp_sendto_if           0x0800a999    0xb8  Code  Gb  udp.o [1]
update_arp_entry        0x0800ae9b    0x84  Code  Lc  etharp.o [1]
wcs2GndParaData         0x2000d3b8    0x30  Data  Gb  fun.o [1]


[1] = H:\gndd\EXP_GND_CTRL_PROJECT_V2_0_1_T\EXP_GND_CTRL_PROJECT_V2_0_1_T\source_code\Project\EWARMv5\STM3210C-EVAL\Obj
[2] = command line
[3] = dl7M_tlf.a
[4] = m7M_tl.a
[5] = rt7M_tl.a
[6] = shb_l.a

  26 724 bytes of readonly  code memory
     180 bytes of readonly  data memory
  58 614 bytes of readwrite data memory

Errors: none
Warnings: none
